Archive member included to satisfy reference by file (symbol)

c:/GitProject/CH32TidyComponent/CH592Lib/StdPeriphDriver\libISP592.a(ISP583.o)
                              ./StdPeriphDriver/CH59x_flash.o (FLASH_EEPROM_CMD)
c:/GitProject/CH32TidyComponent/CH592Lib/MESH_LIB\libMESH.a(mesh_access.o)
                              ./APP/app_vendor_model_srv.o (bt_mesh_model_msg_init)
c:/GitProject/CH32TidyComponent/CH592Lib/MESH_LIB\libMESH.a(mesh_adapt.o)
                              c:/GitProject/CH32TidyComponent/CH592Lib/MESH_LIB\libMESH.a(mesh_access.o) (k_uptime_get_32)
c:/GitProject/CH32TidyComponent/CH592Lib/MESH_LIB\libMESH.a(mesh_adv.o)
                              c:/GitProject/CH32TidyComponent/CH592Lib/MESH_LIB\libMESH.a(mesh_adapt.o) (adv_conn_set_state)
c:/GitProject/CH32TidyComponent/CH592Lib/MESH_LIB\libMESH.a(mesh_api.o)
                              c:/GitProject/CH32TidyComponent/CH592Lib/MESH_LIB\libMESH.a(mesh_adv.o) (adv_buf_count_get)
c:/GitProject/CH32TidyComponent/CH592Lib/MESH_LIB\libMESH.a(mesh_beacon.o)
                              c:/GitProject/CH32TidyComponent/CH592Lib/MESH_LIB\libMESH.a(mesh_adv.o) (bt_mesh_beacon_recv)
c:/GitProject/CH32TidyComponent/CH592Lib/MESH_LIB\libMESH.a(mesh_buf.o)
                              c:/GitProject/CH32TidyComponent/CH592Lib/MESH_LIB\libMESH.a(mesh_beacon.o) (net_buf_simple_pull_mem)
c:/GitProject/CH32TidyComponent/CH592Lib/MESH_LIB\libMESH.a(mesh_cfg_cli.o)
                              c:/GitProject/CH32TidyComponent/CH592Lib/MESH_LIB\libMESH.a(mesh_access.o) (bt_mesh_cfg_cli_cb)
c:/GitProject/CH32TidyComponent/CH592Lib/MESH_LIB\libMESH.a(mesh_cfg_srv.o)
                              c:/GitProject/CH32TidyComponent/CH592Lib/MESH_LIB\libMESH.a(mesh_api.o) (_set_mesh_configserver_buf)
c:/GitProject/CH32TidyComponent/CH592Lib/MESH_LIB\libMESH.a(mesh_crypto.o)
                              c:/GitProject/CH32TidyComponent/CH592Lib/MESH_LIB\libMESH.a(mesh_beacon.o) (bt_mesh_aes_cmac)
c:/GitProject/CH32TidyComponent/CH592Lib/MESH_LIB\libMESH.a(mesh_friend.o)
                              c:/GitProject/CH32TidyComponent/CH592Lib/MESH_LIB\libMESH.a(mesh_api.o) (_set_mesh_friend_buf)
c:/GitProject/CH32TidyComponent/CH592Lib/MESH_LIB\libMESH.a(mesh_hal_rf.o)
                              c:/GitProject/CH32TidyComponent/CH592Lib/MESH_LIB\libMESH.a(mesh_adapt.o) (hal_rf_set_rx_cb)
c:/GitProject/CH32TidyComponent/CH592Lib/MESH_LIB\libMESH.a(mesh_health_cli.o)
                              c:/GitProject/CH32TidyComponent/CH592Lib/MESH_LIB\libMESH.a(mesh_access.o) (bt_mesh_health_cli_cb)
c:/GitProject/CH32TidyComponent/CH592Lib/MESH_LIB\libMESH.a(mesh_health_srv.o)
                              ./APP/app.o (bt_mesh_health_mod_srv_cb)
c:/GitProject/CH32TidyComponent/CH592Lib/MESH_LIB\libMESH.a(mesh_lpn.o)
                              c:/GitProject/CH32TidyComponent/CH592Lib/MESH_LIB\libMESH.a(mesh_api.o) (bt_mesh_lpn_disable)
c:/GitProject/CH32TidyComponent/CH592Lib/MESH_LIB\libMESH.a(mesh_mem.o)
                              c:/GitProject/CH32TidyComponent/CH592Lib/MESH_LIB\libMESH.a(mesh_cfg_srv.o) (get_msb_set)
c:/GitProject/CH32TidyComponent/CH592Lib/MESH_LIB\libMESH.a(mesh_net.o)
                              c:/GitProject/CH32TidyComponent/CH592Lib/MESH_LIB\libMESH.a(mesh_api.o) (_set_mesh_net_buf)
c:/GitProject/CH32TidyComponent/CH592Lib/MESH_LIB\libMESH.a(mesh_nvs.o)
                              c:/GitProject/CH32TidyComponent/CH592Lib/MESH_LIB\libMESH.a(mesh_api.o) (_set_mesh_settings_buf)
c:/GitProject/CH32TidyComponent/CH592Lib/MESH_LIB\libMESH.a(mesh_prov.o)
                              c:/GitProject/CH32TidyComponent/CH592Lib/MESH_LIB\libMESH.a(mesh_nvs.o) (bt_mesh_node_alloc)
c:/GitProject/CH32TidyComponent/CH592Lib/MESH_LIB\libMESH.a(mesh_proxy.o)
                              c:/GitProject/CH32TidyComponent/CH592Lib/MESH_LIB\libMESH.a(mesh_api.o) (_set_mesh_proxy_buf)
c:/GitProject/CH32TidyComponent/CH592Lib/MESH_LIB\libMESH.a(mesh_transport.o)
                              c:/GitProject/CH32TidyComponent/CH592Lib/MESH_LIB\libMESH.a(mesh_api.o) (_set_mesh_transport_buf)
c:/GitProject/CH32TidyComponent/CH592Lib/MESH_LIB\libMESH.a(mesh_work_process.o)
                              c:/GitProject/CH32TidyComponent/CH592Lib/MESH_LIB\libMESH.a(mesh_net.o) (k_work_init)
c:/GitProject/CH32TidyComponent/CH592Lib/MESH_LIB\libMESH.a(mesh_work_timer.o)
                              c:/GitProject/CH32TidyComponent/CH592Lib/MESH_LIB\libMESH.a(mesh_work_process.o) (z_timeout_remaining)
c:/GitProject/CH32TidyComponent/CH592Lib/MESH_LIB\libMESH.a(uECC.o)
                              c:/GitProject/CH32TidyComponent/CH592Lib/MESH_LIB\libMESH.a(mesh_crypto.o) (uECC_set_rng)
c:/GitProject/CH32TidyComponent/CH592Lib/LIB\libCH59xBLE.a(message.o)
                              ./HAL/MCU.o (tmos_msg_deallocate)
c:/GitProject/CH32TidyComponent/CH592Lib/LIB\libCH59xBLE.a(tmos.o)
[...]
Memory Configuration

Name             Origin             Length             Attributes
FLASH            0x0000000000000000 0x0000000000070000 xr
RAM              0x0000000020000000 0x0000000000006800 xrw
*default*        0x0000000000000000 0xffffffffffffffff

Linker script and memory map

LOAD ./StdPeriphDriver/CH59x_adc.o
LOAD ./StdPeriphDriver/CH59x_clk.o
LOAD ./StdPeriphDriver/CH59x_flash.o
LOAD ./StdPeriphDriver/CH59x_gpio.o
LOAD ./StdPeriphDriver/CH59x_i2c.o
LOAD ./StdPeriphDriver/CH59x_lcd.o
LOAD ./StdPeriphDriver/CH59x_pwm.o
LOAD ./StdPeriphDriver/CH59x_pwr.o
LOAD ./StdPeriphDriver/CH59x_spi0.o
LOAD ./StdPeriphDriver/CH59x_sys.o
LOAD ./StdPeriphDriver/CH59x_timer0.o
LOAD ./StdPeriphDriver/CH59x_timer1.o
LOAD ./StdPeriphDriver/CH59x_timer2.o
LOAD ./StdPeriphDriver/CH59x_timer3.o
LOAD ./StdPeriphDriver/CH59x_uart0.o
LOAD ./StdPeriphDriver/CH59x_uart1.o
LOAD ./StdPeriphDriver/CH59x_uart2.o
LOAD ./StdPeriphDriver/CH59x_uart3.o
LOAD ./StdPeriphDriver/CH59x_usbdev.o
LOAD ./StdPeriphDriver/CH59x_usbhostBase.o
LOAD ./StdPeriphDriver/CH59x_usbhostClass.o
LOAD ./Startup/startup_CH592.o
LOAD ./RVMSIS/core_riscv.o
LOAD ./LIB/ble_task_scheduler.o
LOAD ./HAL/KEY.o
LOAD ./HAL/LED.o
LOAD ./HAL/MCU.o
LOAD ./HAL/RTC.o
LOAD ./HAL/SLEEP.o
LOAD ./APP/app.o
LOAD ./APP/app_main.o
LOAD ./APP/app_mesh_config.o
LOAD ./APP/app_vendor_model_srv.o
LOAD c:/GitProject/CH32TidyComponent/CH592Lib/StdPeriphDriver\libISP592.a
LOAD c:/GitProject/CH32TidyComponent/CH592Lib/MESH_LIB\libMESH.a
LOAD c:/GitProject/CH32TidyComponent/CH592Lib/LIB\libCH59xBLE.a
LOAD c:/mounriver/mounriver_studio2/resources/app/resources/win32/components/wch/toolchain/risc-v embedded gcc/bin/../lib/gcc/riscv-none-embed/8.2.0/rv32imac/ilp32\libgcc.a
LOAD c:/mounriver/mounriver_studio2/resources/app/resources/win32/components/wch/toolchain/risc-v embedded gcc/bin/../lib/gcc/riscv-none-embed/8.2.0/../../../../riscv-none-embed/lib/rv32imac/ilp32\libg_nano.a
LOAD c:/mounriver/mounriver_studio2/resources/app/resources/win32/components/wch/toolchain/risc-v embedded gcc/bin/../lib/gcc/riscv-none-embed/8.2.0/../../../../riscv-none-embed/lib/rv32imac/ilp32\libc_nano.a
LOAD c:/mounriver/mounriver_studio2/resources/app/resources/win32/components/wch/toolchain/risc-v embedded gcc/bin/../lib/gcc/riscv-none-embed/8.2.0/rv32imac/ilp32\libgcc.a
START GROUP
LOAD c:/mounriver/mounriver_studio2/resources/app/resources/win32/components/wch/toolchain/risc-v embedded gcc/bin/../lib/gcc/riscv-none-embed/8.2.0/rv32imac/ilp32\libgcc.a
LOAD c:/mounriver/mounriver_studio2/resources/app/resources/win32/components/wch/toolchain/risc-v embedded gcc/bin/../lib/gcc/riscv-none-embed/8.2.0/../../../../riscv-none-embed/lib/rv32imac/ilp32\libc_nano.a
LOAD c:/mounriver/mounriver_studio2/resources/app/resources/win32/components/wch/toolchain/risc-v embedded gcc/bin/../lib/gcc/riscv-none-embed/8.2.0/../../../../riscv-none-embed/lib/rv32imac/ilp32\libnosys.a
END GROUP
START GROUP
LOAD c:/mounriver/mounriver_studio2/resources/app/resources/win32/components/wch/toolchain/risc-v embedded gcc/bin/../lib/gcc/riscv-none-embed/8.2.0/rv32imac/ilp32\libgcc.a
LOAD c:/mounriver/mounriver_studio2/resources/app/resources/win32/components/wch/toolchain/risc-v embedded gcc/bin/../lib/gcc/riscv-none-embed/8.2.0/../../../../riscv-none-embed/lib/rv32imac/ilp32\libc_nano.a
LOAD c:/mounriver/mounriver_studio2/resources/app/resources/win32/components/wch/toolchain/risc-v embedded gcc/bin/../lib/gcc/riscv-none-embed/8.2.0/../../../../riscv-none-embed/lib/rv32imac/ilp32\libnosys.a
END GROUP
                0x0000000000000200                __stack_size = 0x200
                [!provide]                        PROVIDE (_stack_size = __stack_size)

.init           0x0000000000000000        0x4
                0x0000000000000000                _sinit = .
                0x0000000000000000                . = ALIGN (0x4)
 *(SORT_NONE(.init))
 .init          0x0000000000000000        0x4 ./Startup/startup_CH592.o
                0x0000000000000000                _start
                0x0000000000000004                . = ALIGN (0x4)
                0x0000000000000004                _einit = .

.highcodelalign
                0x0000000000000004        0x0
                0x0000000000000004                . = ALIGN (0x4)
                0x0000000000000004                PROVIDE (_highcode_lma = .)

.highcode       0x0000000020000000     0x1918 load address 0x0000000000000004
                0x0000000020000000                . = ALIGN (0x4)
                0x0000000020000000                PROVIDE (_highcode_vma_start = .)
 *(.vector)
 .vector        0x0000000020000000       0x90 ./Startup/startup_CH592.o
 *(SORT_NONE(.vector_handler))
 .vector_handler
                0x0000000020000090        0x2 ./Startup/startup_CH592.o
                0x0000000020000090                GPIOB_IRQHandler
                0x0000000020000090                GPIOA_IRQHandler
                0x0000000020000090                SysTick_Handler
                0x0000000020000090                NMI_Handler
                0x0000000020000090                UART1_IRQHandler
                0x0000000020000090                UART0_IRQHandler
                0x0000000020000090                BB_IRQHandler
                0x0000000020000090                Break_Point_Handler
                0x0000000020000090                TMR0_IRQHandler
                0x0000000020000090                UART2_IRQHandler
                0x0000000020000090                PWMX_IRQHandler
                0x0000000020000090                ADC_IRQHandler
                0x0000000020000090                TMR2_IRQHandler
                0x0000000020000090                USB_IRQHandler
                0x0000000020000090                I2C_IRQHandler
                0x0000000020000090                WDOG_BAT_IRQHandler
                0x0000000020000090                TMR3_IRQHandler
                0x0000000020000090                SW_Handler
                0x0000000020000090                SPI0_IRQHandler
                0x0000000020000090                UART3_IRQHandler
                0x0000000020000090                TMR1_IRQHandler
 *(.highcode)
 .highcode      0x0000000020000092      0x2b0 ./StdPeriphDriver/CH59x_sys.o
                0x0000000020000092                SetSysClock
                0x0000000020000234                SYS_ResetExecute
                0x000000002000028c                HardFault_Handler
                0x000000002000030c                mDelayuS
                0x000000002000031a                mDelaymS
 *fill*         0x0000000020000342        0x2 
 .highcode      0x0000000020000344       0x4e ./LIB/ble_task_scheduler.o
                0x0000000020000344                Ecall_U_Mode_Handler
                0x0000000020000344                Ecall_M_Mode_Handler
 .highcode      0x0000000020000392       0x2e ./HAL/RTC.o
                0x00000000200003aa                RTC_IRQHandler
 .highcode      0x00000000200003c0        0xa ./APP/app_main.o
                0x00000000200003c0                Main_Circulation
 .highcode      0x00000000200003ca      0x426 c:/GitProject/CH32TidyComponent/CH592Lib/StdPeriphDriver\libISP592.a(ISP583.o)
                0x00000000200003ca                FLASH_ROM_BEG
                0x00000000200003dc                FLASH_ROM_END
                0x00000000200003ea                FLASH_ROM_IN
                0x00000000200003f8                FLASH_ROM_OUT
                0x0000000020000406                FLASH_ROM_ADDR
                0x000000002000044e                FLASH_ROM_WAIT
                0x0000000020000486                FLASH_EEPROM_CMD
 .highcode      0x00000000200007f0       0x2e c:/GitProject/CH32TidyComponent/CH592Lib/MESH_LIB\libMESH.a(mesh_hal_rf.o)
                0x00000000200007f0                RF_Wait_Tx_End
 .highcode      0x000000002000081e      0x31c c:/GitProject/CH32TidyComponent/CH592Lib/MESH_LIB\libMESH.a(uECC.o)
                0x00000000200008b0                uECC_vli_clear
                0x00000000200008cc                uECC_vli_isZero
                0x00000000200008ee                uECC_vli_testBit
                0x0000000020000902                uECC_vli_numBits
                0x000000002000093a                uECC_vli_set
                0x000000002000095a                uECC_vli_equal
                0x0000000020000988                uECC_vli_rshift1
                0x00000000200009a8                uECC_vli_add
                0x00000000200009e2                uECC_vli_sub
                0x0000000020000a22                uECC_vli_cmp
                0x0000000020000a56                uECC_vli_mult
 *(.highcode.*)
 *fill*         0x0000000020000b3a        0x2 
 .highcode.LLE_IRQHandler
                0x0000000020000b3c       0x86 ./LIB/ble_task_scheduler.o
                0x0000000020000b3c                LLE_IRQHandler
 .highcode.tmos_memcpy
                0x0000000020000bc2       0x3e c:/GitProject/CH32TidyComponent/CH592Lib/LIB\libCH59xBLE.a(tmos.o)
                0x0000000020000bc2                tmos_memcpy
 .highcode.tmos_memset
                0x0000000020000c00       0x32 c:/GitProject/CH32TidyComponent/CH592Lib/LIB\libCH59xBLE.a(tmos.o)
                0x0000000020000c00                tmos_memset
 .highcode.tmos_memcmp
                0x0000000020000c32       0x4e c:/GitProject/CH32TidyComponent/CH592Lib/LIB\libCH59xBLE.a(tmos.o)
                0x0000000020000c32                tmos_memcmp
 .highcode.tmos_revmemcpy
                0x0000000020000c80       0x38 c:/GitProject/CH32TidyComponent/CH592Lib/LIB\libCH59xBLE.a(tmos.o)
                0x0000000020000c80                tmos_revmemcpy
 .highcode.tmos_isbufset
                0x0000000020000cb8       0x42 c:/GitProject/CH32TidyComponent/CH592Lib/LIB\libCH59xBLE.a(tmos.o)
                0x0000000020000cb8                tmos_isbufset
 .highcode.tmos_proces_system_time
                0x0000000020000cfa      0x144 c:/GitProject/CH32TidyComponent/CH592Lib/LIB\libCH59xBLE.a(tmos.o)
 .highcode.ble_controller_func
                0x0000000020000e3e       0x40 c:/GitProject/CH32TidyComponent/CH592Lib/LIB\libCH59xBLE.a(tmos.o)
                0x0000000020000e3e                ble_controller_func
 .highcode.TMOS_SystemProcess
                0x0000000020000e7e      0x206 c:/GitProject/CH32TidyComponent/CH592Lib/LIB\libCH59xBLE.a(tmos.o)
                0x0000000020000e7e                TMOS_SystemProcess
 .highcode.clockGetHSEValue
                0x0000000020001084       0x36 c:/GitProject/CH32TidyComponent/CH592Lib/LIB\libCH59xBLE.a(tmos_hw.o)
 *fill*         0x00000000200010ba        0x2 
 .highcode.ble_controller_scheduler
                0x00000000200010bc        0xa c:/GitProject/CH32TidyComponent/CH592Lib/LIB\libCH59xBLE.a(ble_task_process.o)
 *fill*         0x00000000200010c6        0x2 
 .highcode.LLE_IRQLibHandler
                0x00000000200010c8       0x3a c:/GitProject/CH32TidyComponent/CH592Lib/LIB\libCH59xBLE.a(ble_task_process.o)
                0x00000000200010c8                LLE_IRQLibHandler
 .highcode.BB_IRQLibHandler
                0x0000000020001102      0x106 c:/GitProject/CH32TidyComponent/CH592Lib/LIB\libCH59xBLE.a(bb.o)
                0x0000000020001102                BB_IRQLibHandler
 .highcode.BB_IRQLibFunction
                0x0000000020001208        0x6 c:/GitProject/CH32TidyComponent/CH592Lib/LIB\libCH59xBLE.a(bb.o)
                0x0000000020001208                BB_IRQLibFunction
 .highcode.lleIrqHandler
                0x000000002000120e      0x16e c:/GitProject/CH32TidyComponent/CH592Lib/LIB\libCH59xBLE.a(ip.o)
 .highcode.ll_rx_wait_finish
                0x000000002000137c       0x3e c:/GitProject/CH32TidyComponent/CH592Lib/LIB\libCH59xBLE.a(ip.o)
                0x000000002000137c                ll_rx_wait_finish
 .highcode.ble_ll_chkcrc
                0x00000000200013ba       0x92 c:/GitProject/CH32TidyComponent/CH592Lib/LIB\libCH59xBLE.a(ip.o)
                0x00000000200013ba                ble_ll_chkcrc
 .highcode.ll_tx_wait_finish
                0x000000002000144c      0x15c c:/GitProject/CH32TidyComponent/CH592Lib/LIB\libCH59xBLE.a(ip.o)
                0x000000002000144c                ll_tx_wait_finish
 .highcode.LLE_IRQSubHandler
                0x00000000200015a8       0x24 c:/GitProject/CH32TidyComponent/CH592Lib/LIB\libCH59xBLE.a(lle.o)
                0x00000000200015a8                LLE_IRQSubHandler
 .highcode.RF_HopGetChannel
                0x00000000200015cc       0x6e c:/GitProject/CH32TidyComponent/CH592Lib/LIB\libCH59xBLE.a(rf_fh.o)
                0x00000000200015cc                RF_HopGetChannel
 .highcode.RF_FrequencyHoppingGet
                0x000000002000163a       0xa8 c:/GitProject/CH32TidyComponent/CH592Lib/LIB\libCH59xBLE.a(rf_fh.o)
                0x000000002000163a                RF_FrequencyHoppingGet
 .highcode.RFEND_WaitTune
                0x00000000200016e2       0x3a c:/GitProject/CH32TidyComponent/CH592Lib/LIB\libCH59xBLE.a(rfend.o)
                0x00000000200016e2                RFEND_WaitTune
 .highcode.tmos_memory_allocate
                0x000000002000171c       0xf2 c:/GitProject/CH32TidyComponent/CH592Lib/LIB\libCH59xBLE.a(memory.o)
                0x000000002000171c                tmos_memory_allocate
 .highcode.tmos_memory_free
                0x000000002000180e      0x108 c:/GitProject/CH32TidyComponent/CH592Lib/LIB\libCH59xBLE.a(memory.o)
                0x000000002000180e                tmos_memory_free
                0x0000000020001918                . = ALIGN (0x4)
 *fill*         0x0000000020001916        0x2 
                0x0000000020001918                PROVIDE (_highcode_vma_end = .)

.text           0x000000000000191c    0x1b7f8
                0x000000000000191c                . = ALIGN (0x4)
 *(SORT_NONE(.handle_reset))
 .handle_reset  0x000000000000191c       0xae ./Startup/startup_CH592.o
                0x000000000000191c                handle_reset
 *(.text)
 .text          0x00000000000019ca       0x60 c:/mounriver/mounriver_studio2/resources/app/resources/win32/components/wch/toolchain/risc-v embedded gcc/bin/../lib/gcc/riscv-none-embed/8.2.0/rv32imac/ilp32\libgcc.a(save-restore.o)
                0x00000000000019ca                __riscv_save_12
                0x00000000000019d2                __riscv_save_9
                0x00000000000019d2                __riscv_save_11
                0x00000000000019d2                __riscv_save_10
                0x00000000000019d2                __riscv_save_8
                0x00000000000019e0                __riscv_save_4
                0x00000000000019e0                __riscv_save_6
                0x00000000000019e0                __riscv_save_5
                0x00000000000019e0                __riscv_save_7
                0x00000000000019fa                __riscv_save_3
                0x00000000000019fa                __riscv_save_2
                0x00000000000019fa                __riscv_save_1
                0x00000000000019fa                __riscv_save_0
                0x0000000000001a06                __riscv_restore_12
                0x0000000000001a0a                __riscv_restore_11
                0x0000000000001a0a                __riscv_restore_9
                0x0000000000001a0a                __riscv_restore_10
                0x0000000000001a0a                __riscv_restore_8
                0x0000000000001a14                __riscv_restore_5
                0x0000000000001a14                __riscv_restore_7
                0x0000000000001a14                __riscv_restore_6
                0x0000000000001a14                __riscv_restore_4
                0x0000000000001a1e                __riscv_restore_3
                0x0000000000001a1e                __riscv_restore_0
                0x0000000000001a1e                __riscv_restore_2
                0x0000000000001a1e                __riscv_restore_1
 .text          0x0000000000001a2a       0xa8 c:/mounriver/mounriver_studio2/resources/app/resources/win32/components/wch/toolchain/risc-v embedded gcc/bin/../lib/gcc/riscv-none-embed/8.2.0/../../../../riscv-none-embed/lib/rv32imac/ilp32\libg_nano.a(lib_a-memset.o)
                0x0000000000001a2a                memset
 .text          0x0000000000001ad2      0x11e c:/mounriver/mounriver_studio2/resources/app/resources/win32/components/wch/toolchain/risc-v embedded gcc/bin/../lib/gcc/riscv-none-embed/8.2.0/../../../../riscv-none-embed/lib/rv32imac/ilp32\libg_nano.a(lib_a-strcmp.o)
                0x0000000000001ad2                strcmp
 *(.text.*)
 .text.ADC_InterTSSampInit
                0x0000000000001bf0       0x34 ./StdPeriphDriver/CH59x_adc.o
                0x0000000000001bf0                ADC_InterTSSampInit
 .text.LSECFG_Current
                0x0000000000001c24       0x4e ./StdPeriphDriver/CH59x_clk.o
                0x0000000000001c24                LSECFG_Current
 .text.RTC_InitTime
                0x0000000000001c72      0x1d0 ./StdPeriphDriver/CH59x_clk.o
                0x0000000000001c72                RTC_InitTime
 .text.RTC_GetCycle32k
                0x0000000000001e42       0x18 ./StdPeriphDriver/CH59x_clk.o
                0x0000000000001e42                RTC_GetCycle32k
 .text.Calibration_LSI
                0x0000000000001e5a      0x882 ./StdPeriphDriver/CH59x_clk.o
                0x0000000000001e5a                Calibration_LSI
 .text.GPIOA_ModeCfg
                0x00000000000026dc       0xa6 ./StdPeriphDriver/CH59x_gpio.o
                0x00000000000026dc                GPIOA_ModeCfg
 .text.GetSysClock
                0x0000000000002782       0x40 ./StdPeriphDriver/CH59x_sys.o
                0x0000000000002782                GetSysClock
 .text.SYS_DisableAllIrq
                0x00000000000027c2       0x1c ./StdPeriphDriver/CH59x_sys.o
                0x00000000000027c2                SYS_DisableAllIrq
 .text.SYS_RecoverIrq
                0x00000000000027de       0x14 ./StdPeriphDriver/CH59x_sys.o
                0x00000000000027de                SYS_RecoverIrq
 .text.SYS_GetSysTickCnt
                0x00000000000027f2        0xa ./StdPeriphDriver/CH59x_sys.o
                0x00000000000027f2                SYS_GetSysTickCnt
 .text._write   0x00000000000027fc       0x28 ./StdPeriphDriver/CH59x_sys.o
                0x00000000000027fc                _write
 .text.UART1_BaudRateCfg
                0x0000000000002824       0x30 ./StdPeriphDriver/CH59x_uart1.o
                0x0000000000002824                UART1_BaudRateCfg
 .text.UART1_DefInit
                0x0000000000002854       0x32 ./StdPeriphDriver/CH59x_uart1.o
                0x0000000000002854                UART1_DefInit
 .text.HAL_KeyInit
                0x0000000000002886       0x42 ./HAL/KEY.o
                0x0000000000002886                HAL_KeyInit
 .text.HalKeyConfig
                0x00000000000028c8       0x12 ./HAL/KEY.o
                0x00000000000028c8                HalKeyConfig
 .text.HAL_KeyPoll
                0x00000000000028da       0x3a ./HAL/KEY.o
                0x00000000000028da                HAL_KeyPoll
 .text.Lib_Calibration_LSI
                0x0000000000002914        0x6 ./HAL/MCU.o
                0x0000000000002914                Lib_Calibration_LSI
 .text.Lib_Read_Flash
                0x000000000000291a       0x1c ./HAL/MCU.o
                0x000000000000291a                Lib_Read_Flash
 .text.HAL_GetInterTempValue
                0x0000000000002936       0x72 ./HAL/MCU.o
                0x0000000000002936                HAL_GetInterTempValue
 .text.HAL_ProcessEvent
                0x00000000000029a8       0x9a ./HAL/MCU.o
                0x00000000000029a8                HAL_ProcessEvent
 .text.Lib_Write_Flash_592A
                0x0000000000002a42       0x84 ./HAL/MCU.o
                0x0000000000002a42                Lib_Write_Flash_592A
 .text.Lib_Write_Flash
                0x0000000000002ac6       0x52 ./HAL/MCU.o
                0x0000000000002ac6                Lib_Write_Flash
 .text.CH59x_BLEInit
                0x0000000000002b18      0x138 ./HAL/MCU.o
                0x0000000000002b18                CH59x_BLEInit
 .text.HAL_Init
                0x0000000000002c50       0x32 ./HAL/MCU.o
                0x0000000000002c50                HAL_Init
 .text.HAL_TimeInit
                0x0000000000002c82       0xca ./HAL/RTC.o
                0x0000000000002c82                HAL_TimeInit
 .text.app_prov_attn_on
                0x0000000000002d4c       0x34 ./APP/app.o
                0x0000000000002d4c                app_prov_attn_on
 .text.app_prov_attn_off
                0x0000000000002d80       0x34 ./APP/app.o
                0x0000000000002d80                app_prov_attn_off
 .text.link_open
                0x0000000000002db4       0x28 ./APP/app.o
 .text.vendor_model_srv_send
                0x0000000000002ddc       0x60 ./APP/app.o
 .text.vendor_model_srv_rsp_handler
                0x0000000000002e3c      0x288 ./APP/app.o
 .text.keyPress
                0x00000000000030c4       0x84 ./APP/app.o
                0x00000000000030c4                keyPress
 .text.cfg_srv_rsp_handler
                0x0000000000003148      0x102 ./APP/app.o
 .text.prov_enable
                0x000000000000324a       0x1c ./APP/app.o
 .text.prov_reset
                0x0000000000003266       0x2a ./APP/app.o
 .text.link_close
                0x0000000000003290       0x66 ./APP/app.o
 .text.prov_complete
                0x00000000000032f6       0x74 ./APP/app.o
 .text.App_ProcessEvent
                0x000000000000336a       0xaa ./APP/app.o
 .text.blemesh_on_sync
                0x0000000000003414      0x1a8 ./APP/app.o
                0x0000000000003414                blemesh_on_sync
 .text.App_Init
                0x00000000000035bc       0x4c ./APP/app.o
                0x00000000000035bc                App_Init
 .text.bt_mesh_lib_init
                0x0000000000003608       0x48 ./APP/app_main.o
                0x0000000000003608                bt_mesh_lib_init
 .text.startup.main
                0x0000000000003650       0x84 ./APP/app_main.o
                0x0000000000003650                main
 .text.flash_write_protection
                0x00000000000036d4        0x4 ./APP/app_mesh_config.o
                0x00000000000036d4                flash_write_protection
 .text.read_flash
                0x00000000000036d8       0x1c ./APP/app_mesh_config.o
                0x00000000000036d8                read_flash
 .text.erase_flash
                0x00000000000036f4       0x10 ./APP/app_mesh_config.o
                0x00000000000036f4                erase_flash
 .text.write_flash
                0x0000000000003704       0x34 ./APP/app_mesh_config.o
                0x0000000000003704                write_flash
 .text.vendor_message_srv_trans
                0x0000000000003738       0x5c ./APP/app_vendor_model_srv.o
 .text.vendor_message_srv_confirm
                0x0000000000003794       0xc4 ./APP/app_vendor_model_srv.o
 .text.vendor_message_srv_write
                0x0000000000003858       0x6e ./APP/app_vendor_model_srv.o
 .text.adv_srv_trans_send
                0x00000000000038c6      0x148 ./APP/app_vendor_model_srv.o
 .text.ind_end  0x0000000000003a0e       0x14 ./APP/app_vendor_model_srv.o
 .text.ind_start
                0x0000000000003a22       0x54 ./APP/app_vendor_model_srv.o
 .text.ind_reset.constprop.5
                0x0000000000003a76       0x30 ./APP/app_vendor_model_srv.o
 .text.vendor_srv_tid_get
                0x0000000000003aa6       0x26 ./APP/app_vendor_model_srv.o
                0x0000000000003aa6                vendor_srv_tid_get
 .text.vendor_message_srv_send_trans
                0x0000000000003acc       0xea ./APP/app_vendor_model_srv.o
                0x0000000000003acc                vendor_message_srv_send_trans
 .text.vendor_message_srv_trans_reset
                0x0000000000003bb6       0x2c ./APP/app_vendor_model_srv.o
                0x0000000000003bb6                vendor_message_srv_trans_reset
 .text.vendor_model_srv_rsp_recv
                0x0000000000003be2       0x9c ./APP/app_vendor_model_srv.o
 .text.vendor_message_srv_ack
                0x0000000000003c7e       0x6c ./APP/app_vendor_model_srv.o
 .text.vendor_model_srv_ProcessEvent
                0x0000000000003cea      0x176 ./APP/app_vendor_model_srv.o
 .text.vendor_model_srv_init
                0x0000000000003e60       0x24 ./APP/app_vendor_model_srv.o
                0x0000000000003e60                vendor_model_srv_init
 .text.mod_init
                0x0000000000003e84      0x104 c:/GitProject/CH32TidyComponent/CH592Lib/MESH_LIB\libMESH.a(mesh_access.o)
 .text.publish_start
                0x0000000000003f88       0x22 c:/GitProject/CH32TidyComponent/CH592Lib/MESH_LIB\libMESH.a(mesh_access.o)
 .text.model_has_key.isra.0
                0x0000000000003faa       0x50 c:/GitProject/CH32TidyComponent/CH592Lib/MESH_LIB\libMESH.a(mesh_access.o)
 .text.model_send
                0x0000000000003ffa       0xba c:/GitProject/CH32TidyComponent/CH592Lib/MESH_LIB\libMESH.a(mesh_access.o)
 .text.bt_mesh_comp_provision
                0x00000000000040b4       0x34 c:/GitProject/CH32TidyComponent/CH592Lib/MESH_LIB\libMESH.a(mesh_access.o)
                0x00000000000040b4                bt_mesh_comp_provision
 .text.bt_mesh_elem_count
                0x00000000000040e8       0x10 c:/GitProject/CH32TidyComponent/CH592Lib/MESH_LIB\libMESH.a(mesh_access.o)
                0x00000000000040e8                bt_mesh_elem_count
 .text.bt_mesh_primary_addr
                0x00000000000040f8        0xa c:/GitProject/CH32TidyComponent/CH592Lib/MESH_LIB\libMESH.a(mesh_access.o)
                0x00000000000040f8                bt_mesh_primary_addr
 .text.bt_mesh_fixed_group_match
                0x0000000000004102       0x44 c:/GitProject/CH32TidyComponent/CH592Lib/MESH_LIB\libMESH.a(mesh_access.o)
                0x0000000000004102                bt_mesh_fixed_group_match
 .text.bt_mesh_model_find_group
                0x0000000000004146       0x32 c:/GitProject/CH32TidyComponent/CH592Lib/MESH_LIB\libMESH.a(mesh_access.o)
                0x0000000000004146                bt_mesh_model_find_group
 .text.bt_mesh_model_find_vnd
                0x0000000000004178       0x30 c:/GitProject/CH32TidyComponent/CH592Lib/MESH_LIB\libMESH.a(mesh_access.o)
                0x0000000000004178                bt_mesh_model_find_vnd
 .text.bt_mesh_model_find
                0x00000000000041a8       0x28 c:/GitProject/CH32TidyComponent/CH592Lib/MESH_LIB\libMESH.a(mesh_access.o)
                0x00000000000041a8                bt_mesh_model_find
 .text.bt_mesh_elem_find
                0x00000000000041d0       0x9e c:/GitProject/CH32TidyComponent/CH592Lib/MESH_LIB\libMESH.a(mesh_access.o)
                0x00000000000041d0                bt_mesh_elem_find
 .text.bt_mesh_model_msg_init
                0x000000000000426e       0x5a c:/GitProject/CH32TidyComponent/CH592Lib/MESH_LIB\libMESH.a(mesh_access.o)
                0x000000000000426e                bt_mesh_model_msg_init
 .text.bt_mesh_comp_get
                0x00000000000042c8        0xc c:/GitProject/CH32TidyComponent/CH592Lib/MESH_LIB\libMESH.a(mesh_access.o)
                0x00000000000042c8                bt_mesh_comp_get
 .text.bt_mesh_comp_register
                0x00000000000042d4       0x14 c:/GitProject/CH32TidyComponent/CH592Lib/MESH_LIB\libMESH.a(mesh_access.o)
                0x00000000000042d4                bt_mesh_comp_register
 .text.bt_mesh_model_elem
                0x00000000000042e8       0x16 c:/GitProject/CH32TidyComponent/CH592Lib/MESH_LIB\libMESH.a(mesh_access.o)
                0x00000000000042e8                bt_mesh_model_elem
 .text.publish_retransmit
                0x00000000000042fe       0xba c:/GitProject/CH32TidyComponent/CH592Lib/MESH_LIB\libMESH.a(mesh_access.o)
 .text.bt_mesh_model_pub_period_get
                0x00000000000043b8       0x62 c:/GitProject/CH32TidyComponent/CH592Lib/MESH_LIB\libMESH.a(mesh_access.o)
                0x00000000000043b8                bt_mesh_model_pub_period_get
 .text.publish_sent
                0x000000000000441a       0x58 c:/GitProject/CH32TidyComponent/CH592Lib/MESH_LIB\libMESH.a(mesh_access.o)
 .text.bt_mesh_model_send
                0x0000000000004472       0x52 c:/GitProject/CH32TidyComponent/CH592Lib/MESH_LIB\libMESH.a(mesh_access.o)
                0x0000000000004472                bt_mesh_model_send
 .text.bt_mesh_model_publish
                0x00000000000044c4      0x10c c:/GitProject/CH32TidyComponent/CH592Lib/MESH_LIB\libMESH.a(mesh_access.o)
                0x00000000000044c4                bt_mesh_model_publish
 .text.mod_publish
                0x00000000000045d0       0x62 c:/GitProject/CH32TidyComponent/CH592Lib/MESH_LIB\libMESH.a(mesh_access.o)
 .text.bt_mesh_model_recv
                0x0000000000004632      0x18e c:/GitProject/CH32TidyComponent/CH592Lib/MESH_LIB\libMESH.a(mesh_access.o)
                0x0000000000004632                bt_mesh_model_recv
 .text.bt_mesh_model_get
                0x00000000000047c0       0x44 c:/GitProject/CH32TidyComponent/CH592Lib/MESH_LIB\libMESH.a(mesh_access.o)
                0x00000000000047c0                bt_mesh_model_get
 .text.bt_mesh_model_foreach
                0x0000000000004804       0x74 c:/GitProject/CH32TidyComponent/CH592Lib/MESH_LIB\libMESH.a(mesh_access.o)
                0x0000000000004804                bt_mesh_model_foreach
 .text.bt_mesh_comp_unprovision
                0x0000000000004878       0x1c c:/GitProject/CH32TidyComponent/CH592Lib/MESH_LIB\libMESH.a(mesh_access.o)
                0x0000000000004878                bt_mesh_comp_unprovision
 .text.bt_mesh_mod_init
                0x0000000000004894       0x22 c:/GitProject/CH32TidyComponent/CH592Lib/MESH_LIB\libMESH.a(mesh_access.o)
                0x0000000000004894                bt_mesh_mod_init
 .text.bt_notify
                0x00000000000048b6       0x62 c:/GitProject/CH32TidyComponent/CH592Lib/MESH_LIB\libMESH.a(mesh_adapt.o)
 .text.bt_mesh_conn_unref
                0x0000000000004918        0x8 c:/GitProject/CH32TidyComponent/CH592Lib/MESH_LIB\libMESH.a(mesh_adapt.o)
                0x0000000000004918                bt_mesh_conn_unref
 .text.k_uptime_get
                0x0000000000004920       0x16 c:/GitProject/CH32TidyComponent/CH592Lib/MESH_LIB\libMESH.a(mesh_adapt.o)
                0x0000000000004920                k_uptime_get
 .text.k_uptime_get_32
                0x0000000000004936       0x14 c:/GitProject/CH32TidyComponent/CH592Lib/MESH_LIB\libMESH.a(mesh_adapt.o)
                0x0000000000004936                k_uptime_get_32
 .text.bt_mesh_gatt_get_mtu
                0x000000000000494a       0x10 c:/GitProject/CH32TidyComponent/CH592Lib/MESH_LIB\libMESH.a(mesh_adapt.o)
                0x000000000000494a                bt_mesh_gatt_get_mtu
 .text.bt_mesh_prov_notify
                0x000000000000495a       0x22 c:/GitProject/CH32TidyComponent/CH592Lib/MESH_LIB\libMESH.a(mesh_adapt.o)
                0x000000000000495a                bt_mesh_prov_notify
 .text.bt_mesh_gatts_disconnect
                0x000000000000497c        0xc c:/GitProject/CH32TidyComponent/CH592Lib/MESH_LIB\libMESH.a(mesh_adapt.o)
                0x000000000000497c                bt_mesh_gatts_disconnect
 .text.bt_mesh_prov_servive_cccd_close
                0x0000000000004988       0x16 c:/GitProject/CH32TidyComponent/CH592Lib/MESH_LIB\libMESH.a(mesh_adapt.o)
                0x0000000000004988                bt_mesh_prov_servive_cccd_close
 .text.bt_mesh_prov_service_stop
                0x000000000000499e       0x16 c:/GitProject/CH32TidyComponent/CH592Lib/MESH_LIB\libMESH.a(mesh_adapt.o)
                0x000000000000499e                bt_mesh_prov_service_stop
 .text.bt_mesh_proxy_service_cccd_close
                0x00000000000049b4       0x16 c:/GitProject/CH32TidyComponent/CH592Lib/MESH_LIB\libMESH.a(mesh_adapt.o)
                0x00000000000049b4                bt_mesh_proxy_service_cccd_close
 .text.bt_mesh_gatts_service_stop
                0x00000000000049ca       0x16 c:/GitProject/CH32TidyComponent/CH592Lib/MESH_LIB\libMESH.a(mesh_adapt.o)
                0x00000000000049ca                bt_mesh_gatts_service_stop
 .text.bt_le_scan_start
                0x00000000000049e0       0x12 c:/GitProject/CH32TidyComponent/CH592Lib/MESH_LIB\libMESH.a(mesh_adapt.o)
                0x00000000000049e0                bt_le_scan_start
 .text.bt_le_scan_stop
                0x00000000000049f2        0xc c:/GitProject/CH32TidyComponent/CH592Lib/MESH_LIB\libMESH.a(mesh_adapt.o)
                0x00000000000049f2                bt_le_scan_stop
 .text.adv_buf_destroy
                0x00000000000049fe       0x1e c:/GitProject/CH32TidyComponent/CH592Lib/MESH_LIB\libMESH.a(mesh_adv.o)
 .text.adv_alloc
                0x0000000000004a1c       0x14 c:/GitProject/CH32TidyComponent/CH592Lib/MESH_LIB\libMESH.a(mesh_adv.o)
 .text.bt_mesh_scan_cb
                0x0000000000004a30       0x72 c:/GitProject/CH32TidyComponent/CH592Lib/MESH_LIB\libMESH.a(mesh_adv.o)
 .text.adv_first_get
                0x0000000000004aa2       0x2c c:/GitProject/CH32TidyComponent/CH592Lib/MESH_LIB\libMESH.a(mesh_adv.o)
 .text._set_mesh_bear_adv_buf
                0x0000000000004ace       0x70 c:/GitProject/CH32TidyComponent/CH592Lib/MESH_LIB\libMESH.a(mesh_adv.o)
                0x0000000000004ace                _set_mesh_bear_adv_buf
 .text.bt_mesh_buf_get_from_pool
                0x0000000000004b3e       0x16 c:/GitProject/CH32TidyComponent/CH592Lib/MESH_LIB\libMESH.a(mesh_adv.o)
                0x0000000000004b3e                bt_mesh_buf_get_from_pool
 .text.adv_buf_deinit.isra.3
                0x0000000000004b54       0x30 c:/GitProject/CH32TidyComponent/CH592Lib/MESH_LIB\libMESH.a(mesh_adv.o)
 .text.k_adv_handler
                0x0000000000004b84       0xe4 c:/GitProject/CH32TidyComponent/CH592Lib/MESH_LIB\libMESH.a(mesh_adv.o)
 .text.bt_mesh_adv_create_from_pool
                0x0000000000004c68       0x32 c:/GitProject/CH32TidyComponent/CH592Lib/MESH_LIB\libMESH.a(mesh_adv.o)
                0x0000000000004c68                bt_mesh_adv_create_from_pool
 .text.bt_mesh_adv_create
                0x0000000000004c9a       0x8c c:/GitProject/CH32TidyComponent/CH592Lib/MESH_LIB\libMESH.a(mesh_adv.o)
                0x0000000000004c9a                bt_mesh_adv_create
 .text.bt_mesh_adv_send
                0x0000000000004d26       0xb4 c:/GitProject/CH32TidyComponent/CH592Lib/MESH_LIB\libMESH.a(mesh_adv.o)
                0x0000000000004d26                bt_mesh_adv_send
 .text.bt_mesh_scan_enable
                0x0000000000004dda       0x18 c:/GitProject/CH32TidyComponent/CH592Lib/MESH_LIB\libMESH.a(mesh_adv.o)
                0x0000000000004dda                bt_mesh_scan_enable
 .text.bt_mesh_scan_disable
                0x0000000000004df2        0xc c:/GitProject/CH32TidyComponent/CH592Lib/MESH_LIB\libMESH.a(mesh_adv.o)
                0x0000000000004df2                bt_mesh_scan_disable
 .text.check_adv_need_deinit
                0x0000000000004dfe       0x4e c:/GitProject/CH32TidyComponent/CH592Lib/MESH_LIB\libMESH.a(mesh_adv.o)
                0x0000000000004dfe                check_adv_need_deinit
 .text.bt_mesh_adv_init
                0x0000000000004e4c       0x2c c:/GitProject/CH32TidyComponent/CH592Lib/MESH_LIB\libMESH.a(mesh_adv.o)
                0x0000000000004e4c                bt_mesh_adv_init
 .text.model_start
                0x0000000000004e78       0x18 c:/GitProject/CH32TidyComponent/CH592Lib/MESH_LIB\libMESH.a(mesh_api.o)
 .text.adv_buf_count_get
                0x0000000000004e90       0x10 c:/GitProject/CH32TidyComponent/CH592Lib/MESH_LIB\libMESH.a(mesh_api.o)
                0x0000000000004e90                adv_buf_count_get
 .text.rpl_count_get
                0x0000000000004ea0       0x10 c:/GitProject/CH32TidyComponent/CH592Lib/MESH_LIB\libMESH.a(mesh_api.o)
                0x0000000000004ea0                rpl_count_get
 .text.allow_rpl_cycle_get
                0x0000000000004eb0       0x10 c:/GitProject/CH32TidyComponent/CH592Lib/MESH_LIB\libMESH.a(mesh_api.o)
                0x0000000000004eb0                allow_rpl_cycle_get
 .text.allow_same_addr_get
                0x0000000000004ec0       0x10 c:/GitProject/CH32TidyComponent/CH592Lib/MESH_LIB\libMESH.a(mesh_api.o)
                0x0000000000004ec0                allow_same_addr_get
 .text.ivu_divider_get
                0x0000000000004ed0       0x10 c:/GitProject/CH32TidyComponent/CH592Lib/MESH_LIB\libMESH.a(mesh_api.o)
                0x0000000000004ed0                ivu_divider_get
 .text.mod_key_count_get
                0x0000000000004ee0       0x10 c:/GitProject/CH32TidyComponent/CH592Lib/MESH_LIB\libMESH.a(mesh_api.o)
                0x0000000000004ee0                mod_key_count_get
 .text.mod_group_count_get
                0x0000000000004ef0       0x10 c:/GitProject/CH32TidyComponent/CH592Lib/MESH_LIB\libMESH.a(mesh_api.o)
                0x0000000000004ef0                mod_group_count_get
 .text.pxyfilter_count_get
                0x0000000000004f00       0x10 c:/GitProject/CH32TidyComponent/CH592Lib/MESH_LIB\libMESH.a(mesh_api.o)
                0x0000000000004f00                pxyfilter_count_get
 .text.msgcache_count_get
                0x0000000000004f10       0x10 c:/GitProject/CH32TidyComponent/CH592Lib/MESH_LIB\libMESH.a(mesh_api.o)
                0x0000000000004f10                msgcache_count_get
 .text.subnet_count_get
                0x0000000000004f20       0x10 c:/GitProject/CH32TidyComponent/CH592Lib/MESH_LIB\libMESH.a(mesh_api.o)
                0x0000000000004f20                subnet_count_get
 .text.appkey_count_get
                0x0000000000004f30       0x10 c:/GitProject/CH32TidyComponent/CH592Lib/MESH_LIB\libMESH.a(mesh_api.o)
                0x0000000000004f30                appkey_count_get
 .text.unseg_length_get
                0x0000000000004f40       0x14 c:/GitProject/CH32TidyComponent/CH592Lib/MESH_LIB\libMESH.a(mesh_api.o)
                0x0000000000004f40                unseg_length_get
 .text.txseg_max_get
                0x0000000000004f54       0x10 c:/GitProject/CH32TidyComponent/CH592Lib/MESH_LIB\libMESH.a(mesh_api.o)
                0x0000000000004f54                txseg_max_get
 .text.txseg_count_get
                0x0000000000004f64       0x10 c:/GitProject/CH32TidyComponent/CH592Lib/MESH_LIB\libMESH.a(mesh_api.o)
                0x0000000000004f64                txseg_count_get
 .text.rxseg_count_get
                0x0000000000004f74       0x10 c:/GitProject/CH32TidyComponent/CH592Lib/MESH_LIB\libMESH.a(mesh_api.o)
                0x0000000000004f74                rxseg_count_get
 .text.rxsdu_max_get
                0x0000000000004f84       0x10 c:/GitProject/CH32TidyComponent/CH592Lib/MESH_LIB\libMESH.a(mesh_api.o)
                0x0000000000004f84                rxsdu_max_get
 .text.label_count_get
                0x0000000000004f94       0x10 c:/GitProject/CH32TidyComponent/CH592Lib/MESH_LIB\libMESH.a(mesh_api.o)
                0x0000000000004f94                label_count_get
 .text.seq_store_rate_get
                0x0000000000004fa4       0x10 c:/GitProject/CH32TidyComponent/CH592Lib/MESH_LIB\libMESH.a(mesh_api.o)
                0x0000000000004fa4                seq_store_rate_get
 .text.rpl_store_rate_get
                0x0000000000004fb4       0x10 c:/GitProject/CH32TidyComponent/CH592Lib/MESH_LIB\libMESH.a(mesh_api.o)
                0x0000000000004fb4                rpl_store_rate_get
 .text.store_rate_get
                0x0000000000004fc4       0x10 c:/GitProject/CH32TidyComponent/CH592Lib/MESH_LIB\libMESH.a(mesh_api.o)
                0x0000000000004fc4                store_rate_get
 .text.frndseg_rx_get
                0x0000000000004fd4       0x10 c:/GitProject/CH32TidyComponent/CH592Lib/MESH_LIB\libMESH.a(mesh_api.o)
                0x0000000000004fd4                frndseg_rx_get
 .text.frndsub_size_get
                0x0000000000004fe4       0x10 c:/GitProject/CH32TidyComponent/CH592Lib/MESH_LIB\libMESH.a(mesh_api.o)
                0x0000000000004fe4                frndsub_size_get
 .text.frndlpn_count_get
                0x0000000000004ff4       0x10 c:/GitProject/CH32TidyComponent/CH592Lib/MESH_LIB\libMESH.a(mesh_api.o)
                0x0000000000004ff4                frndlpn_count_get
 .text.frndqueue_size_get
                0x0000000000005004       0x10 c:/GitProject/CH32TidyComponent/CH592Lib/MESH_LIB\libMESH.a(mesh_api.o)
                0x0000000000005004                frndqueue_size_get
 .text.lpnpoll_timeout_get
                0x0000000000005014        0xe c:/GitProject/CH32TidyComponent/CH592Lib/MESH_LIB\libMESH.a(mesh_api.o)
                0x0000000000005014                lpnpoll_timeout_get
 .text.lpnrecv_delay_get
                0x0000000000005022       0x10 c:/GitProject/CH32TidyComponent/CH592Lib/MESH_LIB\libMESH.a(mesh_api.o)
                0x0000000000005022                lpnrecv_delay_get
 .text.lpnretry_timeout_get
                0x0000000000005032       0x16 c:/GitProject/CH32TidyComponent/CH592Lib/MESH_LIB\libMESH.a(mesh_api.o)
                0x0000000000005032                lpnretry_timeout_get
 .text.prov_node_count_get
                0x0000000000005048       0x10 c:/GitProject/CH32TidyComponent/CH592Lib/MESH_LIB\libMESH.a(mesh_api.o)
                0x0000000000005048                prov_node_count_get
 .text.rf_accessAddress_get
                0x0000000000005058        0xe c:/GitProject/CH32TidyComponent/CH592Lib/MESH_LIB\libMESH.a(mesh_api.o)
                0x0000000000005058                rf_accessAddress_get
 .text.device_parmas_get
                0x0000000000005066        0xc c:/GitProject/CH32TidyComponent/CH592Lib/MESH_LIB\libMESH.a(mesh_api.o)
                0x0000000000005066                device_parmas_get
 .text.dev_mac_get
                0x0000000000005072        0xc c:/GitProject/CH32TidyComponent/CH592Lib/MESH_LIB\libMESH.a(mesh_api.o)
                0x0000000000005072                dev_mac_get
 .text.bt_mesh_cfg_set
                0x000000000000507e      0x24c c:/GitProject/CH32TidyComponent/CH592Lib/MESH_LIB\libMESH.a(mesh_api.o)
                0x000000000000507e                bt_mesh_cfg_set
 .text.bt_mesh_start
                0x00000000000052ca       0x26 c:/GitProject/CH32TidyComponent/CH592Lib/MESH_LIB\libMESH.a(mesh_api.o)
                0x00000000000052ca                bt_mesh_start
 .text.bt_mesh_provision
                0x00000000000052f0       0xce c:/GitProject/CH32TidyComponent/CH592Lib/MESH_LIB\libMESH.a(mesh_api.o)
                0x00000000000052f0                bt_mesh_provision
 .text.bt_mesh_reset
                0x00000000000053be       0xba c:/GitProject/CH32TidyComponent/CH592Lib/MESH_LIB\libMESH.a(mesh_api.o)
                0x00000000000053be                bt_mesh_reset
 .text.auth_match
                0x0000000000005478       0x46 c:/GitProject/CH32TidyComponent/CH592Lib/MESH_LIB\libMESH.a(mesh_beacon.o)
 .text.unprov_send_start
                0x00000000000054be       0x18 c:/GitProject/CH32TidyComponent/CH592Lib/MESH_LIB\libMESH.a(mesh_beacon.o)
 .text.beacon_complete
                0x00000000000054d6       0x16 c:/GitProject/CH32TidyComponent/CH592Lib/MESH_LIB\libMESH.a(mesh_beacon.o)
 .text.bt_mesh_beacon_create
                0x00000000000054ec       0x50 c:/GitProject/CH32TidyComponent/CH592Lib/MESH_LIB\libMESH.a(mesh_beacon.o)
                0x00000000000054ec                bt_mesh_beacon_create
 .text.beacon_send
                0x000000000000553c      0x1f8 c:/GitProject/CH32TidyComponent/CH592Lib/MESH_LIB\libMESH.a(mesh_beacon.o)
 .text.bt_mesh_beacon_ivu_initiator
                0x0000000000005734       0x4a c:/GitProject/CH32TidyComponent/CH592Lib/MESH_LIB\libMESH.a(mesh_beacon.o)
                0x0000000000005734                bt_mesh_beacon_ivu_initiator
 .text.bt_mesh_subnet_find
                0x000000000000577e       0x7e c:/GitProject/CH32TidyComponent/CH592Lib/MESH_LIB\libMESH.a(mesh_beacon.o)
                0x000000000000577e                bt_mesh_subnet_find
 .text.bt_mesh_beacon_recv
                0x00000000000057fc      0x180 c:/GitProject/CH32TidyComponent/CH592Lib/MESH_LIB\libMESH.a(mesh_beacon.o)
                0x00000000000057fc                bt_mesh_beacon_recv
 .text.bt_mesh_beacon_enable
                0x000000000000597c       0x52 c:/GitProject/CH32TidyComponent/CH592Lib/MESH_LIB\libMESH.a(mesh_beacon.o)
                0x000000000000597c                bt_mesh_beacon_enable
 .text.bt_mesh_beacon_disable
                0x00000000000059ce       0x26 c:/GitProject/CH32TidyComponent/CH592Lib/MESH_LIB\libMESH.a(mesh_beacon.o)
                0x00000000000059ce                bt_mesh_beacon_disable
 .text.bt_mesh_beacon_init
                0x00000000000059f4       0x1c c:/GitProject/CH32TidyComponent/CH592Lib/MESH_LIB\libMESH.a(mesh_beacon.o)
                0x00000000000059f4                bt_mesh_beacon_init
 .text.generic_data_ref
                0x0000000000005a10        0xe c:/GitProject/CH32TidyComponent/CH592Lib/MESH_LIB\libMESH.a(mesh_buf.o)
 .text.heap_data_unref
                0x0000000000005a1e       0x22 c:/GitProject/CH32TidyComponent/CH592Lib/MESH_LIB\libMESH.a(mesh_buf.o)
 .text.heap_data_alloc
                0x0000000000005a40       0x1e c:/GitProject/CH32TidyComponent/CH592Lib/MESH_LIB\libMESH.a(mesh_buf.o)
 .text.net_buf_simple_push
                0x0000000000005a5e       0x14 c:/GitProject/CH32TidyComponent/CH592Lib/MESH_LIB\libMESH.a(mesh_buf.o)
                0x0000000000005a5e                net_buf_simple_push
 .text.net_buf_simple_push_be16
                0x0000000000005a72       0x2c c:/GitProject/CH32TidyComponent/CH592Lib/MESH_LIB\libMESH.a(mesh_buf.o)
                0x0000000000005a72                net_buf_simple_push_be16
 .text.net_buf_simple_push_u8
                0x0000000000005a9e       0x18 c:/GitProject/CH32TidyComponent/CH592Lib/MESH_LIB\libMESH.a(mesh_buf.o)
                0x0000000000005a9e                net_buf_simple_push_u8
 .text.net_buf_simple_pull
                0x0000000000005ab6       0x14 c:/GitProject/CH32TidyComponent/CH592Lib/MESH_LIB\libMESH.a(mesh_buf.o)
                0x0000000000005ab6                net_buf_simple_pull
 .text.net_buf_simple_pull_mem
                0x0000000000005aca       0x14 c:/GitProject/CH32TidyComponent/CH592Lib/MESH_LIB\libMESH.a(mesh_buf.o)
                0x0000000000005aca                net_buf_simple_pull_mem
 .text.net_buf_simple_headroom
                0x0000000000005ade        0xa c:/GitProject/CH32TidyComponent/CH592Lib/MESH_LIB\libMESH.a(mesh_buf.o)
                0x0000000000005ade                net_buf_simple_headroom
 .text.net_buf_simple_tailroom
                0x0000000000005ae8       0x18 c:/GitProject/CH32TidyComponent/CH592Lib/MESH_LIB\libMESH.a(mesh_buf.o)
                0x0000000000005ae8                net_buf_simple_tailroom
 .text.net_buf_simple_add
                0x0000000000005b00       0x2a c:/GitProject/CH32TidyComponent/CH592Lib/MESH_LIB\libMESH.a(mesh_buf.o)
                0x0000000000005b00                net_buf_simple_add
 .text.net_buf_simple_add_mem
                0x0000000000005b2a       0x1e c:/GitProject/CH32TidyComponent/CH592Lib/MESH_LIB\libMESH.a(mesh_buf.o)
                0x0000000000005b2a                net_buf_simple_add_mem
 .text.net_buf_simple_add_u8
                0x0000000000005b48       0x14 c:/GitProject/CH32TidyComponent/CH592Lib/MESH_LIB\libMESH.a(mesh_buf.o)
                0x0000000000005b48                net_buf_simple_add_u8
 .text.net_buf_simple_add_le16
                0x0000000000005b5c       0x26 c:/GitProject/CH32TidyComponent/CH592Lib/MESH_LIB\libMESH.a(mesh_buf.o)
                0x0000000000005b5c                net_buf_simple_add_le16
 .text.net_buf_simple_add_be16
                0x0000000000005b82       0x2e c:/GitProject/CH32TidyComponent/CH592Lib/MESH_LIB\libMESH.a(mesh_buf.o)
                0x0000000000005b82                net_buf_simple_add_be16
 .text.net_buf_simple_add_be32
                0x0000000000005bb0       0x3e c:/GitProject/CH32TidyComponent/CH592Lib/MESH_LIB\libMESH.a(mesh_buf.o)
                0x0000000000005bb0                net_buf_simple_add_be32
 .text.net_buf_simple_pull_u8
                0x0000000000005bee       0x16 c:/GitProject/CH32TidyComponent/CH592Lib/MESH_LIB\libMESH.a(mesh_buf.o)
                0x0000000000005bee                net_buf_simple_pull_u8
 .text.net_buf_simple_pull_le16
                0x0000000000005c04       0x28 c:/GitProject/CH32TidyComponent/CH592Lib/MESH_LIB\libMESH.a(mesh_buf.o)
                0x0000000000005c04                net_buf_simple_pull_le16
 .text.net_buf_simple_pull_be16
                0x0000000000005c2c       0x34 c:/GitProject/CH32TidyComponent/CH592Lib/MESH_LIB\libMESH.a(mesh_buf.o)
                0x0000000000005c2c                net_buf_simple_pull_be16
 .text.net_buf_simple_pull_be32
                0x0000000000005c60       0x44 c:/GitProject/CH32TidyComponent/CH592Lib/MESH_LIB\libMESH.a(mesh_buf.o)
                0x0000000000005c60                net_buf_simple_pull_be32
 .text.net_buf_simple_reserve
                0x0000000000005ca4        0x8 c:/GitProject/CH32TidyComponent/CH592Lib/MESH_LIB\libMESH.a(mesh_buf.o)
                0x0000000000005ca4                net_buf_simple_reserve
 .text.net_buf_slist_put
                0x0000000000005cac       0x24 c:/GitProject/CH32TidyComponent/CH592Lib/MESH_LIB\libMESH.a(mesh_buf.o)
                0x0000000000005cac                net_buf_slist_put
 .text.net_buf_slist_get
                0x0000000000005cd0       0x42 c:/GitProject/CH32TidyComponent/CH592Lib/MESH_LIB\libMESH.a(mesh_buf.o)
                0x0000000000005cd0                net_buf_slist_get
 .text.net_buf_id
                0x0000000000005d12       0x1a c:/GitProject/CH32TidyComponent/CH592Lib/MESH_LIB\libMESH.a(mesh_buf.o)
                0x0000000000005d12                net_buf_id
 .text.pool_get_buf
                0x0000000000005d2c        0xc c:/GitProject/CH32TidyComponent/CH592Lib/MESH_LIB\libMESH.a(mesh_buf.o)
                0x0000000000005d2c                pool_get_buf
 .text.net_buf_ref
                0x0000000000005d38        0xc c:/GitProject/CH32TidyComponent/CH592Lib/MESH_LIB\libMESH.a(mesh_buf.o)
                0x0000000000005d38                net_buf_ref
 .text.net_buf_unref
                0x0000000000005d44       0x56 c:/GitProject/CH32TidyComponent/CH592Lib/MESH_LIB\libMESH.a(mesh_buf.o)
                0x0000000000005d44                net_buf_unref
 .text.net_buf_alloc_len
                0x0000000000005d9a       0x76 c:/GitProject/CH32TidyComponent/CH592Lib/MESH_LIB\libMESH.a(mesh_buf.o)
                0x0000000000005d9a                net_buf_alloc_len
 .text.cli_reset
                0x0000000000005e10       0x20 c:/GitProject/CH32TidyComponent/CH592Lib/MESH_LIB\libMESH.a(mesh_cfg_cli.o)
 .text.cfg_rsp_recv
                0x0000000000005e30       0x30 c:/GitProject/CH32TidyComponent/CH592Lib/MESH_LIB\libMESH.a(mesh_cfg_cli.o)
 .text.cfg_cli_init
                0x0000000000005e60       0x40 c:/GitProject/CH32TidyComponent/CH592Lib/MESH_LIB\libMESH.a(mesh_cfg_cli.o)
 .text.sync_handler
                0x0000000000005ea0       0x2e c:/GitProject/CH32TidyComponent/CH592Lib/MESH_LIB\libMESH.a(mesh_cfg_cli.o)
 .text.vnd_sub_list
                0x0000000000005ece       0xb8 c:/GitProject/CH32TidyComponent/CH592Lib/MESH_LIB\libMESH.a(mesh_cfg_cli.o)
 .text.sig_sub_list
                0x0000000000005f86       0xb4 c:/GitProject/CH32TidyComponent/CH592Lib/MESH_LIB\libMESH.a(mesh_cfg_cli.o)
 .text.app_key_list
                0x000000000000603a       0xa2 c:/GitProject/CH32TidyComponent/CH592Lib/MESH_LIB\libMESH.a(mesh_cfg_cli.o)
 .text.vnd_app_list
                0x00000000000060dc       0xb8 c:/GitProject/CH32TidyComponent/CH592Lib/MESH_LIB\libMESH.a(mesh_cfg_cli.o)
 .text.sig_app_list
                0x0000000000006194       0xb4 c:/GitProject/CH32TidyComponent/CH592Lib/MESH_LIB\libMESH.a(mesh_cfg_cli.o)
 .text.krp_status
                0x0000000000006248       0x48 c:/GitProject/CH32TidyComponent/CH592Lib/MESH_LIB\libMESH.a(mesh_cfg_cli.o)
 .text.node_id_status
                0x0000000000006290       0x4a c:/GitProject/CH32TidyComponent/CH592Lib/MESH_LIB\libMESH.a(mesh_cfg_cli.o)
 .text.reset_status
                0x00000000000062da       0x2c c:/GitProject/CH32TidyComponent/CH592Lib/MESH_LIB\libMESH.a(mesh_cfg_cli.o)
 .text.net_transmit
                0x0000000000006306       0x36 c:/GitProject/CH32TidyComponent/CH592Lib/MESH_LIB\libMESH.a(mesh_cfg_cli.o)
 .text.lpn_polltimeout_status
                0x000000000000633c       0x52 c:/GitProject/CH32TidyComponent/CH592Lib/MESH_LIB\libMESH.a(mesh_cfg_cli.o)
 .text.hb_pub_status
                0x000000000000638e       0x6e c:/GitProject/CH32TidyComponent/CH592Lib/MESH_LIB\libMESH.a(mesh_cfg_cli.o)
 .text.hb_sub_status
                0x00000000000063fc       0x72 c:/GitProject/CH32TidyComponent/CH592Lib/MESH_LIB\libMESH.a(mesh_cfg_cli.o)
 .text.mod_sub_status.part.13
                0x000000000000646e       0x3e c:/GitProject/CH32TidyComponent/CH592Lib/MESH_LIB\libMESH.a(mesh_cfg_cli.o)
 .text.mod_sub_status
                0x00000000000064ac       0x24 c:/GitProject/CH32TidyComponent/CH592Lib/MESH_LIB\libMESH.a(mesh_cfg_cli.o)
 .text.mod_pub_status
                0x00000000000064d0       0x74 c:/GitProject/CH32TidyComponent/CH592Lib/MESH_LIB\libMESH.a(mesh_cfg_cli.o)
 .text.mod_app_status
                0x0000000000006544       0x26 c:/GitProject/CH32TidyComponent/CH592Lib/MESH_LIB\libMESH.a(mesh_cfg_cli.o)
 .text.net_key_status
                0x000000000000656a       0x3c c:/GitProject/CH32TidyComponent/CH592Lib/MESH_LIB\libMESH.a(mesh_cfg_cli.o)
 .text.relay_status
                0x00000000000065a6       0x40 c:/GitProject/CH32TidyComponent/CH592Lib/MESH_LIB\libMESH.a(mesh_cfg_cli.o)
 .text.gatt_proxy_status.part.18
                0x00000000000065e6       0x18 c:/GitProject/CH32TidyComponent/CH592Lib/MESH_LIB\libMESH.a(mesh_cfg_cli.o)
 .text.gatt_proxy_status
                0x00000000000065fe       0x24 c:/GitProject/CH32TidyComponent/CH592Lib/MESH_LIB\libMESH.a(mesh_cfg_cli.o)
 .text.friend_status
                0x0000000000006622       0x24 c:/GitProject/CH32TidyComponent/CH592Lib/MESH_LIB\libMESH.a(mesh_cfg_cli.o)
 .text.ttl_status
                0x0000000000006646       0x24 c:/GitProject/CH32TidyComponent/CH592Lib/MESH_LIB\libMESH.a(mesh_cfg_cli.o)
 .text.beacon_status
                0x000000000000666a       0x24 c:/GitProject/CH32TidyComponent/CH592Lib/MESH_LIB\libMESH.a(mesh_cfg_cli.o)
 .text.comp_data_status
                0x000000000000668e       0x30 c:/GitProject/CH32TidyComponent/CH592Lib/MESH_LIB\libMESH.a(mesh_cfg_cli.o)
 .text.app_key_status
                0x00000000000066be       0x40 c:/GitProject/CH32TidyComponent/CH592Lib/MESH_LIB\libMESH.a(mesh_cfg_cli.o)
 .text.cfg_srv_recv
                0x00000000000066fe       0x1c c:/GitProject/CH32TidyComponent/CH592Lib/MESH_LIB\libMESH.a(mesh_cfg_srv.o)
 .text.send_krp_status
                0x000000000000671a       0x5a c:/GitProject/CH32TidyComponent/CH592Lib/MESH_LIB\libMESH.a(mesh_cfg_srv.o)
 .text.send_friend_status
                0x0000000000006774       0x44 c:/GitProject/CH32TidyComponent/CH592Lib/MESH_LIB\libMESH.a(mesh_cfg_srv.o)
 .text.friend_get
                0x00000000000067b8       0x18 c:/GitProject/CH32TidyComponent/CH592Lib/MESH_LIB\libMESH.a(mesh_cfg_srv.o)
 .text.send_net_key_status
                0x00000000000067d0       0x50 c:/GitProject/CH32TidyComponent/CH592Lib/MESH_LIB\libMESH.a(mesh_cfg_srv.o)
 .text.krp_get  0x0000000000006820       0x46 c:/GitProject/CH32TidyComponent/CH592Lib/MESH_LIB\libMESH.a(mesh_cfg_srv.o)
 .text.node_identity_get
                0x0000000000006866       0x82 c:/GitProject/CH32TidyComponent/CH592Lib/MESH_LIB\libMESH.a(mesh_cfg_srv.o)
 .text.hb_pub_send_status
                0x00000000000068e8       0xbc c:/GitProject/CH32TidyComponent/CH592Lib/MESH_LIB\libMESH.a(mesh_cfg_srv.o)
 .text.heartbeat_pub_get
                0x00000000000069a4       0x1c c:/GitProject/CH32TidyComponent/CH592Lib/MESH_LIB\libMESH.a(mesh_cfg_srv.o)
 .text.send_mod_sub_status
                0x00000000000069c0       0x8e c:/GitProject/CH32TidyComponent/CH592Lib/MESH_LIB\libMESH.a(mesh_cfg_srv.o)
 .text.krp_set  0x0000000000006a4e       0xde c:/GitProject/CH32TidyComponent/CH592Lib/MESH_LIB\libMESH.a(mesh_cfg_srv.o)
 .text.lpn_timeout_get
                0x0000000000006b2c       0xb2 c:/GitProject/CH32TidyComponent/CH592Lib/MESH_LIB\libMESH.a(mesh_cfg_srv.o)
 .text.node_reset
                0x0000000000006bde       0x56 c:/GitProject/CH32TidyComponent/CH592Lib/MESH_LIB\libMESH.a(mesh_cfg_srv.o)
 .text.app_key_is_valid
                0x0000000000006c34       0x48 c:/GitProject/CH32TidyComponent/CH592Lib/MESH_LIB\libMESH.a(mesh_cfg_srv.o)
 .text.va_find  0x0000000000006c7c       0x58 c:/GitProject/CH32TidyComponent/CH592Lib/MESH_LIB\libMESH.a(mesh_cfg_srv.o)
 .text.node_identity_set
                0x0000000000006cd4       0xcc c:/GitProject/CH32TidyComponent/CH592Lib/MESH_LIB\libMESH.a(mesh_cfg_srv.o)
 .text.net_key_update
                0x0000000000006da0       0xe0 c:/GitProject/CH32TidyComponent/CH592Lib/MESH_LIB\libMESH.a(mesh_cfg_srv.o)
 .text.net_key_add
                0x0000000000006e80       0xee c:/GitProject/CH32TidyComponent/CH592Lib/MESH_LIB\libMESH.a(mesh_cfg_srv.o)
 .text.mod_sub_get_vnd
                0x0000000000006f6e      0x13a c:/GitProject/CH32TidyComponent/CH592Lib/MESH_LIB\libMESH.a(mesh_cfg_srv.o)
 .text.mod_sub_get
                0x00000000000070a8      0x118 c:/GitProject/CH32TidyComponent/CH592Lib/MESH_LIB\libMESH.a(mesh_cfg_srv.o)
 .text.cfg_srv_init
                0x00000000000071c0       0xba c:/GitProject/CH32TidyComponent/CH592Lib/MESH_LIB\libMESH.a(mesh_cfg_srv.o)
 .text.hb_publish
                0x000000000000727a       0x30 c:/GitProject/CH32TidyComponent/CH592Lib/MESH_LIB\libMESH.a(mesh_cfg_srv.o)
 .text.create_mod_app_status.isra.3
                0x00000000000072aa       0x6e c:/GitProject/CH32TidyComponent/CH592Lib/MESH_LIB\libMESH.a(mesh_cfg_srv.o)
 .text.friend_set
                0x0000000000007318       0x7c c:/GitProject/CH32TidyComponent/CH592Lib/MESH_LIB\libMESH.a(mesh_cfg_srv.o)
 .text.get_model
                0x0000000000007394       0x4c c:/GitProject/CH32TidyComponent/CH592Lib/MESH_LIB\libMESH.a(mesh_cfg_srv.o)
 .text.mod_app_get
                0x00000000000073e0      0x134 c:/GitProject/CH32TidyComponent/CH592Lib/MESH_LIB\libMESH.a(mesh_cfg_srv.o)
 .text.mod_app_bind
                0x0000000000007514      0x10a c:/GitProject/CH32TidyComponent/CH592Lib/MESH_LIB\libMESH.a(mesh_cfg_srv.o)
 .text.mod_sub_del
                0x000000000000761e       0xd8 c:/GitProject/CH32TidyComponent/CH592Lib/MESH_LIB\libMESH.a(mesh_cfg_srv.o)
 .text.mod_sub_add
                0x00000000000076f6       0xf0 c:/GitProject/CH32TidyComponent/CH592Lib/MESH_LIB\libMESH.a(mesh_cfg_srv.o)
 .text.send_mod_pub_status.isra.8
                0x00000000000077e6       0xde c:/GitProject/CH32TidyComponent/CH592Lib/MESH_LIB\libMESH.a(mesh_cfg_srv.o)
 .text.mod_pub_get
                0x00000000000078c4       0x80 c:/GitProject/CH32TidyComponent/CH592Lib/MESH_LIB\libMESH.a(mesh_cfg_srv.o)
 .text.dev_comp_data_get
                0x0000000000007944      0x164 c:/GitProject/CH32TidyComponent/CH592Lib/MESH_LIB\libMESH.a(mesh_cfg_srv.o)
 .text.va_store
                0x0000000000007aa8       0x14 c:/GitProject/CH32TidyComponent/CH592Lib/MESH_LIB\libMESH.a(mesh_cfg_srv.o)
 .text.va_del   0x0000000000007abc       0x36 c:/GitProject/CH32TidyComponent/CH592Lib/MESH_LIB\libMESH.a(mesh_cfg_srv.o)
 .text.mod_sub_va_del
                0x0000000000007af2       0xe0 c:/GitProject/CH32TidyComponent/CH592Lib/MESH_LIB\libMESH.a(mesh_cfg_srv.o)
 .text.va_add   0x0000000000007bd2       0x60 c:/GitProject/CH32TidyComponent/CH592Lib/MESH_LIB\libMESH.a(mesh_cfg_srv.o)
 .text.mod_sub_va_add
                0x0000000000007c32      0x102 c:/GitProject/CH32TidyComponent/CH592Lib/MESH_LIB\libMESH.a(mesh_cfg_srv.o)
 .text.hb_pwr2.constprop.15
                0x0000000000007d34       0x2a c:/GitProject/CH32TidyComponent/CH592Lib/MESH_LIB\libMESH.a(mesh_cfg_srv.o)
 .text.hb_start
                0x0000000000007d5e       0x48 c:/GitProject/CH32TidyComponent/CH592Lib/MESH_LIB\libMESH.a(mesh_cfg_srv.o)
 .text.heartbeat_pub_set
                0x0000000000007da6      0x12c c:/GitProject/CH32TidyComponent/CH592Lib/MESH_LIB\libMESH.a(mesh_cfg_srv.o)
 .text.hb_sub_send_status.constprop.13
                0x0000000000007ed2       0xde c:/GitProject/CH32TidyComponent/CH592Lib/MESH_LIB\libMESH.a(mesh_cfg_srv.o)
 .text.heartbeat_sub_get
                0x0000000000007fb0       0x18 c:/GitProject/CH32TidyComponent/CH592Lib/MESH_LIB\libMESH.a(mesh_cfg_srv.o)
 .text.heartbeat_sub_set
                0x0000000000007fc8      0x100 c:/GitProject/CH32TidyComponent/CH592Lib/MESH_LIB\libMESH.a(mesh_cfg_srv.o)
 .text._set_mesh_configserver_buf
                0x00000000000080c8       0x28 c:/GitProject/CH32TidyComponent/CH592Lib/MESH_LIB\libMESH.a(mesh_cfg_srv.o)
                0x00000000000080c8                _set_mesh_configserver_buf
 .text.bt_mesh_relay_init
                0x00000000000080f0        0xc c:/GitProject/CH32TidyComponent/CH592Lib/MESH_LIB\libMESH.a(mesh_cfg_srv.o)
                0x00000000000080f0                bt_mesh_relay_init
 .text.bt_mesh_heartbeat
                0x00000000000080fc       0x74 c:/GitProject/CH32TidyComponent/CH592Lib/MESH_LIB\libMESH.a(mesh_cfg_srv.o)
                0x00000000000080fc                bt_mesh_heartbeat
 .text.bt_mesh_net_transmit_get
                0x0000000000008170       0x14 c:/GitProject/CH32TidyComponent/CH592Lib/MESH_LIB\libMESH.a(mesh_cfg_srv.o)
                0x0000000000008170                bt_mesh_net_transmit_get
 .text.net_transmit_set
                0x0000000000008184       0x70 c:/GitProject/CH32TidyComponent/CH592Lib/MESH_LIB\libMESH.a(mesh_cfg_srv.o)
 .text.net_transmit_get
                0x00000000000081f4       0x50 c:/GitProject/CH32TidyComponent/CH592Lib/MESH_LIB\libMESH.a(mesh_cfg_srv.o)
 .text.bt_mesh_relay_get
                0x0000000000008244       0x14 c:/GitProject/CH32TidyComponent/CH592Lib/MESH_LIB\libMESH.a(mesh_cfg_srv.o)
                0x0000000000008244                bt_mesh_relay_get
 .text.bt_mesh_friend_get
                0x0000000000008258       0x14 c:/GitProject/CH32TidyComponent/CH592Lib/MESH_LIB\libMESH.a(mesh_cfg_srv.o)
                0x0000000000008258                bt_mesh_friend_get
 .text.bt_mesh_relay_retransmit_get
                0x000000000000826c       0x14 c:/GitProject/CH32TidyComponent/CH592Lib/MESH_LIB\libMESH.a(mesh_cfg_srv.o)
                0x000000000000826c                bt_mesh_relay_retransmit_get
 .text.relay_set
                0x0000000000008280       0xae c:/GitProject/CH32TidyComponent/CH592Lib/MESH_LIB\libMESH.a(mesh_cfg_srv.o)
 .text.relay_get
                0x000000000000832e       0x5c c:/GitProject/CH32TidyComponent/CH592Lib/MESH_LIB\libMESH.a(mesh_cfg_srv.o)
 .text.bt_mesh_beacon_get
                0x000000000000838a       0x14 c:/GitProject/CH32TidyComponent/CH592Lib/MESH_LIB\libMESH.a(mesh_cfg_srv.o)
                0x000000000000838a                bt_mesh_beacon_get
 .text.beacon_set
                0x000000000000839e       0x8c c:/GitProject/CH32TidyComponent/CH592Lib/MESH_LIB\libMESH.a(mesh_cfg_srv.o)
 .text.beacon_get
                0x000000000000842a       0x4e c:/GitProject/CH32TidyComponent/CH592Lib/MESH_LIB\libMESH.a(mesh_cfg_srv.o)
 .text.bt_mesh_gatt_proxy_get
                0x0000000000008478       0x14 c:/GitProject/CH32TidyComponent/CH592Lib/MESH_LIB\libMESH.a(mesh_cfg_srv.o)
                0x0000000000008478                bt_mesh_gatt_proxy_get
 .text.send_gatt_proxy_status
                0x000000000000848c       0x42 c:/GitProject/CH32TidyComponent/CH592Lib/MESH_LIB\libMESH.a(mesh_cfg_srv.o)
 .text.gatt_proxy_get
                0x00000000000084ce       0x18 c:/GitProject/CH32TidyComponent/CH592Lib/MESH_LIB\libMESH.a(mesh_cfg_srv.o)
 .text.gatt_proxy_set
                0x00000000000084e6       0x7c c:/GitProject/CH32TidyComponent/CH592Lib/MESH_LIB\libMESH.a(mesh_cfg_srv.o)
 .text.bt_mesh_default_ttl_get
                0x0000000000008562       0x14 c:/GitProject/CH32TidyComponent/CH592Lib/MESH_LIB\libMESH.a(mesh_cfg_srv.o)
                0x0000000000008562                bt_mesh_default_ttl_get
 .text.default_ttl_set
                0x0000000000008576       0x86 c:/GitProject/CH32TidyComponent/CH592Lib/MESH_LIB\libMESH.a(mesh_cfg_srv.o)
 .text.default_ttl_get
                0x00000000000085fc       0x4e c:/GitProject/CH32TidyComponent/CH592Lib/MESH_LIB\libMESH.a(mesh_cfg_srv.o)
 .text.bt_mesh_label_uuid_get
                0x000000000000864a       0x3a c:/GitProject/CH32TidyComponent/CH592Lib/MESH_LIB\libMESH.a(mesh_cfg_srv.o)
                0x000000000000864a                bt_mesh_label_uuid_get
 .text._mod_pub_set
                0x0000000000008684      0x112 c:/GitProject/CH32TidyComponent/CH592Lib/MESH_LIB\libMESH.a(mesh_cfg_srv.o)
 .text.mod_unbind.part.11
                0x0000000000008796       0x66 c:/GitProject/CH32TidyComponent/CH592Lib/MESH_LIB\libMESH.a(mesh_cfg_srv.o)
 .text.mod_app_unbind
                0x00000000000087fc       0xc0 c:/GitProject/CH32TidyComponent/CH592Lib/MESH_LIB\libMESH.a(mesh_cfg_srv.o)
 .text._mod_unbind
                0x00000000000088bc       0x2c c:/GitProject/CH32TidyComponent/CH592Lib/MESH_LIB\libMESH.a(mesh_cfg_srv.o)
 .text.mod_pub_va_set
                0x00000000000088e8       0xfe c:/GitProject/CH32TidyComponent/CH592Lib/MESH_LIB\libMESH.a(mesh_cfg_srv.o)
 .text.mod_pub_set
                0x00000000000089e6       0xdc c:/GitProject/CH32TidyComponent/CH592Lib/MESH_LIB\libMESH.a(mesh_cfg_srv.o)
 .text.mod_sub_list_clear.isra.12
                0x0000000000008ac2       0x78 c:/GitProject/CH32TidyComponent/CH592Lib/MESH_LIB\libMESH.a(mesh_cfg_srv.o)
 .text.mod_sub_del_all
                0x0000000000008b3a       0xae c:/GitProject/CH32TidyComponent/CH592Lib/MESH_LIB\libMESH.a(mesh_cfg_srv.o)
 .text.mod_sub_va_overwrite
                0x0000000000008be8       0xf0 c:/GitProject/CH32TidyComponent/CH592Lib/MESH_LIB\libMESH.a(mesh_cfg_srv.o)
 .text.mod_sub_overwrite
                0x0000000000008cd8       0xe8 c:/GitProject/CH32TidyComponent/CH592Lib/MESH_LIB\libMESH.a(mesh_cfg_srv.o)
 .text.mod_reset
                0x0000000000008dc0       0x32 c:/GitProject/CH32TidyComponent/CH592Lib/MESH_LIB\libMESH.a(mesh_cfg_srv.o)
 .text.bt_mesh_hb_pub_get
                0x0000000000008df2       0x14 c:/GitProject/CH32TidyComponent/CH592Lib/MESH_LIB\libMESH.a(mesh_cfg_srv.o)
                0x0000000000008df2                bt_mesh_hb_pub_get
 .text.bt_mesh_cfg_get
                0x0000000000008e06        0xc c:/GitProject/CH32TidyComponent/CH592Lib/MESH_LIB\libMESH.a(mesh_cfg_srv.o)
                0x0000000000008e06                bt_mesh_cfg_get
 .text.key_idx_pack
                0x0000000000008e12       0x2c c:/GitProject/CH32TidyComponent/CH592Lib/MESH_LIB\libMESH.a(mesh_cfg_srv.o)
                0x0000000000008e12                key_idx_pack
 .text.net_key_get
                0x0000000000008e3e       0xa4 c:/GitProject/CH32TidyComponent/CH592Lib/MESH_LIB\libMESH.a(mesh_cfg_srv.o)
 .text.app_key_get
                0x0000000000008ee2       0xd4 c:/GitProject/CH32TidyComponent/CH592Lib/MESH_LIB\libMESH.a(mesh_cfg_srv.o)
 .text.key_idx_unpack
                0x0000000000008fb6       0x36 c:/GitProject/CH32TidyComponent/CH592Lib/MESH_LIB\libMESH.a(mesh_cfg_srv.o)
                0x0000000000008fb6                key_idx_unpack
 .text.bt_mesh_app_key_alloc
                0x0000000000008fec       0x3a c:/GitProject/CH32TidyComponent/CH592Lib/MESH_LIB\libMESH.a(mesh_cfg_srv.o)
                0x0000000000008fec                bt_mesh_app_key_alloc
 .text.app_key_set
                0x0000000000009026       0xc4 c:/GitProject/CH32TidyComponent/CH592Lib/MESH_LIB\libMESH.a(mesh_cfg_srv.o)
 .text.app_key_update
                0x00000000000090ea       0x88 c:/GitProject/CH32TidyComponent/CH592Lib/MESH_LIB\libMESH.a(mesh_cfg_srv.o)
 .text.app_key_add
                0x0000000000009172       0x86 c:/GitProject/CH32TidyComponent/CH592Lib/MESH_LIB\libMESH.a(mesh_cfg_srv.o)
 .text.get_label
                0x00000000000091f8        0xc c:/GitProject/CH32TidyComponent/CH592Lib/MESH_LIB\libMESH.a(mesh_cfg_srv.o)
                0x00000000000091f8                get_label
 .text.bt_mesh_app_key_del
                0x0000000000009204       0x46 c:/GitProject/CH32TidyComponent/CH592Lib/MESH_LIB\libMESH.a(mesh_cfg_srv.o)
                0x0000000000009204                bt_mesh_app_key_del
 .text.app_key_del
                0x000000000000924a       0xa2 c:/GitProject/CH32TidyComponent/CH592Lib/MESH_LIB\libMESH.a(mesh_cfg_srv.o)
 .text.bt_mesh_subnet_del
                0x00000000000092ec       0xa0 c:/GitProject/CH32TidyComponent/CH592Lib/MESH_LIB\libMESH.a(mesh_cfg_srv.o)
                0x00000000000092ec                bt_mesh_subnet_del
 .text.net_key_del
                0x000000000000938c       0x64 c:/GitProject/CH32TidyComponent/CH592Lib/MESH_LIB\libMESH.a(mesh_cfg_srv.o)
 .text.bt_mesh_cfg_reset
                0x00000000000093f0       0x6c c:/GitProject/CH32TidyComponent/CH592Lib/MESH_LIB\libMESH.a(mesh_cfg_srv.o)
                0x00000000000093f0                bt_mesh_cfg_reset
 .text.sys_put_be32
                0x000000000000945c       0x22 c:/GitProject/CH32TidyComponent/CH592Lib/MESH_LIB\libMESH.a(mesh_crypto.o)
 .text.create_net_nonce
                0x000000000000947e       0x4e c:/GitProject/CH32TidyComponent/CH592Lib/MESH_LIB\libMESH.a(mesh_crypto.o)
 .text.uECC_RNG_CB
                0x00000000000094cc       0x64 c:/GitProject/CH32TidyComponent/CH592Lib/MESH_LIB\libMESH.a(mesh_crypto.o)
 .text._copy    0x0000000000009530       0x26 c:/GitProject/CH32TidyComponent/CH592Lib/MESH_LIB\libMESH.a(mesh_crypto.o)
                0x0000000000009530                _copy
 .text.gf_double
                0x0000000000009556       0x2e c:/GitProject/CH32TidyComponent/CH592Lib/MESH_LIB\libMESH.a(mesh_crypto.o)
                0x0000000000009556                gf_double
 .text.tc_aes_encrypt
                0x0000000000009584       0x16 c:/GitProject/CH32TidyComponent/CH592Lib/MESH_LIB\libMESH.a(mesh_crypto.o)
                0x0000000000009584                tc_aes_encrypt
 .text.tc_aes128_set_encrypt_key
                0x000000000000959a       0x1e c:/GitProject/CH32TidyComponent/CH592Lib/MESH_LIB\libMESH.a(mesh_crypto.o)
                0x000000000000959a                tc_aes128_set_encrypt_key
 .text.tc_cmac_init
                0x00000000000095b8       0x32 c:/GitProject/CH32TidyComponent/CH592Lib/MESH_LIB\libMESH.a(mesh_crypto.o)
                0x00000000000095b8                tc_cmac_init
 .text.tc_cmac_setup
                0x00000000000095ea       0x60 c:/GitProject/CH32TidyComponent/CH592Lib/MESH_LIB\libMESH.a(mesh_crypto.o)
                0x00000000000095ea                tc_cmac_setup
 .text.bt_mesh_rand
                0x000000000000964a       0x64 c:/GitProject/CH32TidyComponent/CH592Lib/MESH_LIB\libMESH.a(mesh_crypto.o)
                0x000000000000964a                bt_mesh_rand
 .text.tc_cmac_update
                0x00000000000096ae       0xe0 c:/GitProject/CH32TidyComponent/CH592Lib/MESH_LIB\libMESH.a(mesh_crypto.o)
                0x00000000000096ae                tc_cmac_update
 .text.tc_cmac_erase
                0x000000000000978e       0x1a c:/GitProject/CH32TidyComponent/CH592Lib/MESH_LIB\libMESH.a(mesh_crypto.o)
                0x000000000000978e                tc_cmac_erase
 .text.tc_cmac_final
                0x00000000000097a8       0x7c c:/GitProject/CH32TidyComponent/CH592Lib/MESH_LIB\libMESH.a(mesh_crypto.o)
                0x00000000000097a8                tc_cmac_final
 .text.bt_mesh_aes_cmac
                0x0000000000009824       0x42 c:/GitProject/CH32TidyComponent/CH592Lib/MESH_LIB\libMESH.a(mesh_crypto.o)
                0x0000000000009824                bt_mesh_aes_cmac
 .text.bt_mesh_aes_cmac_one
                0x0000000000009866       0x18 c:/GitProject/CH32TidyComponent/CH592Lib/MESH_LIB\libMESH.a(mesh_crypto.o)
 .text.bt_mesh_s1
                0x000000000000987e       0x2c c:/GitProject/CH32TidyComponent/CH592Lib/MESH_LIB\libMESH.a(mesh_crypto.o)
 .text.bt_mesh_beacon_auth
                0x00000000000098aa       0x4e c:/GitProject/CH32TidyComponent/CH592Lib/MESH_LIB\libMESH.a(mesh_crypto.o)
                0x00000000000098aa                bt_mesh_beacon_auth
 .text.bt_encrypt_be
                0x00000000000098f8       0x2c c:/GitProject/CH32TidyComponent/CH592Lib/MESH_LIB\libMESH.a(mesh_crypto.o)
                0x00000000000098f8                bt_encrypt_be
 .text.bt_mesh_ccm_encrypt
                0x0000000000009924      0x2b8 c:/GitProject/CH32TidyComponent/CH592Lib/MESH_LIB\libMESH.a(mesh_crypto.o)
 .text.bt_mesh_ccm_decrypt
                0x0000000000009bdc      0x2e0 c:/GitProject/CH32TidyComponent/CH592Lib/MESH_LIB\libMESH.a(mesh_crypto.o)
 .text.bt_mesh_net_obfuscate
                0x0000000000009ebc       0x5a c:/GitProject/CH32TidyComponent/CH592Lib/MESH_LIB\libMESH.a(mesh_crypto.o)
                0x0000000000009ebc                bt_mesh_net_obfuscate
 .text.bt_mesh_net_encrypt
                0x0000000000009f16       0xac c:/GitProject/CH32TidyComponent/CH592Lib/MESH_LIB\libMESH.a(mesh_crypto.o)
                0x0000000000009f16                bt_mesh_net_encrypt
 .text.bt_mesh_net_decrypt
                0x0000000000009fc2       0xa8 c:/GitProject/CH32TidyComponent/CH592Lib/MESH_LIB\libMESH.a(mesh_crypto.o)
                0x0000000000009fc2                bt_mesh_net_decrypt
 .text.bt_mesh_app_encrypt
                0x000000000000a06a       0x8a c:/GitProject/CH32TidyComponent/CH592Lib/MESH_LIB\libMESH.a(mesh_crypto.o)
                0x000000000000a06a                bt_mesh_app_encrypt
 .text.bt_mesh_app_decrypt
                0x000000000000a0f4       0x8a c:/GitProject/CH32TidyComponent/CH592Lib/MESH_LIB\libMESH.a(mesh_crypto.o)
                0x000000000000a0f4                bt_mesh_app_decrypt
 .text.bt_mesh_fcs_calc
                0x000000000000a17e       0x2c c:/GitProject/CH32TidyComponent/CH592Lib/MESH_LIB\libMESH.a(mesh_crypto.o)
                0x000000000000a17e                bt_mesh_fcs_calc
 .text.bt_mesh_fcs_check
                0x000000000000a1aa       0x44 c:/GitProject/CH32TidyComponent/CH592Lib/MESH_LIB\libMESH.a(mesh_crypto.o)
                0x000000000000a1aa                bt_mesh_fcs_check
 .text.bt_mesh_k1
                0x000000000000a1ee       0x30 c:/GitProject/CH32TidyComponent/CH592Lib/MESH_LIB\libMESH.a(mesh_crypto.o)
                0x000000000000a1ee                bt_mesh_k1
 .text.bt_mesh_k2
                0x000000000000a21e       0xb8 c:/GitProject/CH32TidyComponent/CH592Lib/MESH_LIB\libMESH.a(mesh_crypto.o)
                0x000000000000a21e                bt_mesh_k2
 .text.bt_mesh_k3
                0x000000000000a2d6       0x62 c:/GitProject/CH32TidyComponent/CH592Lib/MESH_LIB\libMESH.a(mesh_crypto.o)
                0x000000000000a2d6                bt_mesh_k3
 .text.bt_mesh_k4
                0x000000000000a338       0x54 c:/GitProject/CH32TidyComponent/CH592Lib/MESH_LIB\libMESH.a(mesh_crypto.o)
                0x000000000000a338                bt_mesh_k4
 .text.bt_mesh_prov_encrypt
                0x000000000000a38c       0x16 c:/GitProject/CH32TidyComponent/CH592Lib/MESH_LIB\libMESH.a(mesh_crypto.o)
                0x000000000000a38c                bt_mesh_prov_encrypt
 .text.bt_mesh_prov_decrypt
                0x000000000000a3a2       0x16 c:/GitProject/CH32TidyComponent/CH592Lib/MESH_LIB\libMESH.a(mesh_crypto.o)
                0x000000000000a3a2                bt_mesh_prov_decrypt
 .text.bt_mesh_id128
                0x000000000000a3b8       0x2e c:/GitProject/CH32TidyComponent/CH592Lib/MESH_LIB\libMESH.a(mesh_crypto.o)
                0x000000000000a3b8                bt_mesh_id128
 .text.bt_mesh_prov_conf
                0x000000000000a3e6       0x1e c:/GitProject/CH32TidyComponent/CH592Lib/MESH_LIB\libMESH.a(mesh_crypto.o)
                0x000000000000a3e6                bt_mesh_prov_conf
 .text.bt_mesh_prov_conf_salt
                0x000000000000a404       0x22 c:/GitProject/CH32TidyComponent/CH592Lib/MESH_LIB\libMESH.a(mesh_crypto.o)
                0x000000000000a404                bt_mesh_prov_conf_salt
 .text.bt_mesh_prov_conf_key
                0x000000000000a426       0x1c c:/GitProject/CH32TidyComponent/CH592Lib/MESH_LIB\libMESH.a(mesh_crypto.o)
                0x000000000000a426                bt_mesh_prov_conf_key
 .text.bt_mesh_prov_salt
                0x000000000000a442       0x2c c:/GitProject/CH32TidyComponent/CH592Lib/MESH_LIB\libMESH.a(mesh_crypto.o)
                0x000000000000a442                bt_mesh_prov_salt
 .text.bt_mesh_virtual_addr
                0x000000000000a46e       0x46 c:/GitProject/CH32TidyComponent/CH592Lib/MESH_LIB\libMESH.a(mesh_crypto.o)
                0x000000000000a46e                bt_mesh_virtual_addr
 .text.bt_mesh_pub_key_get_alt
                0x000000000000a4b4       0x3a c:/GitProject/CH32TidyComponent/CH592Lib/MESH_LIB\libMESH.a(mesh_crypto.o)
                0x000000000000a4b4                bt_mesh_pub_key_get_alt
 .text.bt_mesh_dh_key_gen_alt
                0x000000000000a4ee       0x32 c:/GitProject/CH32TidyComponent/CH592Lib/MESH_LIB\libMESH.a(mesh_crypto.o)
                0x000000000000a4ee                bt_mesh_dh_key_gen_alt
 .text.ble_sm_alg_ecc_init
                0x000000000000a520       0x20 c:/GitProject/CH32TidyComponent/CH592Lib/MESH_LIB\libMESH.a(mesh_crypto.o)
                0x000000000000a520                ble_sm_alg_ecc_init
 .text.friend_adv_alloc
                0x000000000000a540       0x18 c:/GitProject/CH32TidyComponent/CH592Lib/MESH_LIB\libMESH.a(mesh_friend.o)
 .text.purge_buffers
                0x000000000000a558       0x2e c:/GitProject/CH32TidyComponent/CH592Lib/MESH_LIB\libMESH.a(mesh_friend.o)
 .text.friend_clear
                0x000000000000a586       0x96 c:/GitProject/CH32TidyComponent/CH592Lib/MESH_LIB\libMESH.a(mesh_friend.o)
 .text.friend_lpn_matches
                0x000000000000a61c       0x76 c:/GitProject/CH32TidyComponent/CH592Lib/MESH_LIB\libMESH.a(mesh_friend.o)
 .text.create_friend_pdu.isra.10
                0x000000000000a692       0x94 c:/GitProject/CH32TidyComponent/CH592Lib/MESH_LIB\libMESH.a(mesh_friend.o)
 .text.encode_friend_ctl.isra.12
                0x000000000000a726       0x56 c:/GitProject/CH32TidyComponent/CH592Lib/MESH_LIB\libMESH.a(mesh_friend.o)
 .text.is_seg   0x000000000000a77c       0x66 c:/GitProject/CH32TidyComponent/CH592Lib/MESH_LIB\libMESH.a(mesh_friend.o)
 .text.friend_queue_has_space.isra.5.part.6
                0x000000000000a7e2       0x5a c:/GitProject/CH32TidyComponent/CH592Lib/MESH_LIB\libMESH.a(mesh_friend.o)
 .text.enqueue_update.constprop.21
                0x000000000000a83c       0x9c c:/GitProject/CH32TidyComponent/CH592Lib/MESH_LIB\libMESH.a(mesh_friend.o)
 .text._set_mesh_friend_buf
                0x000000000000a8d8       0x98 c:/GitProject/CH32TidyComponent/CH592Lib/MESH_LIB\libMESH.a(mesh_friend.o)
                0x000000000000a8d8                _set_mesh_friend_buf
 .text.bt_mesh_friend_match
                0x000000000000a970       0x40 c:/GitProject/CH32TidyComponent/CH592Lib/MESH_LIB\libMESH.a(mesh_friend.o)
                0x000000000000a970                bt_mesh_friend_match
 .text.bt_mesh_friend_queue_has_space
                0x000000000000a9b0       0x68 c:/GitProject/CH32TidyComponent/CH592Lib/MESH_LIB\libMESH.a(mesh_friend.o)
                0x000000000000a9b0                bt_mesh_friend_queue_has_space
 .text.bt_mesh_friend_find
                0x000000000000aa18       0x7a c:/GitProject/CH32TidyComponent/CH592Lib/MESH_LIB\libMESH.a(mesh_friend.o)
                0x000000000000aa18                bt_mesh_friend_find
 .text.bt_mesh_friend_clear_net_idx
                0x000000000000aa92       0x46 c:/GitProject/CH32TidyComponent/CH592Lib/MESH_LIB\libMESH.a(mesh_friend.o)
                0x000000000000aa92                bt_mesh_friend_clear_net_idx
 .text.bt_mesh_friend_clear_incomplete
                0x000000000000aad8       0x7e c:/GitProject/CH32TidyComponent/CH592Lib/MESH_LIB\libMESH.a(mesh_friend.o)
                0x000000000000aad8                bt_mesh_friend_clear_incomplete
 .text.bt_mesh_friend_sec_update
                0x000000000000ab56       0xcc c:/GitProject/CH32TidyComponent/CH592Lib/MESH_LIB\libMESH.a(mesh_friend.o)
                0x000000000000ab56                bt_mesh_friend_sec_update
 .text.hal_rx_real
                0x000000000000ac22       0x32 c:/GitProject/CH32TidyComponent/CH592Lib/MESH_LIB\libMESH.a(mesh_hal_rf.o)
 .text.next_channel
                0x000000000000ac54       0x8a c:/GitProject/CH32TidyComponent/CH592Lib/MESH_LIB\libMESH.a(mesh_hal_rf.o)
 .text.rx_req_process
                0x000000000000acde       0x8a c:/GitProject/CH32TidyComponent/CH592Lib/MESH_LIB\libMESH.a(mesh_hal_rf.o)
 .text.hal_rf_ntf_cb
                0x000000000000ad68       0xb6 c:/GitProject/CH32TidyComponent/CH592Lib/MESH_LIB\libMESH.a(mesh_hal_rf.o)
 .text.first_remove.part.3
                0x000000000000ae1e       0x3e c:/GitProject/CH32TidyComponent/CH592Lib/MESH_LIB\libMESH.a(mesh_hal_rf.o)
 .text.tx_timeout_process
                0x000000000000ae5c       0x4a c:/GitProject/CH32TidyComponent/CH592Lib/MESH_LIB\libMESH.a(mesh_hal_rf.o)
 .text.hal_rf_set_rx_cb
                0x000000000000aea6        0xa c:/GitProject/CH32TidyComponent/CH592Lib/MESH_LIB\libMESH.a(mesh_hal_rf.o)
                0x000000000000aea6                hal_rf_set_rx_cb
 .text.tx_req_process
                0x000000000000aeb0       0xd6 c:/GitProject/CH32TidyComponent/CH592Lib/MESH_LIB\libMESH.a(mesh_hal_rf.o)
 .text.rf_process_evt
                0x000000000000af86      0x1ee c:/GitProject/CH32TidyComponent/CH592Lib/MESH_LIB\libMESH.a(mesh_hal_rf.o)
 .text.hal_rf_init
                0x000000000000b174       0x8a c:/GitProject/CH32TidyComponent/CH592Lib/MESH_LIB\libMESH.a(mesh_hal_rf.o)
                0x000000000000b174                hal_rf_init
 .text.hal_rf_rx_start
                0x000000000000b1fe       0xaa c:/GitProject/CH32TidyComponent/CH592Lib/MESH_LIB\libMESH.a(mesh_hal_rf.o)
                0x000000000000b1fe                hal_rf_rx_start
 .text.hal_rf_rx_cancel
                0x000000000000b2a8       0x58 c:/GitProject/CH32TidyComponent/CH592Lib/MESH_LIB\libMESH.a(mesh_hal_rf.o)
                0x000000000000b2a8                hal_rf_rx_cancel
 .text.hal_rf_tx_send
                0x000000000000b300       0x64 c:/GitProject/CH32TidyComponent/CH592Lib/MESH_LIB\libMESH.a(mesh_hal_rf.o)
                0x000000000000b300                hal_rf_tx_send
 .text.cli_reset
                0x000000000000b364       0x20 c:/GitProject/CH32TidyComponent/CH592Lib/MESH_LIB\libMESH.a(mesh_health_cli.o)
 .text.cfg_rsp_recv
                0x000000000000b384       0x30 c:/GitProject/CH32TidyComponent/CH592Lib/MESH_LIB\libMESH.a(mesh_health_cli.o)
 .text.health_current_status
                0x000000000000b3b4       0x3c c:/GitProject/CH32TidyComponent/CH592Lib/MESH_LIB\libMESH.a(mesh_health_cli.o)
 .text.health_cli_init
                0x000000000000b3f0       0x38 c:/GitProject/CH32TidyComponent/CH592Lib/MESH_LIB\libMESH.a(mesh_health_cli.o)
 .text.sync_handler
                0x000000000000b428       0x20 c:/GitProject/CH32TidyComponent/CH592Lib/MESH_LIB\libMESH.a(mesh_health_cli.o)
 .text.health_attention_status
                0x000000000000b448       0x34 c:/GitProject/CH32TidyComponent/CH592Lib/MESH_LIB\libMESH.a(mesh_health_cli.o)
 .text.health_period_status
                0x000000000000b47c       0x36 c:/GitProject/CH32TidyComponent/CH592Lib/MESH_LIB\libMESH.a(mesh_health_cli.o)
 .text.health_fault_status
                0x000000000000b4b2       0x48 c:/GitProject/CH32TidyComponent/CH592Lib/MESH_LIB\libMESH.a(mesh_health_cli.o)
 .text.attention_off
                0x000000000000b4fa       0x20 c:/GitProject/CH32TidyComponent/CH592Lib/MESH_LIB\libMESH.a(mesh_health_srv.o)
 .text.health_period_set_unack
                0x000000000000b51a       0x28 c:/GitProject/CH32TidyComponent/CH592Lib/MESH_LIB\libMESH.a(mesh_health_srv.o)
 .text.send_attention_status
                0x000000000000b542       0x56 c:/GitProject/CH32TidyComponent/CH592Lib/MESH_LIB\libMESH.a(mesh_health_srv.o)
 .text.attention_get
                0x000000000000b598        0xc c:/GitProject/CH32TidyComponent/CH592Lib/MESH_LIB\libMESH.a(mesh_health_srv.o)
 .text.send_health_period_status
                0x000000000000b5a4       0x46 c:/GitProject/CH32TidyComponent/CH592Lib/MESH_LIB\libMESH.a(mesh_health_srv.o)
 .text.health_period_set
                0x000000000000b5ea       0x18 c:/GitProject/CH32TidyComponent/CH592Lib/MESH_LIB\libMESH.a(mesh_health_srv.o)
 .text.health_period_get
                0x000000000000b602        0xc c:/GitProject/CH32TidyComponent/CH592Lib/MESH_LIB\libMESH.a(mesh_health_srv.o)
 .text.health_fault_test_unack
                0x000000000000b60e       0x38 c:/GitProject/CH32TidyComponent/CH592Lib/MESH_LIB\libMESH.a(mesh_health_srv.o)
 .text.health_fault_clear_unack
                0x000000000000b646       0x22 c:/GitProject/CH32TidyComponent/CH592Lib/MESH_LIB\libMESH.a(mesh_health_srv.o)
 .text.health_get_registered
                0x000000000000b668       0x76 c:/GitProject/CH32TidyComponent/CH592Lib/MESH_LIB\libMESH.a(mesh_health_srv.o)
 .text.health_fault_test
                0x000000000000b6de       0x48 c:/GitProject/CH32TidyComponent/CH592Lib/MESH_LIB\libMESH.a(mesh_health_srv.o)
 .text.health_fault_clear
                0x000000000000b726       0x50 c:/GitProject/CH32TidyComponent/CH592Lib/MESH_LIB\libMESH.a(mesh_health_srv.o)
 .text.health_fault_get
                0x000000000000b776       0x42 c:/GitProject/CH32TidyComponent/CH592Lib/MESH_LIB\libMESH.a(mesh_health_srv.o)
 .text.health_srv_init
                0x000000000000b7b8       0x50 c:/GitProject/CH32TidyComponent/CH592Lib/MESH_LIB\libMESH.a(mesh_health_srv.o)
 .text.health_pub_update
                0x000000000000b808       0xbc c:/GitProject/CH32TidyComponent/CH592Lib/MESH_LIB\libMESH.a(mesh_health_srv.o)
 .text.bt_mesh_attention
                0x000000000000b8c4       0x5c c:/GitProject/CH32TidyComponent/CH592Lib/MESH_LIB\libMESH.a(mesh_health_srv.o)
                0x000000000000b8c4                bt_mesh_attention
 .text.attention_set_unack
                0x000000000000b920       0x18 c:/GitProject/CH32TidyComponent/CH592Lib/MESH_LIB\libMESH.a(mesh_health_srv.o)
 .text.attention_set
                0x000000000000b938       0x18 c:/GitProject/CH32TidyComponent/CH592Lib/MESH_LIB\libMESH.a(mesh_health_srv.o)
 .text.bt_mesh_atomic_test_bit
                0x000000000000b950        0xa c:/GitProject/CH32TidyComponent/CH592Lib/MESH_LIB\libMESH.a(mesh_lpn.o)
 .text.send_friend_poll
                0x000000000000b95a       0xba c:/GitProject/CH32TidyComponent/CH592Lib/MESH_LIB\libMESH.a(mesh_lpn.o)
 .text.sub_update
                0x000000000000ba14      0x17e c:/GitProject/CH32TidyComponent/CH592Lib/MESH_LIB\libMESH.a(mesh_lpn.o)
 .text.clear_friendship
                0x000000000000bb92      0x1a2 c:/GitProject/CH32TidyComponent/CH592Lib/MESH_LIB\libMESH.a(mesh_lpn.o)
 .text.req_sent
                0x000000000000bd34       0x74 c:/GitProject/CH32TidyComponent/CH592Lib/MESH_LIB\libMESH.a(mesh_lpn.o)
 .text.friend_clear_sent
                0x000000000000bda8       0x58 c:/GitProject/CH32TidyComponent/CH592Lib/MESH_LIB\libMESH.a(mesh_lpn.o)
 .text.friend_response_received.constprop.5
                0x000000000000be00       0x6c c:/GitProject/CH32TidyComponent/CH592Lib/MESH_LIB\libMESH.a(mesh_lpn.o)
 .text.bt_mesh_lpn_poll
                0x000000000000be6c       0x1c c:/GitProject/CH32TidyComponent/CH592Lib/MESH_LIB\libMESH.a(mesh_lpn.o)
                0x000000000000be6c                bt_mesh_lpn_poll
 .text.bt_mesh_lpn_disable
                0x000000000000be88       0x1c c:/GitProject/CH32TidyComponent/CH592Lib/MESH_LIB\libMESH.a(mesh_lpn.o)
                0x000000000000be88                bt_mesh_lpn_disable
 .text.bt_mesh_lpn_group_add
                0x000000000000bea4       0x7a c:/GitProject/CH32TidyComponent/CH592Lib/MESH_LIB\libMESH.a(mesh_lpn.o)
                0x000000000000bea4                bt_mesh_lpn_group_add
 .text.bt_mesh_lpn_group_del
                0x000000000000bf1e       0xac c:/GitProject/CH32TidyComponent/CH592Lib/MESH_LIB\libMESH.a(mesh_lpn.o)
                0x000000000000bf1e                bt_mesh_lpn_group_del
 .text.bt_mesh_lpn_msg_received
                0x000000000000bfca       0x20 c:/GitProject/CH32TidyComponent/CH592Lib/MESH_LIB\libMESH.a(mesh_lpn.o)
                0x000000000000bfca                bt_mesh_lpn_msg_received
 .text.get_lsb_set
                0x000000000000bfea       0x24 c:/GitProject/CH32TidyComponent/CH592Lib/MESH_LIB\libMESH.a(mesh_mem.o)
                0x000000000000bfea                get_lsb_set
 .text.get_msb_set
                0x000000000000c00e       0x22 c:/GitProject/CH32TidyComponent/CH592Lib/MESH_LIB\libMESH.a(mesh_mem.o)
                0x000000000000c00e                get_msb_set
 .text.n_malloc
                0x000000000000c030       0xa2 c:/GitProject/CH32TidyComponent/CH592Lib/MESH_LIB\libMESH.a(mesh_mem.o)
                0x000000000000c030                n_malloc
 .text.mesh_mem_init
                0x000000000000c0d2       0x1e c:/GitProject/CH32TidyComponent/CH592Lib/MESH_LIB\libMESH.a(mesh_mem.o)
                0x000000000000c0d2                mesh_mem_init
 .text.bt_mesh_subnet_get.part.2
                0x000000000000c0f0       0x38 c:/GitProject/CH32TidyComponent/CH592Lib/MESH_LIB\libMESH.a(mesh_net.o)
 .text.net_decrypt.isra.1
                0x000000000000c128      0x138 c:/GitProject/CH32TidyComponent/CH592Lib/MESH_LIB\libMESH.a(mesh_net.o)
 .text._set_mesh_net_buf
                0x000000000000c260      0x144 c:/GitProject/CH32TidyComponent/CH592Lib/MESH_LIB\libMESH.a(mesh_net.o)
                0x000000000000c260                _set_mesh_net_buf
 .text.bt_mesh_is_provisioned
                0x000000000000c3a4        0xe c:/GitProject/CH32TidyComponent/CH592Lib/MESH_LIB\libMESH.a(mesh_net.o)
                0x000000000000c3a4                bt_mesh_is_provisioned
 .text.bt_mesh_subnet_get
                0x000000000000c3b2       0x22 c:/GitProject/CH32TidyComponent/CH592Lib/MESH_LIB\libMESH.a(mesh_net.o)
                0x000000000000c3b2                bt_mesh_subnet_get
 .text.bt_mesh_net_flags
                0x000000000000c3d4       0x24 c:/GitProject/CH32TidyComponent/CH592Lib/MESH_LIB\libMESH.a(mesh_net.o)
                0x000000000000c3d4                bt_mesh_net_flags
 .text.bt_mesh_net_beacon_update
                0x000000000000c3f8       0x38 c:/GitProject/CH32TidyComponent/CH592Lib/MESH_LIB\libMESH.a(mesh_net.o)
                0x000000000000c3f8                bt_mesh_net_beacon_update
 .text.bt_mesh_net_iv_update
                0x000000000000c430      0x176 c:/GitProject/CH32TidyComponent/CH592Lib/MESH_LIB\libMESH.a(mesh_net.o)
                0x000000000000c430                bt_mesh_net_iv_update
 .text.ivu_refresh
                0x000000000000c5a6       0x7a c:/GitProject/CH32TidyComponent/CH592Lib/MESH_LIB\libMESH.a(mesh_net.o)
 .text.bt_mesh_net_revoke_keys
                0x000000000000c620       0x88 c:/GitProject/CH32TidyComponent/CH592Lib/MESH_LIB\libMESH.a(mesh_net.o)
                0x000000000000c620                bt_mesh_net_revoke_keys
 .text.bt_mesh_net_sec_update
                0x000000000000c6a8       0x42 c:/GitProject/CH32TidyComponent/CH592Lib/MESH_LIB\libMESH.a(mesh_net.o)
                0x000000000000c6a8                bt_mesh_net_sec_update
 .text.bt_mesh_next_seq
                0x000000000000c6ea       0x58 c:/GitProject/CH32TidyComponent/CH592Lib/MESH_LIB\libMESH.a(mesh_net.o)
                0x000000000000c6ea                bt_mesh_next_seq
 .text.bt_mesh_msg_cache_clear
                0x000000000000c742       0x52 c:/GitProject/CH32TidyComponent/CH592Lib/MESH_LIB\libMESH.a(mesh_net.o)
                0x000000000000c742                bt_mesh_msg_cache_clear
 .text.bt_mesh_net_decode
                0x000000000000c794      0x31a c:/GitProject/CH32TidyComponent/CH592Lib/MESH_LIB\libMESH.a(mesh_net.o)
                0x000000000000c794                bt_mesh_net_decode
 .text.bt_mesh_net_recv
                0x000000000000caae      0x2b4 c:/GitProject/CH32TidyComponent/CH592Lib/MESH_LIB\libMESH.a(mesh_net.o)
                0x000000000000caae                bt_mesh_net_recv
 .text.bt_mesh_net_local
                0x000000000000cd62       0x2e c:/GitProject/CH32TidyComponent/CH592Lib/MESH_LIB\libMESH.a(mesh_net.o)
 .text.bt_mesh_net_keys_create
                0x000000000000cd90       0x7e c:/GitProject/CH32TidyComponent/CH592Lib/MESH_LIB\libMESH.a(mesh_net.o)
                0x000000000000cd90                bt_mesh_net_keys_create
 .text.bt_mesh_net_create
                0x000000000000ce0e       0xba c:/GitProject/CH32TidyComponent/CH592Lib/MESH_LIB\libMESH.a(mesh_net.o)
                0x000000000000ce0e                bt_mesh_net_create
 .text.friend_cred_clear
                0x000000000000cec8       0x26 c:/GitProject/CH32TidyComponent/CH592Lib/MESH_LIB\libMESH.a(mesh_net.o)
                0x000000000000cec8                friend_cred_clear
 .text.friend_cred_del
                0x000000000000ceee       0x50 c:/GitProject/CH32TidyComponent/CH592Lib/MESH_LIB\libMESH.a(mesh_net.o)
                0x000000000000ceee                friend_cred_del
 .text.friend_cred_set
                0x000000000000cf3e       0xa0 c:/GitProject/CH32TidyComponent/CH592Lib/MESH_LIB\libMESH.a(mesh_net.o)
                0x000000000000cf3e                friend_cred_set
 .text.friend_cred_get
                0x000000000000cfde       0xa0 c:/GitProject/CH32TidyComponent/CH592Lib/MESH_LIB\libMESH.a(mesh_net.o)
                0x000000000000cfde                friend_cred_get
 .text.bt_mesh_net_encode
                0x000000000000d07e      0x16a c:/GitProject/CH32TidyComponent/CH592Lib/MESH_LIB\libMESH.a(mesh_net.o)
                0x000000000000d07e                bt_mesh_net_encode
 .text.bt_mesh_net_send