Archive member included to satisfy reference by file (symbol)

C:\Users\xtx\OneDrive - xutongxin (1)\Doc\CH\CH592\EVT\EXAM\SRC\StdPeriphDriver\libISP592.a(ISP583.o)
                              ./StdPeriphDriver/CH59x_flash.o (FLASH_EEPROM_CMD)
C:\Users\xtx\OneDrive - xutongxin (1)\Doc\CH\CH592\EVT\EXAM\BLE\MESH\MESH_LIB\libMESH.a(mesh_access.o)
                              ./APP/app_vendor_model_srv.o (bt_mesh_model_msg_init)
C:\Users\xtx\OneDrive - xutongxin (1)\Doc\CH\CH592\EVT\EXAM\BLE\MESH\MESH_LIB\libMESH.a(mesh_adapt.o)
                              C:\Users\xtx\OneDrive - xutongxin (1)\Doc\CH\CH592\EVT\EXAM\BLE\MESH\MESH_LIB\libMESH.a(mesh_access.o) (k_uptime_get_32)
C:\Users\xtx\OneDrive - xutongxin (1)\Doc\CH\CH592\EVT\EXAM\BLE\MESH\MESH_LIB\libMESH.a(mesh_adv.o)
                              C:\Users\xtx\OneDrive - xutongxin (1)\Doc\CH\CH592\EVT\EXAM\BLE\MESH\MESH_LIB\libMESH.a(mesh_adapt.o) (adv_conn_set_state)
C:\Users\xtx\OneDrive - xutongxin (1)\Doc\CH\CH592\EVT\EXAM\BLE\MESH\MESH_LIB\libMESH.a(mesh_api.o)
                              C:\Users\xtx\OneDrive - xutongxin (1)\Doc\CH\CH592\EVT\EXAM\BLE\MESH\MESH_LIB\libMESH.a(mesh_adv.o) (adv_buf_count_get)
C:\Users\xtx\OneDrive - xutongxin (1)\Doc\CH\CH592\EVT\EXAM\BLE\MESH\MESH_LIB\libMESH.a(mesh_beacon.o)
                              C:\Users\xtx\OneDrive - xutongxin (1)\Doc\CH\CH592\EVT\EXAM\BLE\MESH\MESH_LIB\libMESH.a(mesh_adv.o) (bt_mesh_beacon_recv)
C:\Users\xtx\OneDrive - xutongxin (1)\Doc\CH\CH592\EVT\EXAM\BLE\MESH\MESH_LIB\libMESH.a(mesh_buf.o)
                              C:\Users\xtx\OneDrive - xutongxin (1)\Doc\CH\CH592\EVT\EXAM\BLE\MESH\MESH_LIB\libMESH.a(mesh_beacon.o) (net_buf_simple_pull_mem)
C:\Users\xtx\OneDrive - xutongxin (1)\Doc\CH\CH592\EVT\EXAM\BLE\MESH\MESH_LIB\libMESH.a(mesh_cfg_cli.o)
                              C:\Users\xtx\OneDrive - xutongxin (1)\Doc\CH\CH592\EVT\EXAM\BLE\MESH\MESH_LIB\libMESH.a(mesh_access.o) (bt_mesh_cfg_cli_cb)
C:\Users\xtx\OneDrive - xutongxin (1)\Doc\CH\CH592\EVT\EXAM\BLE\MESH\MESH_LIB\libMESH.a(mesh_cfg_srv.o)
                              C:\Users\xtx\OneDrive - xutongxin (1)\Doc\CH\CH592\EVT\EXAM\BLE\MESH\MESH_LIB\libMESH.a(mesh_api.o) (_set_mesh_configserver_buf)
C:\Users\xtx\OneDrive - xutongxin (1)\Doc\CH\CH592\EVT\EXAM\BLE\MESH\MESH_LIB\libMESH.a(mesh_crypto.o)
                              C:\Users\xtx\OneDrive - xutongxin (1)\Doc\CH\CH592\EVT\EXAM\BLE\MESH\MESH_LIB\libMESH.a(mesh_beacon.o) (bt_mesh_aes_cmac)
C:\Users\xtx\OneDrive - xutongxin (1)\Doc\CH\CH592\EVT\EXAM\BLE\MESH\MESH_LIB\libMESH.a(mesh_friend.o)
                              C:\Users\xtx\OneDrive - xutongxin (1)\Doc\CH\CH592\EVT\EXAM\BLE\MESH\MESH_LIB\libMESH.a(mesh_api.o) (_set_mesh_friend_buf)
C:\Users\xtx\OneDrive - xutongxin (1)\Doc\CH\CH592\EVT\EXAM\BLE\MESH\MESH_LIB\libMESH.a(mesh_hal_rf.o)
                              C:\Users\xtx\OneDrive - xutongxin (1)\Doc\CH\CH592\EVT\EXAM\BLE\MESH\MESH_LIB\libMESH.a(mesh_adapt.o) (hal_rf_set_rx_cb)
C:\Users\xtx\OneDrive - xutongxin (1)\Doc\CH\CH592\EVT\EXAM\BLE\MESH\MESH_LIB\libMESH.a(mesh_health_cli.o)
                              C:\Users\xtx\OneDrive - xutongxin (1)\Doc\CH\CH592\EVT\EXAM\BLE\MESH\MESH_LIB\libMESH.a(mesh_access.o) (bt_mesh_health_cli_cb)
C:\Users\xtx\OneDrive - xutongxin (1)\Doc\CH\CH592\EVT\EXAM\BLE\MESH\MESH_LIB\libMESH.a(mesh_health_srv.o)
                              ./APP/app.o (bt_mesh_health_mod_srv_cb)
C:\Users\xtx\OneDrive - xutongxin (1)\Doc\CH\CH592\EVT\EXAM\BLE\MESH\MESH_LIB\libMESH.a(mesh_lpn.o)
                              C:\Users\xtx\OneDrive - xutongxin (1)\Doc\CH\CH592\EVT\EXAM\BLE\MESH\MESH_LIB\libMESH.a(mesh_api.o) (bt_mesh_lpn_disable)
C:\Users\xtx\OneDrive - xutongxin (1)\Doc\CH\CH592\EVT\EXAM\BLE\MESH\MESH_LIB\libMESH.a(mesh_mem.o)
                              C:\Users\xtx\OneDrive - xutongxin (1)\Doc\CH\CH592\EVT\EXAM\BLE\MESH\MESH_LIB\libMESH.a(mesh_cfg_srv.o) (get_msb_set)
C:\Users\xtx\OneDrive - xutongxin (1)\Doc\CH\CH592\EVT\EXAM\BLE\MESH\MESH_LIB\libMESH.a(mesh_net.o)
                              C:\Users\xtx\OneDrive - xutongxin (1)\Doc\CH\CH592\EVT\EXAM\BLE\MESH\MESH_LIB\libMESH.a(mesh_api.o) (_set_mesh_net_buf)
C:\Users\xtx\OneDrive - xutongxin (1)\Doc\CH\CH592\EVT\EXAM\BLE\MESH\MESH_LIB\libMESH.a(mesh_nvs.o)
                              C:\Users\xtx\OneDrive - xutongxin (1)\Doc\CH\CH592\EVT\EXAM\BLE\MESH\MESH_LIB\libMESH.a(mesh_api.o) (_set_mesh_settings_buf)
C:\Users\xtx\OneDrive - xutongxin (1)\Doc\CH\CH592\EVT\EXAM\BLE\MESH\MESH_LIB\libMESH.a(mesh_prov.o)
                              C:\Users\xtx\OneDrive - xutongxin (1)\Doc\CH\CH592\EVT\EXAM\BLE\MESH\MESH_LIB\libMESH.a(mesh_nvs.o) (bt_mesh_node_alloc)
C:\Users\xtx\OneDrive - xutongxin (1)\Doc\CH\CH592\EVT\EXAM\BLE\MESH\MESH_LIB\libMESH.a(mesh_proxy.o)
                              C:\Users\xtx\OneDrive - xutongxin (1)\Doc\CH\CH592\EVT\EXAM\BLE\MESH\MESH_LIB\libMESH.a(mesh_api.o) (_set_mesh_proxy_buf)
[...]
Memory Configuration

Name             Origin             Length             Attributes
FLASH            0x0000000000000000 0x0000000000070000 xr
RAM              0x0000000020000000 0x0000000000006800 xrw
*default*        0x0000000000000000 0xffffffffffffffff

Linker script and memory map

LOAD ./StdPeriphDriver/CH59x_adc.o
LOAD ./StdPeriphDriver/CH59x_clk.o
LOAD ./StdPeriphDriver/CH59x_flash.o
LOAD ./StdPeriphDriver/CH59x_gpio.o
LOAD ./StdPeriphDriver/CH59x_i2c.o
LOAD ./StdPeriphDriver/CH59x_lcd.o
LOAD ./StdPeriphDriver/CH59x_pwm.o
LOAD ./StdPeriphDriver/CH59x_pwr.o
LOAD ./StdPeriphDriver/CH59x_spi0.o
LOAD ./StdPeriphDriver/CH59x_sys.o
LOAD ./StdPeriphDriver/CH59x_timer0.o
LOAD ./StdPeriphDriver/CH59x_timer1.o
LOAD ./StdPeriphDriver/CH59x_timer2.o
LOAD ./StdPeriphDriver/CH59x_timer3.o
LOAD ./StdPeriphDriver/CH59x_uart0.o
LOAD ./StdPeriphDriver/CH59x_uart1.o
LOAD ./StdPeriphDriver/CH59x_uart2.o
LOAD ./StdPeriphDriver/CH59x_uart3.o
LOAD ./StdPeriphDriver/CH59x_usbdev.o
LOAD ./StdPeriphDriver/CH59x_usbhostBase.o
LOAD ./StdPeriphDriver/CH59x_usbhostClass.o
LOAD ./Startup/startup_CH592.o
LOAD ./RVMSIS/core_riscv.o
LOAD ./LIB/ble_task_scheduler.o
LOAD ./HAL/KEY.o
LOAD ./HAL/LED.o
LOAD ./HAL/MCU.o
LOAD ./HAL/RTC.o
LOAD ./HAL/SLEEP.o
LOAD ./APP/app.o
LOAD ./APP/app_main.o
LOAD ./APP/app_mesh_config.o
LOAD ./APP/app_vendor_model_srv.o
LOAD C:\Users\xtx\OneDrive - xutongxin (1)\Doc\CH\CH592\EVT\EXAM\SRC\StdPeriphDriver\libISP592.a
LOAD C:\Users\xtx\OneDrive - xutongxin (1)\Doc\CH\CH592\EVT\EXAM\BLE\MESH\MESH_LIB\libMESH.a
LOAD C:\Users\xtx\OneDrive - xutongxin (1)\Doc\CH\CH592\EVT\EXAM\BLE\LIB\libCH59xBLE.a
LOAD c:/path/mounriver/mounriver_studio/toolchain/risc-v embedded gcc/bin/../lib/gcc/riscv-none-embed/8.2.0/rv32imac/ilp32\libgcc.a
LOAD c:/path/mounriver/mounriver_studio/toolchain/risc-v embedded gcc/bin/../lib/gcc/riscv-none-embed/8.2.0/../../../../riscv-none-embed/lib/rv32imac/ilp32\libg_nano.a
LOAD c:/path/mounriver/mounriver_studio/toolchain/risc-v embedded gcc/bin/../lib/gcc/riscv-none-embed/8.2.0/../../../../riscv-none-embed/lib/rv32imac/ilp32\libc_nano.a
LOAD c:/path/mounriver/mounriver_studio/toolchain/risc-v embedded gcc/bin/../lib/gcc/riscv-none-embed/8.2.0/rv32imac/ilp32\libgcc.a
START GROUP
LOAD c:/path/mounriver/mounriver_studio/toolchain/risc-v embedded gcc/bin/../lib/gcc/riscv-none-embed/8.2.0/rv32imac/ilp32\libgcc.a
LOAD c:/path/mounriver/mounriver_studio/toolchain/risc-v embedded gcc/bin/../lib/gcc/riscv-none-embed/8.2.0/../../../../riscv-none-embed/lib/rv32imac/ilp32\libc_nano.a
LOAD c:/path/mounriver/mounriver_studio/toolchain/risc-v embedded gcc/bin/../lib/gcc/riscv-none-embed/8.2.0/../../../../riscv-none-embed/lib/rv32imac/ilp32\libnosys.a
END GROUP
START GROUP
LOAD c:/path/mounriver/mounriver_studio/toolchain/risc-v embedded gcc/bin/../lib/gcc/riscv-none-embed/8.2.0/rv32imac/ilp32\libgcc.a
LOAD c:/path/mounriver/mounriver_studio/toolchain/risc-v embedded gcc/bin/../lib/gcc/riscv-none-embed/8.2.0/../../../../riscv-none-embed/lib/rv32imac/ilp32\libc_nano.a
LOAD c:/path/mounriver/mounriver_studio/toolchain/risc-v embedded gcc/bin/../lib/gcc/riscv-none-embed/8.2.0/../../../../riscv-none-embed/lib/rv32imac/ilp32\libnosys.a
END GROUP
                0x0000000000000200                __stack_size = 0x200
                [!provide]                        PROVIDE (_stack_size = __stack_size)

.init           0x0000000000000000        0x4
                0x0000000000000000                _sinit = .
                0x0000000000000000                . = ALIGN (0x4)
 *(SORT_NONE(.init))
 .init          0x0000000000000000        0x4 ./Startup/startup_CH592.o
                0x0000000000000000                _start
                0x0000000000000004                . = ALIGN (0x4)
                0x0000000000000004                _einit = .

.highcodelalign
                0x0000000000000004        0x0
                0x0000000000000004                . = ALIGN (0x4)
                0x0000000000000004                PROVIDE (_highcode_lma = .)

.highcode       0x0000000020000000     0x1930 load address 0x0000000000000004
                0x0000000020000000                . = ALIGN (0x4)
                0x0000000020000000                PROVIDE (_highcode_vma_start = .)
 *(.vector)
 .vector        0x0000000020000000       0x90 ./Startup/startup_CH592.o
 *(SORT_NONE(.vector_handler))
 .vector_handler
                0x0000000020000090        0x2 ./Startup/startup_CH592.o
                0x0000000020000090                GPIOB_IRQHandler
                0x0000000020000090                GPIOA_IRQHandler
                0x0000000020000090                SysTick_Handler
                0x0000000020000090                NMI_Handler
                0x0000000020000090                UART1_IRQHandler
                0x0000000020000090                UART0_IRQHandler
                0x0000000020000090                BB_IRQHandler
                0x0000000020000090                Break_Point_Handler
                0x0000000020000090                TMR0_IRQHandler
                0x0000000020000090                UART2_IRQHandler
                0x0000000020000090                PWMX_IRQHandler
                0x0000000020000090                ADC_IRQHandler
                0x0000000020000090                TMR2_IRQHandler
                0x0000000020000090                USB_IRQHandler
                0x0000000020000090                I2C_IRQHandler
                0x0000000020000090                WDOG_BAT_IRQHandler
                0x0000000020000090                TMR3_IRQHandler
                0x0000000020000090                SW_Handler
                0x0000000020000090                SPI0_IRQHandler
                0x0000000020000090                UART3_IRQHandler
                0x0000000020000090                TMR1_IRQHandler
 *(.highcode)
 .highcode      0x0000000020000092       0x18 ./StdPeriphDriver/CH59x_clk.o
                0x0000000020000092                RTC_GetCycle32k
 .highcode      0x00000000200000aa      0x2b0 ./StdPeriphDriver/CH59x_sys.o
                0x00000000200000aa                SetSysClock
                0x000000002000024c                SYS_ResetExecute
                0x00000000200002a4                HardFault_Handler
                0x0000000020000324                mDelayuS
                0x0000000020000332                mDelaymS
 *fill*         0x000000002000035a        0x2 
 .highcode      0x000000002000035c       0x4e ./LIB/ble_task_scheduler.o
                0x000000002000035c                Ecall_U_Mode_Handler
                0x000000002000035c                Ecall_M_Mode_Handler
 .highcode      0x00000000200003aa       0x2e ./HAL/RTC.o
                0x00000000200003c2                RTC_IRQHandler
 .highcode      0x00000000200003d8        0xa ./APP/app_main.o
                0x00000000200003d8                Main_Circulation
 .highcode      0x00000000200003e2      0x426 C:\Users\xtx\OneDrive - xutongxin (1)\Doc\CH\CH592\EVT\EXAM\SRC\StdPeriphDriver\libISP592.a(ISP583.o)
                0x00000000200003e2                FLASH_ROM_BEG
                0x00000000200003f4                FLASH_ROM_END
                0x0000000020000402                FLASH_ROM_IN
                0x0000000020000410                FLASH_ROM_OUT
                0x000000002000041e                FLASH_ROM_ADDR
                0x0000000020000466                FLASH_ROM_WAIT
                0x000000002000049e                FLASH_EEPROM_CMD
 .highcode      0x0000000020000808       0x2e C:\Users\xtx\OneDrive - xutongxin (1)\Doc\CH\CH592\EVT\EXAM\BLE\MESH\MESH_LIB\libMESH.a(mesh_hal_rf.o)
                0x0000000020000808                RF_Wait_Tx_End
 .highcode      0x0000000020000836      0x31c C:\Users\xtx\OneDrive - xutongxin (1)\Doc\CH\CH592\EVT\EXAM\BLE\MESH\MESH_LIB\libMESH.a(uECC.o)
                0x00000000200008c8                uECC_vli_clear
                0x00000000200008e4                uECC_vli_isZero
                0x0000000020000906                uECC_vli_testBit
                0x000000002000091a                uECC_vli_numBits
                0x0000000020000952                uECC_vli_set
                0x0000000020000972                uECC_vli_equal
                0x00000000200009a0                uECC_vli_rshift1
                0x00000000200009c0                uECC_vli_add
                0x00000000200009fa                uECC_vli_sub
                0x0000000020000a3a                uECC_vli_cmp
                0x0000000020000a6e                uECC_vli_mult
 *(.highcode.*)
 *fill*         0x0000000020000b52        0x2 
 .highcode.LLE_IRQHandler
                0x0000000020000b54       0x86 ./LIB/ble_task_scheduler.o
                0x0000000020000b54                LLE_IRQHandler
 .highcode.tmos_memcpy
                0x0000000020000bda       0x3e C:\Users\xtx\OneDrive - xutongxin (1)\Doc\CH\CH592\EVT\EXAM\BLE\LIB\libCH59xBLE.a(tmos.o)
                0x0000000020000bda                tmos_memcpy
 .highcode.tmos_memset
                0x0000000020000c18       0x32 C:\Users\xtx\OneDrive - xutongxin (1)\Doc\CH\CH592\EVT\EXAM\BLE\LIB\libCH59xBLE.a(tmos.o)
                0x0000000020000c18                tmos_memset
 .highcode.tmos_memcmp
                0x0000000020000c4a       0x4e C:\Users\xtx\OneDrive - xutongxin (1)\Doc\CH\CH592\EVT\EXAM\BLE\LIB\libCH59xBLE.a(tmos.o)
                0x0000000020000c4a                tmos_memcmp
 .highcode.tmos_revmemcpy
                0x0000000020000c98       0x38 C:\Users\xtx\OneDrive - xutongxin (1)\Doc\CH\CH592\EVT\EXAM\BLE\LIB\libCH59xBLE.a(tmos.o)
                0x0000000020000c98                tmos_revmemcpy
 .highcode.tmos_isbufset
                0x0000000020000cd0       0x42 C:\Users\xtx\OneDrive - xutongxin (1)\Doc\CH\CH592\EVT\EXAM\BLE\LIB\libCH59xBLE.a(tmos.o)
                0x0000000020000cd0                tmos_isbufset
 .highcode.tmos_proces_system_time
                0x0000000020000d12      0x144 C:\Users\xtx\OneDrive - xutongxin (1)\Doc\CH\CH592\EVT\EXAM\BLE\LIB\libCH59xBLE.a(tmos.o)
 .highcode.ble_controller_func
                0x0000000020000e56       0x40 C:\Users\xtx\OneDrive - xutongxin (1)\Doc\CH\CH592\EVT\EXAM\BLE\LIB\libCH59xBLE.a(tmos.o)
                0x0000000020000e56                ble_controller_func
 .highcode.TMOS_SystemProcess
                0x0000000020000e96      0x206 C:\Users\xtx\OneDrive - xutongxin (1)\Doc\CH\CH592\EVT\EXAM\BLE\LIB\libCH59xBLE.a(tmos.o)
                0x0000000020000e96                TMOS_SystemProcess
 .highcode.clockGetHSEValue
                0x000000002000109c       0x36 C:\Users\xtx\OneDrive - xutongxin (1)\Doc\CH\CH592\EVT\EXAM\BLE\LIB\libCH59xBLE.a(tmos_hw.o)
 *fill*         0x00000000200010d2        0x2 
 .highcode.ble_controller_scheduler
                0x00000000200010d4        0xa C:\Users\xtx\OneDrive - xutongxin (1)\Doc\CH\CH592\EVT\EXAM\BLE\LIB\libCH59xBLE.a(ble_task_process.o)
 *fill*         0x00000000200010de        0x2 
 .highcode.LLE_IRQLibHandler
                0x00000000200010e0       0x3a C:\Users\xtx\OneDrive - xutongxin (1)\Doc\CH\CH592\EVT\EXAM\BLE\LIB\libCH59xBLE.a(ble_task_process.o)
                0x00000000200010e0                LLE_IRQLibHandler
 .highcode.BB_IRQLibHandler
                0x000000002000111a      0x106 C:\Users\xtx\OneDrive - xutongxin (1)\Doc\CH\CH592\EVT\EXAM\BLE\LIB\libCH59xBLE.a(bb.o)
                0x000000002000111a                BB_IRQLibHandler
 .highcode.BB_IRQLibFunction
                0x0000000020001220        0x6 C:\Users\xtx\OneDrive - xutongxin (1)\Doc\CH\CH592\EVT\EXAM\BLE\LIB\libCH59xBLE.a(bb.o)
                0x0000000020001220                BB_IRQLibFunction
 .highcode.lleIrqHandler
                0x0000000020001226      0x16e C:\Users\xtx\OneDrive - xutongxin (1)\Doc\CH\CH592\EVT\EXAM\BLE\LIB\libCH59xBLE.a(ip.o)
 .highcode.ll_rx_wait_finish
                0x0000000020001394       0x3e C:\Users\xtx\OneDrive - xutongxin (1)\Doc\CH\CH592\EVT\EXAM\BLE\LIB\libCH59xBLE.a(ip.o)
                0x0000000020001394                ll_rx_wait_finish
 .highcode.ble_ll_chkcrc
                0x00000000200013d2       0x92 C:\Users\xtx\OneDrive - xutongxin (1)\Doc\CH\CH592\EVT\EXAM\BLE\LIB\libCH59xBLE.a(ip.o)
                0x00000000200013d2                ble_ll_chkcrc
 .highcode.ll_tx_wait_finish
                0x0000000020001464      0x15c C:\Users\xtx\OneDrive - xutongxin (1)\Doc\CH\CH592\EVT\EXAM\BLE\LIB\libCH59xBLE.a(ip.o)
                0x0000000020001464                ll_tx_wait_finish
 .highcode.LLE_IRQSubHandler
                0x00000000200015c0       0x24 C:\Users\xtx\OneDrive - xutongxin (1)\Doc\CH\CH592\EVT\EXAM\BLE\LIB\libCH59xBLE.a(lle.o)
                0x00000000200015c0                LLE_IRQSubHandler
 .highcode.RF_HopGetChannel
                0x00000000200015e4       0x6e C:\Users\xtx\OneDrive - xutongxin (1)\Doc\CH\CH592\EVT\EXAM\BLE\LIB\libCH59xBLE.a(rf_fh.o)
                0x00000000200015e4                RF_HopGetChannel
 .highcode.RF_FrequencyHoppingGet
                0x0000000020001652       0xa8 C:\Users\xtx\OneDrive - xutongxin (1)\Doc\CH\CH592\EVT\EXAM\BLE\LIB\libCH59xBLE.a(rf_fh.o)
                0x0000000020001652                RF_FrequencyHoppingGet
 .highcode.RFEND_WaitTune
                0x00000000200016fa       0x3a C:\Users\xtx\OneDrive - xutongxin (1)\Doc\CH\CH592\EVT\EXAM\BLE\LIB\libCH59xBLE.a(rfend.o)
                0x00000000200016fa                RFEND_WaitTune
 .highcode.tmos_memory_allocate
                0x0000000020001734       0xf2 C:\Users\xtx\OneDrive - xutongxin (1)\Doc\CH\CH592\EVT\EXAM\BLE\LIB\libCH59xBLE.a(memory.o)
                0x0000000020001734                tmos_memory_allocate
 .highcode.tmos_memory_free
                0x0000000020001826      0x108 C:\Users\xtx\OneDrive - xutongxin (1)\Doc\CH\CH592\EVT\EXAM\BLE\LIB\libCH59xBLE.a(memory.o)
                0x0000000020001826                tmos_memory_free
                0x0000000020001930                . = ALIGN (0x4)
 *fill*         0x000000002000192e        0x2 
                0x0000000020001930                PROVIDE (_highcode_vma_end = .)

.text           0x0000000000001934    0x1b788
                0x0000000000001934                . = ALIGN (0x4)
 *(SORT_NONE(.handle_reset))
 .handle_reset  0x0000000000001934       0xae ./Startup/startup_CH592.o
                0x0000000000001934                handle_reset
 *(.text)
 .text          0x00000000000019e2       0x60 c:/path/mounriver/mounriver_studio/toolchain/risc-v embedded gcc/bin/../lib/gcc/riscv-none-embed/8.2.0/rv32imac/ilp32\libgcc.a(save-restore.o)
                0x00000000000019e2                __riscv_save_12
                0x00000000000019ea                __riscv_save_9
                0x00000000000019ea                __riscv_save_11
                0x00000000000019ea                __riscv_save_10
                0x00000000000019ea                __riscv_save_8
                0x00000000000019f8                __riscv_save_4
                0x00000000000019f8                __riscv_save_6
                0x00000000000019f8                __riscv_save_5
                0x00000000000019f8                __riscv_save_7
                0x0000000000001a12                __riscv_save_3
                0x0000000000001a12                __riscv_save_2
                0x0000000000001a12                __riscv_save_1
                0x0000000000001a12                __riscv_save_0
                0x0000000000001a1e                __riscv_restore_12
                0x0000000000001a22                __riscv_restore_11
                0x0000000000001a22                __riscv_restore_9
                0x0000000000001a22                __riscv_restore_10
                0x0000000000001a22                __riscv_restore_8
                0x0000000000001a2c                __riscv_restore_5
                0x0000000000001a2c                __riscv_restore_7
                0x0000000000001a2c                __riscv_restore_6
                0x0000000000001a2c                __riscv_restore_4
                0x0000000000001a36                __riscv_restore_3
                0x0000000000001a36                __riscv_restore_0
                0x0000000000001a36                __riscv_restore_2
                0x0000000000001a36                __riscv_restore_1
 .text          0x0000000000001a42       0xa8 c:/path/mounriver/mounriver_studio/toolchain/risc-v embedded gcc/bin/../lib/gcc/riscv-none-embed/8.2.0/../../../../riscv-none-embed/lib/rv32imac/ilp32\libg_nano.a(lib_a-memset.o)
                0x0000000000001a42                memset
 .text          0x0000000000001aea      0x11e c:/path/mounriver/mounriver_studio/toolchain/risc-v embedded gcc/bin/../lib/gcc/riscv-none-embed/8.2.0/../../../../riscv-none-embed/lib/rv32imac/ilp32\libg_nano.a(lib_a-strcmp.o)
                0x0000000000001aea                strcmp
 *(.text.*)
 .text.ADC_InterTSSampInit
                0x0000000000001c08       0x34 ./StdPeriphDriver/CH59x_adc.o
                0x0000000000001c08                ADC_InterTSSampInit
 .text.LSECFG_Current
                0x0000000000001c3c       0x4e ./StdPeriphDriver/CH59x_clk.o
                0x0000000000001c3c                LSECFG_Current
 .text.RTC_InitTime
                0x0000000000001c8a      0x1d0 ./StdPeriphDriver/CH59x_clk.o
                0x0000000000001c8a                RTC_InitTime
 .text.Calibration_LSI
                0x0000000000001e5a      0x89a ./StdPeriphDriver/CH59x_clk.o
                0x0000000000001e5a                Calibration_LSI
 .text.GPIOA_ModeCfg
                0x00000000000026f4       0xa6 ./StdPeriphDriver/CH59x_gpio.o
                0x00000000000026f4                GPIOA_ModeCfg
 .text.GetSysClock
                0x000000000000279a       0x40 ./StdPeriphDriver/CH59x_sys.o
                0x000000000000279a                GetSysClock
 .text.SYS_DisableAllIrq
                0x00000000000027da       0x1c ./StdPeriphDriver/CH59x_sys.o
                0x00000000000027da                SYS_DisableAllIrq
 .text.SYS_RecoverIrq
                0x00000000000027f6       0x14 ./StdPeriphDriver/CH59x_sys.o
                0x00000000000027f6                SYS_RecoverIrq
 .text.SYS_GetSysTickCnt
                0x000000000000280a        0xa ./StdPeriphDriver/CH59x_sys.o
                0x000000000000280a                SYS_GetSysTickCnt
 .text._write   0x0000000000002814       0x28 ./StdPeriphDriver/CH59x_sys.o
                0x0000000000002814                _write
 .text._sbrk    0x000000000000283c       0x34 ./StdPeriphDriver/CH59x_sys.o
                0x000000000000283c                _sbrk
 .text.UART1_BaudRateCfg
                0x0000000000002870       0x30 ./StdPeriphDriver/CH59x_uart1.o
                0x0000000000002870                UART1_BaudRateCfg
 .text.UART1_DefInit
                0x00000000000028a0       0x32 ./StdPeriphDriver/CH59x_uart1.o
                0x00000000000028a0                UART1_DefInit
 .text.HAL_KeyInit
                0x00000000000028d2       0x42 ./HAL/KEY.o
                0x00000000000028d2                HAL_KeyInit
 .text.HalKeyConfig
                0x0000000000002914       0x12 ./HAL/KEY.o
                0x0000000000002914                HalKeyConfig
 .text.HAL_KeyPoll
                0x0000000000002926       0x3a ./HAL/KEY.o
                0x0000000000002926                HAL_KeyPoll
 .text.Lib_Calibration_LSI
                0x0000000000002960        0x6 ./HAL/MCU.o
                0x0000000000002960                Lib_Calibration_LSI
 .text.Lib_Read_Flash
                0x0000000000002966       0x1c ./HAL/MCU.o
                0x0000000000002966                Lib_Read_Flash
 .text.HAL_GetInterTempValue
                0x0000000000002982       0x72 ./HAL/MCU.o
                0x0000000000002982                HAL_GetInterTempValue
 .text.HAL_ProcessEvent
                0x00000000000029f4       0x9a ./HAL/MCU.o
                0x00000000000029f4                HAL_ProcessEvent
 .text.Lib_Write_Flash_592A
                0x0000000000002a8e       0x84 ./HAL/MCU.o
                0x0000000000002a8e                Lib_Write_Flash_592A
 .text.Lib_Write_Flash
                0x0000000000002b12       0x52 ./HAL/MCU.o
                0x0000000000002b12                Lib_Write_Flash
 .text.CH59x_BLEInit
                0x0000000000002b64      0x138 ./HAL/MCU.o
                0x0000000000002b64                CH59x_BLEInit
 .text.HAL_Init
                0x0000000000002c9c       0x32 ./HAL/MCU.o
                0x0000000000002c9c                HAL_Init
 .text.HAL_TimeInit
                0x0000000000002cce       0xca ./HAL/RTC.o
                0x0000000000002cce                HAL_TimeInit
 .text.app_prov_attn_on
                0x0000000000002d98       0x2e ./APP/app.o
                0x0000000000002d98                app_prov_attn_on
 .text.app_prov_attn_off
                0x0000000000002dc6       0x2e ./APP/app.o
                0x0000000000002dc6                app_prov_attn_off
 .text.link_open
                0x0000000000002df4       0x22 ./APP/app.o
 .text.vendor_model_srv_send
                0x0000000000002e16       0x60 ./APP/app.o
 .text.vendor_model_srv_rsp_handler
                0x0000000000002e76      0x258 ./APP/app.o
 .text.keyPress
                0x00000000000030ce       0x78 ./APP/app.o
                0x00000000000030ce                keyPress
 .text.cfg_srv_rsp_handler
                0x0000000000003146       0xf0 ./APP/app.o
 .text.prov_enable
                0x0000000000003236       0x1c ./APP/app.o
 .text.prov_reset
                0x0000000000003252       0x24 ./APP/app.o
 .text.link_close
                0x0000000000003276       0x5a ./APP/app.o
 .text.prov_complete
                0x00000000000032d0       0x6e ./APP/app.o
 .text.App_ProcessEvent
                0x000000000000333e       0x9e ./APP/app.o
 .text.blemesh_on_sync
                0x00000000000033dc      0x196 ./APP/app.o
                0x00000000000033dc                blemesh_on_sync
 .text.App_Init
                0x0000000000003572       0x4c ./APP/app.o
                0x0000000000003572                App_Init
 .text.bt_mesh_lib_init
                0x00000000000035be       0x48 ./APP/app_main.o
                0x00000000000035be                bt_mesh_lib_init
 .text.startup.main
                0x0000000000003606       0x5a ./APP/app_main.o
                0x0000000000003606                main
 .text.flash_write_protection
                0x0000000000003660        0x4 ./APP/app_mesh_config.o
                0x0000000000003660                flash_write_protection
 .text.erase_flash
                0x0000000000003664       0x26 ./APP/app_mesh_config.o
                0x0000000000003664                erase_flash
 .text.read_flash
                0x000000000000368a       0x1c ./APP/app_mesh_config.o
                0x000000000000368a                read_flash
 .text.write_flash
                0x00000000000036a6       0x34 ./APP/app_mesh_config.o
                0x00000000000036a6                write_flash
 .text.vendor_message_srv_trans
                0x00000000000036da       0x5c ./APP/app_vendor_model_srv.o
 .text.vendor_message_srv_confirm
                0x0000000000003736       0xb8 ./APP/app_vendor_model_srv.o
 .text.vendor_message_srv_write
                0x00000000000037ee       0x6e ./APP/app_vendor_model_srv.o
 .text.adv_srv_trans_send
                0x000000000000385c      0x13c ./APP/app_vendor_model_srv.o
 .text.ind_end  0x0000000000003998       0x14 ./APP/app_vendor_model_srv.o
 .text.ind_start
                0x00000000000039ac       0x4e ./APP/app_vendor_model_srv.o
 .text.ind_reset.constprop.5
                0x00000000000039fa       0x30 ./APP/app_vendor_model_srv.o
 .text.vendor_srv_tid_get
                0x0000000000003a2a       0x26 ./APP/app_vendor_model_srv.o
                0x0000000000003a2a                vendor_srv_tid_get
 .text.vendor_message_srv_send_trans
                0x0000000000003a50       0xe4 ./APP/app_vendor_model_srv.o
                0x0000000000003a50                vendor_message_srv_send_trans
 .text.vendor_message_srv_trans_reset
                0x0000000000003b34       0x2c ./APP/app_vendor_model_srv.o
                0x0000000000003b34                vendor_message_srv_trans_reset
 .text.vendor_model_srv_rsp_recv
                0x0000000000003b60       0x96 ./APP/app_vendor_model_srv.o
 .text.vendor_message_srv_ack
                0x0000000000003bf6       0x66 ./APP/app_vendor_model_srv.o
 .text.vendor_model_srv_ProcessEvent
                0x0000000000003c5c      0x16a ./APP/app_vendor_model_srv.o
 .text.vendor_model_srv_init
                0x0000000000003dc6       0x24 ./APP/app_vendor_model_srv.o
                0x0000000000003dc6                vendor_model_srv_init
 .text.mod_init
                0x0000000000003dea      0x104 C:\Users\xtx\OneDrive - xutongxin (1)\Doc\CH\CH592\EVT\EXAM\BLE\MESH\MESH_LIB\libMESH.a(mesh_access.o)
 .text.publish_start
                0x0000000000003eee       0x22 C:\Users\xtx\OneDrive - xutongxin (1)\Doc\CH\CH592\EVT\EXAM\BLE\MESH\MESH_LIB\libMESH.a(mesh_access.o)
 .text.model_has_key.isra.0
                0x0000000000003f10       0x50 C:\Users\xtx\OneDrive - xutongxin (1)\Doc\CH\CH592\EVT\EXAM\BLE\MESH\MESH_LIB\libMESH.a(mesh_access.o)
 .text.model_send
                0x0000000000003f60       0xba C:\Users\xtx\OneDrive - xutongxin (1)\Doc\CH\CH592\EVT\EXAM\BLE\MESH\MESH_LIB\libMESH.a(mesh_access.o)
 .text.bt_mesh_comp_provision
                0x000000000000401a       0x34 C:\Users\xtx\OneDrive - xutongxin (1)\Doc\CH\CH592\EVT\EXAM\BLE\MESH\MESH_LIB\libMESH.a(mesh_access.o)
                0x000000000000401a                bt_mesh_comp_provision
 .text.bt_mesh_elem_count
                0x000000000000404e       0x10 C:\Users\xtx\OneDrive - xutongxin (1)\Doc\CH\CH592\EVT\EXAM\BLE\MESH\MESH_LIB\libMESH.a(mesh_access.o)
                0x000000000000404e                bt_mesh_elem_count
 .text.bt_mesh_primary_addr
                0x000000000000405e        0xa C:\Users\xtx\OneDrive - xutongxin (1)\Doc\CH\CH592\EVT\EXAM\BLE\MESH\MESH_LIB\libMESH.a(mesh_access.o)
                0x000000000000405e                bt_mesh_primary_addr
 .text.bt_mesh_fixed_group_match
                0x0000000000004068       0x44 C:\Users\xtx\OneDrive - xutongxin (1)\Doc\CH\CH592\EVT\EXAM\BLE\MESH\MESH_LIB\libMESH.a(mesh_access.o)
                0x0000000000004068                bt_mesh_fixed_group_match
 .text.bt_mesh_model_find_group
                0x00000000000040ac       0x32 C:\Users\xtx\OneDrive - xutongxin (1)\Doc\CH\CH592\EVT\EXAM\BLE\MESH\MESH_LIB\libMESH.a(mesh_access.o)
                0x00000000000040ac                bt_mesh_model_find_group
 .text.bt_mesh_model_find_vnd
                0x00000000000040de       0x30 C:\Users\xtx\OneDrive - xutongxin (1)\Doc\CH\CH592\EVT\EXAM\BLE\MESH\MESH_LIB\libMESH.a(mesh_access.o)
                0x00000000000040de                bt_mesh_model_find_vnd
 .text.bt_mesh_model_find
                0x000000000000410e       0x28 C:\Users\xtx\OneDrive - xutongxin (1)\Doc\CH\CH592\EVT\EXAM\BLE\MESH\MESH_LIB\libMESH.a(mesh_access.o)
                0x000000000000410e                bt_mesh_model_find
 .text.bt_mesh_elem_find
                0x0000000000004136       0x9e C:\Users\xtx\OneDrive - xutongxin (1)\Doc\CH\CH592\EVT\EXAM\BLE\MESH\MESH_LIB\libMESH.a(mesh_access.o)
                0x0000000000004136                bt_mesh_elem_find
 .text.bt_mesh_model_msg_init
                0x00000000000041d4       0x5a C:\Users\xtx\OneDrive - xutongxin (1)\Doc\CH\CH592\EVT\EXAM\BLE\MESH\MESH_LIB\libMESH.a(mesh_access.o)
                0x00000000000041d4                bt_mesh_model_msg_init
 .text.bt_mesh_comp_get
                0x000000000000422e        0xc C:\Users\xtx\OneDrive - xutongxin (1)\Doc\CH\CH592\EVT\EXAM\BLE\MESH\MESH_LIB\libMESH.a(mesh_access.o)
                0x000000000000422e                bt_mesh_comp_get
 .text.bt_mesh_comp_register
                0x000000000000423a       0x14 C:\Users\xtx\OneDrive - xutongxin (1)\Doc\CH\CH592\EVT\EXAM\BLE\MESH\MESH_LIB\libMESH.a(mesh_access.o)
                0x000000000000423a                bt_mesh_comp_register
 .text.bt_mesh_model_elem
                0x000000000000424e       0x16 C:\Users\xtx\OneDrive - xutongxin (1)\Doc\CH\CH592\EVT\EXAM\BLE\MESH\MESH_LIB\libMESH.a(mesh_access.o)
                0x000000000000424e                bt_mesh_model_elem
 .text.publish_retransmit
                0x0000000000004264       0xba C:\Users\xtx\OneDrive - xutongxin (1)\Doc\CH\CH592\EVT\EXAM\BLE\MESH\MESH_LIB\libMESH.a(mesh_access.o)
 .text.bt_mesh_model_pub_period_get
                0x000000000000431e       0x62 C:\Users\xtx\OneDrive - xutongxin (1)\Doc\CH\CH592\EVT\EXAM\BLE\MESH\MESH_LIB\libMESH.a(mesh_access.o)
                0x000000000000431e                bt_mesh_model_pub_period_get
 .text.publish_sent
                0x0000000000004380       0x58 C:\Users\xtx\OneDrive - xutongxin (1)\Doc\CH\CH592\EVT\EXAM\BLE\MESH\MESH_LIB\libMESH.a(mesh_access.o)
 .text.bt_mesh_model_send
                0x00000000000043d8       0x52 C:\Users\xtx\OneDrive - xutongxin (1)\Doc\CH\CH592\EVT\EXAM\BLE\MESH\MESH_LIB\libMESH.a(mesh_access.o)
                0x00000000000043d8                bt_mesh_model_send
 .text.bt_mesh_model_publish
                0x000000000000442a      0x10c C:\Users\xtx\OneDrive - xutongxin (1)\Doc\CH\CH592\EVT\EXAM\BLE\MESH\MESH_LIB\libMESH.a(mesh_access.o)
                0x000000000000442a                bt_mesh_model_publish
 .text.mod_publish
                0x0000000000004536       0x60 C:\Users\xtx\OneDrive - xutongxin (1)\Doc\CH\CH592\EVT\EXAM\BLE\MESH\MESH_LIB\libMESH.a(mesh_access.o)
 .text.bt_mesh_model_recv
                0x0000000000004596      0x18e C:\Users\xtx\OneDrive - xutongxin (1)\Doc\CH\CH592\EVT\EXAM\BLE\MESH\MESH_LIB\libMESH.a(mesh_access.o)
                0x0000000000004596                bt_mesh_model_recv
 .text.bt_mesh_model_get
                0x0000000000004724       0x44 C:\Users\xtx\OneDrive - xutongxin (1)\Doc\CH\CH592\EVT\EXAM\BLE\MESH\MESH_LIB\libMESH.a(mesh_access.o)
                0x0000000000004724                bt_mesh_model_get
 .text.bt_mesh_model_foreach
                0x0000000000004768       0x74 C:\Users\xtx\OneDrive - xutongxin (1)\Doc\CH\CH592\EVT\EXAM\BLE\MESH\MESH_LIB\libMESH.a(mesh_access.o)
                0x0000000000004768                bt_mesh_model_foreach
 .text.bt_mesh_comp_unprovision
                0x00000000000047dc       0x1c C:\Users\xtx\OneDrive - xutongxin (1)\Doc\CH\CH592\EVT\EXAM\BLE\MESH\MESH_LIB\libMESH.a(mesh_access.o)
                0x00000000000047dc                bt_mesh_comp_unprovision
 .text.bt_mesh_mod_init
                0x00000000000047f8       0x22 C:\Users\xtx\OneDrive - xutongxin (1)\Doc\CH\CH592\EVT\EXAM\BLE\MESH\MESH_LIB\libMESH.a(mesh_access.o)
                0x00000000000047f8                bt_mesh_mod_init
 .text.bt_notify
                0x000000000000481a       0x62 C:\Users\xtx\OneDrive - xutongxin (1)\Doc\CH\CH592\EVT\EXAM\BLE\MESH\MESH_LIB\libMESH.a(mesh_adapt.o)
 .text.bt_mesh_conn_unref
                0x000000000000487c        0x8 C:\Users\xtx\OneDrive - xutongxin (1)\Doc\CH\CH592\EVT\EXAM\BLE\MESH\MESH_LIB\libMESH.a(mesh_adapt.o)
                0x000000000000487c                bt_mesh_conn_unref
 .text.k_uptime_get
                0x0000000000004884       0x16 C:\Users\xtx\OneDrive - xutongxin (1)\Doc\CH\CH592\EVT\EXAM\BLE\MESH\MESH_LIB\libMESH.a(mesh_adapt.o)
                0x0000000000004884                k_uptime_get
 .text.k_uptime_get_32
                0x000000000000489a       0x14 C:\Users\xtx\OneDrive - xutongxin (1)\Doc\CH\CH592\EVT\EXAM\BLE\MESH\MESH_LIB\libMESH.a(mesh_adapt.o)
                0x000000000000489a                k_uptime_get_32
 .text.bt_mesh_gatt_get_mtu
                0x00000000000048ae       0x10 C:\Users\xtx\OneDrive - xutongxin (1)\Doc\CH\CH592\EVT\EXAM\BLE\MESH\MESH_LIB\libMESH.a(mesh_adapt.o)
                0x00000000000048ae                bt_mesh_gatt_get_mtu
 .text.bt_mesh_prov_notify
                0x00000000000048be       0x22 C:\Users\xtx\OneDrive - xutongxin (1)\Doc\CH\CH592\EVT\EXAM\BLE\MESH\MESH_LIB\libMESH.a(mesh_adapt.o)
                0x00000000000048be                bt_mesh_prov_notify
 .text.bt_mesh_gatts_disconnect
                0x00000000000048e0        0xc C:\Users\xtx\OneDrive - xutongxin (1)\Doc\CH\CH592\EVT\EXAM\BLE\MESH\MESH_LIB\libMESH.a(mesh_adapt.o)
                0x00000000000048e0                bt_mesh_gatts_disconnect
 .text.bt_mesh_prov_servive_cccd_close
                0x00000000000048ec       0x16 C:\Users\xtx\OneDrive - xutongxin (1)\Doc\CH\CH592\EVT\EXAM\BLE\MESH\MESH_LIB\libMESH.a(mesh_adapt.o)
                0x00000000000048ec                bt_mesh_prov_servive_cccd_close
 .text.bt_mesh_prov_service_stop
                0x0000000000004902       0x16 C:\Users\xtx\OneDrive - xutongxin (1)\Doc\CH\CH592\EVT\EXAM\BLE\MESH\MESH_LIB\libMESH.a(mesh_adapt.o)
                0x0000000000004902                bt_mesh_prov_service_stop
 .text.bt_mesh_proxy_service_cccd_close
                0x0000000000004918       0x16 C:\Users\xtx\OneDrive - xutongxin (1)\Doc\CH\CH592\EVT\EXAM\BLE\MESH\MESH_LIB\libMESH.a(mesh_adapt.o)
                0x0000000000004918                bt_mesh_proxy_service_cccd_close
 .text.bt_mesh_gatts_service_stop
                0x000000000000492e       0x16 C:\Users\xtx\OneDrive - xutongxin (1)\Doc\CH\CH592\EVT\EXAM\BLE\MESH\MESH_LIB\libMESH.a(mesh_adapt.o)
                0x000000000000492e                bt_mesh_gatts_service_stop
 .text.bt_le_scan_start
                0x0000000000004944       0x12 C:\Users\xtx\OneDrive - xutongxin (1)\Doc\CH\CH592\EVT\EXAM\BLE\MESH\MESH_LIB\libMESH.a(mesh_adapt.o)
                0x0000000000004944                bt_le_scan_start
 .text.bt_le_scan_stop
                0x0000000000004956        0xc C:\Users\xtx\OneDrive - xutongxin (1)\Doc\CH\CH592\EVT\EXAM\BLE\MESH\MESH_LIB\libMESH.a(mesh_adapt.o)
                0x0000000000004956                bt_le_scan_stop
 .text.adv_buf_destroy
                0x0000000000004962       0x1e C:\Users\xtx\OneDrive - xutongxin (1)\Doc\CH\CH592\EVT\EXAM\BLE\MESH\MESH_LIB\libMESH.a(mesh_adv.o)
 .text.adv_alloc
                0x0000000000004980       0x14 C:\Users\xtx\OneDrive - xutongxin (1)\Doc\CH\CH592\EVT\EXAM\BLE\MESH\MESH_LIB\libMESH.a(mesh_adv.o)
 .text.bt_mesh_scan_cb
                0x0000000000004994       0x72 C:\Users\xtx\OneDrive - xutongxin (1)\Doc\CH\CH592\EVT\EXAM\BLE\MESH\MESH_LIB\libMESH.a(mesh_adv.o)
 .text.adv_first_get
                0x0000000000004a06       0x2c C:\Users\xtx\OneDrive - xutongxin (1)\Doc\CH\CH592\EVT\EXAM\BLE\MESH\MESH_LIB\libMESH.a(mesh_adv.o)
 .text._set_mesh_bear_adv_buf
                0x0000000000004a32       0x70 C:\Users\xtx\OneDrive - xutongxin (1)\Doc\CH\CH592\EVT\EXAM\BLE\MESH\MESH_LIB\libMESH.a(mesh_adv.o)
                0x0000000000004a32                _set_mesh_bear_adv_buf
 .text.bt_mesh_buf_get_from_pool
                0x0000000000004aa2       0x16 C:\Users\xtx\OneDrive - xutongxin (1)\Doc\CH\CH592\EVT\EXAM\BLE\MESH\MESH_LIB\libMESH.a(mesh_adv.o)
                0x0000000000004aa2                bt_mesh_buf_get_from_pool
 .text.adv_buf_deinit.isra.3
                0x0000000000004ab8       0x30 C:\Users\xtx\OneDrive - xutongxin (1)\Doc\CH\CH592\EVT\EXAM\BLE\MESH\MESH_LIB\libMESH.a(mesh_adv.o)
 .text.k_adv_handler
                0x0000000000004ae8       0xe4 C:\Users\xtx\OneDrive - xutongxin (1)\Doc\CH\CH592\EVT\EXAM\BLE\MESH\MESH_LIB\libMESH.a(mesh_adv.o)
 .text.bt_mesh_adv_create_from_pool
                0x0000000000004bcc       0x32 C:\Users\xtx\OneDrive - xutongxin (1)\Doc\CH\CH592\EVT\EXAM\BLE\MESH\MESH_LIB\libMESH.a(mesh_adv.o)
                0x0000000000004bcc                bt_mesh_adv_create_from_pool
 .text.bt_mesh_adv_create
                0x0000000000004bfe       0x8c C:\Users\xtx\OneDrive - xutongxin (1)\Doc\CH\CH592\EVT\EXAM\BLE\MESH\MESH_LIB\libMESH.a(mesh_adv.o)
                0x0000000000004bfe                bt_mesh_adv_create
 .text.bt_mesh_adv_send
                0x0000000000004c8a       0xb4 C:\Users\xtx\OneDrive - xutongxin (1)\Doc\CH\CH592\EVT\EXAM\BLE\MESH\MESH_LIB\libMESH.a(mesh_adv.o)
                0x0000000000004c8a                bt_mesh_adv_send
 .text.bt_mesh_scan_enable
                0x0000000000004d3e       0x18 C:\Users\xtx\OneDrive - xutongxin (1)\Doc\CH\CH592\EVT\EXAM\BLE\MESH\MESH_LIB\libMESH.a(mesh_adv.o)
                0x0000000000004d3e                bt_mesh_scan_enable
 .text.bt_mesh_scan_disable
                0x0000000000004d56        0xc C:\Users\xtx\OneDrive - xutongxin (1)\Doc\CH\CH592\EVT\EXAM\BLE\MESH\MESH_LIB\libMESH.a(mesh_adv.o)
                0x0000000000004d56                bt_mesh_scan_disable
 .text.check_adv_need_deinit
                0x0000000000004d62       0x4e C:\Users\xtx\OneDrive - xutongxin (1)\Doc\CH\CH592\EVT\EXAM\BLE\MESH\MESH_LIB\libMESH.a(mesh_adv.o)
                0x0000000000004d62                check_adv_need_deinit
 .text.bt_mesh_adv_init
                0x0000000000004db0       0x2c C:\Users\xtx\OneDrive - xutongxin (1)\Doc\CH\CH592\EVT\EXAM\BLE\MESH\MESH_LIB\libMESH.a(mesh_adv.o)
                0x0000000000004db0                bt_mesh_adv_init
 .text.model_start
                0x0000000000004ddc       0x18 C:\Users\xtx\OneDrive - xutongxin (1)\Doc\CH\CH592\EVT\EXAM\BLE\MESH\MESH_LIB\libMESH.a(mesh_api.o)
 .text.adv_buf_count_get
                0x0000000000004df4       0x10 C:\Users\xtx\OneDrive - xutongxin (1)\Doc\CH\CH592\EVT\EXAM\BLE\MESH\MESH_LIB\libMESH.a(mesh_api.o)
                0x0000000000004df4                adv_buf_count_get
 .text.rpl_count_get
                0x0000000000004e04       0x10 C:\Users\xtx\OneDrive - xutongxin (1)\Doc\CH\CH592\EVT\EXAM\BLE\MESH\MESH_LIB\libMESH.a(mesh_api.o)
                0x0000000000004e04                rpl_count_get
 .text.allow_rpl_cycle_get
                0x0000000000004e14       0x10 C:\Users\xtx\OneDrive - xutongxin (1)\Doc\CH\CH592\EVT\EXAM\BLE\MESH\MESH_LIB\libMESH.a(mesh_api.o)
                0x0000000000004e14                allow_rpl_cycle_get
 .text.allow_same_addr_get
                0x0000000000004e24       0x10 C:\Users\xtx\OneDrive - xutongxin (1)\Doc\CH\CH592\EVT\EXAM\BLE\MESH\MESH_LIB\libMESH.a(mesh_api.o)
                0x0000000000004e24                allow_same_addr_get
 .text.ivu_divider_get
                0x0000000000004e34       0x10 C:\Users\xtx\OneDrive - xutongxin (1)\Doc\CH\CH592\EVT\EXAM\BLE\MESH\MESH_LIB\libMESH.a(mesh_api.o)
                0x0000000000004e34                ivu_divider_get
 .text.mod_key_count_get
                0x0000000000004e44       0x10 C:\Users\xtx\OneDrive - xutongxin (1)\Doc\CH\CH592\EVT\EXAM\BLE\MESH\MESH_LIB\libMESH.a(mesh_api.o)
                0x0000000000004e44                mod_key_count_get
 .text.mod_group_count_get
                0x0000000000004e54       0x10 C:\Users\xtx\OneDrive - xutongxin (1)\Doc\CH\CH592\EVT\EXAM\BLE\MESH\MESH_LIB\libMESH.a(mesh_api.o)
                0x0000000000004e54                mod_group_count_get
 .text.pxyfilter_count_get
                0x0000000000004e64       0x10 C:\Users\xtx\OneDrive - xutongxin (1)\Doc\CH\CH592\EVT\EXAM\BLE\MESH\MESH_LIB\libMESH.a(mesh_api.o)
                0x0000000000004e64                pxyfilter_count_get
 .text.msgcache_count_get
                0x0000000000004e74       0x10 C:\Users\xtx\OneDrive - xutongxin (1)\Doc\CH\CH592\EVT\EXAM\BLE\MESH\MESH_LIB\libMESH.a(mesh_api.o)
                0x0000000000004e74                msgcache_count_get
 .text.subnet_count_get
                0x0000000000004e84       0x10 C:\Users\xtx\OneDrive - xutongxin (1)\Doc\CH\CH592\EVT\EXAM\BLE\MESH\MESH_LIB\libMESH.a(mesh_api.o)
                0x0000000000004e84                subnet_count_get
 .text.appkey_count_get
                0x0000000000004e94       0x10 C:\Users\xtx\OneDrive - xutongxin (1)\Doc\CH\CH592\EVT\EXAM\BLE\MESH\MESH_LIB\libMESH.a(mesh_api.o)
                0x0000000000004e94                appkey_count_get
 .text.unseg_length_get
                0x0000000000004ea4       0x14 C:\Users\xtx\OneDrive - xutongxin (1)\Doc\CH\CH592\EVT\EXAM\BLE\MESH\MESH_LIB\libMESH.a(mesh_api.o)
                0x0000000000004ea4                unseg_length_get
 .text.txseg_max_get
                0x0000000000004eb8       0x10 C:\Users\xtx\OneDrive - xutongxin (1)\Doc\CH\CH592\EVT\EXAM\BLE\MESH\MESH_LIB\libMESH.a(mesh_api.o)
                0x0000000000004eb8                txseg_max_get
 .text.txseg_count_get
                0x0000000000004ec8       0x10 C:\Users\xtx\OneDrive - xutongxin (1)\Doc\CH\CH592\EVT\EXAM\BLE\MESH\MESH_LIB\libMESH.a(mesh_api.o)
                0x0000000000004ec8                txseg_count_get
 .text.rxseg_count_get
                0x0000000000004ed8       0x10 C:\Users\xtx\OneDrive - xutongxin (1)\Doc\CH\CH592\EVT\EXAM\BLE\MESH\MESH_LIB\libMESH.a(mesh_api.o)
                0x0000000000004ed8                rxseg_count_get
 .text.rxsdu_max_get
                0x0000000000004ee8       0x10 C:\Users\xtx\OneDrive - xutongxin (1)\Doc\CH\CH592\EVT\EXAM\BLE\MESH\MESH_LIB\libMESH.a(mesh_api.o)
                0x0000000000004ee8                rxsdu_max_get
 .text.label_count_get
                0x0000000000004ef8       0x10 C:\Users\xtx\OneDrive - xutongxin (1)\Doc\CH\CH592\EVT\EXAM\BLE\MESH\MESH_LIB\libMESH.a(mesh_api.o)
                0x0000000000004ef8                label_count_get
 .text.seq_store_rate_get
                0x0000000000004f08       0x10 C:\Users\xtx\OneDrive - xutongxin (1)\Doc\CH\CH592\EVT\EXAM\BLE\MESH\MESH_LIB\libMESH.a(mesh_api.o)
                0x0000000000004f08                seq_store_rate_get
 .text.rpl_store_rate_get
                0x0000000000004f18       0x10 C:\Users\xtx\OneDrive - xutongxin (1)\Doc\CH\CH592\EVT\EXAM\BLE\MESH\MESH_LIB\libMESH.a(mesh_api.o)
                0x0000000000004f18                rpl_store_rate_get
 .text.store_rate_get
                0x0000000000004f28       0x10 C:\Users\xtx\OneDrive - xutongxin (1)\Doc\CH\CH592\EVT\EXAM\BLE\MESH\MESH_LIB\libMESH.a(mesh_api.o)
                0x0000000000004f28                store_rate_get
 .text.frndseg_rx_get
                0x0000000000004f38       0x10 C:\Users\xtx\OneDrive - xutongxin (1)\Doc\CH\CH592\EVT\EXAM\BLE\MESH\MESH_LIB\libMESH.a(mesh_api.o)
                0x0000000000004f38                frndseg_rx_get
 .text.frndsub_size_get
                0x0000000000004f48       0x10 C:\Users\xtx\OneDrive - xutongxin (1)\Doc\CH\CH592\EVT\EXAM\BLE\MESH\MESH_LIB\libMESH.a(mesh_api.o)
                0x0000000000004f48                frndsub_size_get
 .text.frndlpn_count_get
                0x0000000000004f58       0x10 C:\Users\xtx\OneDrive - xutongxin (1)\Doc\CH\CH592\EVT\EXAM\BLE\MESH\MESH_LIB\libMESH.a(mesh_api.o)
                0x0000000000004f58                frndlpn_count_get
 .text.frndqueue_size_get
                0x0000000000004f68       0x10 C:\Users\xtx\OneDrive - xutongxin (1)\Doc\CH\CH592\EVT\EXAM\BLE\MESH\MESH_LIB\libMESH.a(mesh_api.o)
                0x0000000000004f68                frndqueue_size_get
 .text.lpnpoll_timeout_get
                0x0000000000004f78        0xe C:\Users\xtx\OneDrive - xutongxin (1)\Doc\CH\CH592\EVT\EXAM\BLE\MESH\MESH_LIB\libMESH.a(mesh_api.o)
                0x0000000000004f78                lpnpoll_timeout_get
 .text.lpnrecv_delay_get
                0x0000000000004f86       0x10 C:\Users\xtx\OneDrive - xutongxin (1)\Doc\CH\CH592\EVT\EXAM\BLE\MESH\MESH_LIB\libMESH.a(mesh_api.o)
                0x0000000000004f86                lpnrecv_delay_get
 .text.lpnretry_timeout_get
                0x0000000000004f96       0x16 C:\Users\xtx\OneDrive - xutongxin (1)\Doc\CH\CH592\EVT\EXAM\BLE\MESH\MESH_LIB\libMESH.a(mesh_api.o)
                0x0000000000004f96                lpnretry_timeout_get
 .text.prov_node_count_get
                0x0000000000004fac       0x10 C:\Users\xtx\OneDrive - xutongxin (1)\Doc\CH\CH592\EVT\EXAM\BLE\MESH\MESH_LIB\libMESH.a(mesh_api.o)
                0x0000000000004fac                prov_node_count_get
 .text.rf_accessAddress_get
                0x0000000000004fbc        0xe C:\Users\xtx\OneDrive - xutongxin (1)\Doc\CH\CH592\EVT\EXAM\BLE\MESH\MESH_LIB\libMESH.a(mesh_api.o)
                0x0000000000004fbc                rf_accessAddress_get
 .text.device_parmas_get
                0x0000000000004fca        0xc C:\Users\xtx\OneDrive - xutongxin (1)\Doc\CH\CH592\EVT\EXAM\BLE\MESH\MESH_LIB\libMESH.a(mesh_api.o)
                0x0000000000004fca                device_parmas_get
 .text.dev_mac_get
                0x0000000000004fd6        0xc C:\Users\xtx\OneDrive - xutongxin (1)\Doc\CH\CH592\EVT\EXAM\BLE\MESH\MESH_LIB\libMESH.a(mesh_api.o)
                0x0000000000004fd6                dev_mac_get
 .text.bt_mesh_cfg_set
                0x0000000000004fe2      0x24c C:\Users\xtx\OneDrive - xutongxin (1)\Doc\CH\CH592\EVT\EXAM\BLE\MESH\MESH_LIB\libMESH.a(mesh_api.o)
                0x0000000000004fe2                bt_mesh_cfg_set
 .text.bt_mesh_start
                0x000000000000522e       0x26 C:\Users\xtx\OneDrive - xutongxin (1)\Doc\CH\CH592\EVT\EXAM\BLE\MESH\MESH_LIB\libMESH.a(mesh_api.o)
                0x000000000000522e                bt_mesh_start
 .text.bt_mesh_provision
                0x0000000000005254       0xce C:\Users\xtx\OneDrive - xutongxin (1)\Doc\CH\CH592\EVT\EXAM\BLE\MESH\MESH_LIB\libMESH.a(mesh_api.o)
                0x0000000000005254                bt_mesh_provision
 .text.bt_mesh_reset
                0x0000000000005322       0xba C:\Users\xtx\OneDrive - xutongxin (1)\Doc\CH\CH592\EVT\EXAM\BLE\MESH\MESH_LIB\libMESH.a(mesh_api.o)
                0x0000000000005322                bt_mesh_reset
 .text.auth_match
                0x00000000000053dc       0x46 C:\Users\xtx\OneDrive - xutongxin (1)\Doc\CH\CH592\EVT\EXAM\BLE\MESH\MESH_LIB\libMESH.a(mesh_beacon.o)
 .text.unprov_send_start
                0x0000000000005422       0x18 C:\Users\xtx\OneDrive - xutongxin (1)\Doc\CH\CH592\EVT\EXAM\BLE\MESH\MESH_LIB\libMESH.a(mesh_beacon.o)
 .text.beacon_complete
                0x000000000000543a       0x16 C:\Users\xtx\OneDrive - xutongxin (1)\Doc\CH\CH592\EVT\EXAM\BLE\MESH\MESH_LIB\libMESH.a(mesh_beacon.o)
 .text.bt_mesh_beacon_create
                0x0000000000005450       0x50 C:\Users\xtx\OneDrive - xutongxin (1)\Doc\CH\CH592\EVT\EXAM\BLE\MESH\MESH_LIB\libMESH.a(mesh_beacon.o)
                0x0000000000005450                bt_mesh_beacon_create
 .text.beacon_send
                0x00000000000054a0      0x1f8 C:\Users\xtx\OneDrive - xutongxin (1)\Doc\CH\CH592\EVT\EXAM\BLE\MESH\MESH_LIB\libMESH.a(mesh_beacon.o)
 .text.bt_mesh_beacon_ivu_initiator
                0x0000000000005698       0x4a C:\Users\xtx\OneDrive - xutongxin (1)\Doc\CH\CH592\EVT\EXAM\BLE\MESH\MESH_LIB\libMESH.a(mesh_beacon.o)
                0x0000000000005698                bt_mesh_beacon_ivu_initiator
 .text.bt_mesh_subnet_find
                0x00000000000056e2       0x7e C:\Users\xtx\OneDrive - xutongxin (1)\Doc\CH\CH592\EVT\EXAM\BLE\MESH\MESH_LIB\libMESH.a(mesh_beacon.o)
                0x00000000000056e2                bt_mesh_subnet_find
 .text.bt_mesh_beacon_recv
                0x0000000000005760      0x180 C:\Users\xtx\OneDrive - xutongxin (1)\Doc\CH\CH592\EVT\EXAM\BLE\MESH\MESH_LIB\libMESH.a(mesh_beacon.o)
                0x0000000000005760                bt_mesh_beacon_recv
 .text.bt_mesh_beacon_enable
                0x00000000000058e0       0x52 C:\Users\xtx\OneDrive - xutongxin (1)\Doc\CH\CH592\EVT\EXAM\BLE\MESH\MESH_LIB\libMESH.a(mesh_beacon.o)
                0x00000000000058e0                bt_mesh_beacon_enable
 .text.bt_mesh_beacon_disable
                0x0000000000005932       0x26 C:\Users\xtx\OneDrive - xutongxin (1)\Doc\CH\CH592\EVT\EXAM\BLE\MESH\MESH_LIB\libMESH.a(mesh_beacon.o)
                0x0000000000005932                bt_mesh_beacon_disable
 .text.bt_mesh_beacon_init
                0x0000000000005958       0x1c C:\Users\xtx\OneDrive - xutongxin (1)\Doc\CH\CH592\EVT\EXAM\BLE\MESH\MESH_LIB\libMESH.a(mesh_beacon.o)
                0x0000000000005958                bt_mesh_beacon_init
 .text.generic_data_ref
                0x0000000000005974        0xe C:\Users\xtx\OneDrive - xutongxin (1)\Doc\CH\CH592\EVT\EXAM\BLE\MESH\MESH_LIB\libMESH.a(mesh_buf.o)
 .text.heap_data_unref
                0x0000000000005982       0x22 C:\Users\xtx\OneDrive - xutongxin (1)\Doc\CH\CH592\EVT\EXAM\BLE\MESH\MESH_LIB\libMESH.a(mesh_buf.o)
 .text.heap_data_alloc
                0x00000000000059a4       0x1e C:\Users\xtx\OneDrive - xutongxin (1)\Doc\CH\CH592\EVT\EXAM\BLE\MESH\MESH_LIB\libMESH.a(mesh_buf.o)
 .text.net_buf_simple_push
                0x00000000000059c2       0x14 C:\Users\xtx\OneDrive - xutongxin (1)\Doc\CH\CH592\EVT\EXAM\BLE\MESH\MESH_LIB\libMESH.a(mesh_buf.o)
                0x00000000000059c2                net_buf_simple_push
 .text.net_buf_simple_push_be16
                0x00000000000059d6       0x2c C:\Users\xtx\OneDrive - xutongxin (1)\Doc\CH\CH592\EVT\EXAM\BLE\MESH\MESH_LIB\libMESH.a(mesh_buf.o)
                0x00000000000059d6                net_buf_simple_push_be16
 .text.net_buf_simple_push_u8
                0x0000000000005a02       0x18 C:\Users\xtx\OneDrive - xutongxin (1)\Doc\CH\CH592\EVT\EXAM\BLE\MESH\MESH_LIB\libMESH.a(mesh_buf.o)
                0x0000000000005a02                net_buf_simple_push_u8
 .text.net_buf_simple_pull
                0x0000000000005a1a       0x14 C:\Users\xtx\OneDrive - xutongxin (1)\Doc\CH\CH592\EVT\EXAM\BLE\MESH\MESH_LIB\libMESH.a(mesh_buf.o)
                0x0000000000005a1a                net_buf_simple_pull
 .text.net_buf_simple_pull_mem
                0x0000000000005a2e       0x14 C:\Users\xtx\OneDrive - xutongxin (1)\Doc\CH\CH592\EVT\EXAM\BLE\MESH\MESH_LIB\libMESH.a(mesh_buf.o)
                0x0000000000005a2e                net_buf_simple_pull_mem
 .text.net_buf_simple_headroom
                0x0000000000005a42        0xa C:\Users\xtx\OneDrive - xutongxin (1)\Doc\CH\CH592\EVT\EXAM\BLE\MESH\MESH_LIB\libMESH.a(mesh_buf.o)
                0x0000000000005a42                net_buf_simple_headroom
 .text.net_buf_simple_tailroom
                0x0000000000005a4c       0x18 C:\Users\xtx\OneDrive - xutongxin (1)\Doc\CH\CH592\EVT\EXAM\BLE\MESH\MESH_LIB\libMESH.a(mesh_buf.o)
                0x0000000000005a4c                net_buf_simple_tailroom
 .text.net_buf_simple_add
                0x0000000000005a64       0x2a C:\Users\xtx\OneDrive - xutongxin (1)\Doc\CH\CH592\EVT\EXAM\BLE\MESH\MESH_LIB\libMESH.a(mesh_buf.o)
                0x0000000000005a64                net_buf_simple_add
 .text.net_buf_simple_add_mem
                0x0000000000005a8e       0x1e C:\Users\xtx\OneDrive - xutongxin (1)\Doc\CH\CH592\EVT\EXAM\BLE\MESH\MESH_LIB\libMESH.a(mesh_buf.o)
                0x0000000000005a8e                net_buf_simple_add_mem
 .text.net_buf_simple_add_u8
                0x0000000000005aac       0x14 C:\Users\xtx\OneDrive - xutongxin (1)\Doc\CH\CH592\EVT\EXAM\BLE\MESH\MESH_LIB\libMESH.a(mesh_buf.o)
                0x0000000000005aac                net_buf_simple_add_u8
 .text.net_buf_simple_add_le16
                0x0000000000005ac0       0x26 C:\Users\xtx\OneDrive - xutongxin (1)\Doc\CH\CH592\EVT\EXAM\BLE\MESH\MESH_LIB\libMESH.a(mesh_buf.o)
                0x0000000000005ac0                net_buf_simple_add_le16
 .text.net_buf_simple_add_be16
                0x0000000000005ae6       0x2e C:\Users\xtx\OneDrive - xutongxin (1)\Doc\CH\CH592\EVT\EXAM\BLE\MESH\MESH_LIB\libMESH.a(mesh_buf.o)
                0x0000000000005ae6                net_buf_simple_add_be16
 .text.net_buf_simple_add_be32
                0x0000000000005b14       0x3e C:\Users\xtx\OneDrive - xutongxin (1)\Doc\CH\CH592\EVT\EXAM\BLE\MESH\MESH_LIB\libMESH.a(mesh_buf.o)
                0x0000000000005b14                net_buf_simple_add_be32
 .text.net_buf_simple_pull_u8
                0x0000000000005b52       0x16 C:\Users\xtx\OneDrive - xutongxin (1)\Doc\CH\CH592\EVT\EXAM\BLE\MESH\MESH_LIB\libMESH.a(mesh_buf.o)
                0x0000000000005b52                net_buf_simple_pull_u8
 .text.net_buf_simple_pull_le16
                0x0000000000005b68       0x28 C:\Users\xtx\OneDrive - xutongxin (1)\Doc\CH\CH592\EVT\EXAM\BLE\MESH\MESH_LIB\libMESH.a(mesh_buf.o)
                0x0000000000005b68                net_buf_simple_pull_le16
 .text.net_buf_simple_pull_be16
                0x0000000000005b90       0x34 C:\Users\xtx\OneDrive - xutongxin (1)\Doc\CH\CH592\EVT\EXAM\BLE\MESH\MESH_LIB\libMESH.a(mesh_buf.o)
                0x0000000000005b90                net_buf_simple_pull_be16
 .text.net_buf_simple_pull_be32
                0x0000000000005bc4       0x44 C:\Users\xtx\OneDrive - xutongxin (1)\Doc\CH\CH592\EVT\EXAM\BLE\MESH\MESH_LIB\libMESH.a(mesh_buf.o)
                0x0000000000005bc4                net_buf_simple_pull_be32
 .text.net_buf_simple_reserve
                0x0000000000005c08        0x8 C:\Users\xtx\OneDrive - xutongxin (1)\Doc\CH\CH592\EVT\EXAM\BLE\MESH\MESH_LIB\libMESH.a(mesh_buf.o)
                0x0000000000005c08                net_buf_simple_reserve
 .text.net_buf_slist_put
                0x0000000000005c10       0x24 C:\Users\xtx\OneDrive - xutongxin (1)\Doc\CH\CH592\EVT\EXAM\BLE\MESH\MESH_LIB\libMESH.a(mesh_buf.o)
                0x0000000000005c10                net_buf_slist_put
 .text.net_buf_slist_get
                0x0000000000005c34       0x42 C:\Users\xtx\OneDrive - xutongxin (1)\Doc\CH\CH592\EVT\EXAM\BLE\MESH\MESH_LIB\libMESH.a(mesh_buf.o)
                0x0000000000005c34                net_buf_slist_get
 .text.net_buf_id
                0x0000000000005c76       0x1a C:\Users\xtx\OneDrive - xutongxin (1)\Doc\CH\CH592\EVT\EXAM\BLE\MESH\MESH_LIB\libMESH.a(mesh_buf.o)
                0x0000000000005c76                net_buf_id
 .text.pool_get_buf
                0x0000000000005c90        0xc C:\Users\xtx\OneDrive - xutongxin (1)\Doc\CH\CH592\EVT\EXAM\BLE\MESH\MESH_LIB\libMESH.a(mesh_buf.o)
                0x0000000000005c90                pool_get_buf
 .text.net_buf_ref
                0x0000000000005c9c        0xc C:\Users\xtx\OneDrive - xutongxin (1)\Doc\CH\CH592\EVT\EXAM\BLE\MESH\MESH_LIB\libMESH.a(mesh_buf.o)
                0x0000000000005c9c                net_buf_ref
 .text.net_buf_unref
                0x0000000000005ca8       0x56 C:\Users\xtx\OneDrive - xutongxin (1)\Doc\CH\CH592\EVT\EXAM\BLE\MESH\MESH_LIB\libMESH.a(mesh_buf.o)
                0x0000000000005ca8                net_buf_unref
 .text.net_buf_alloc_len
                0x0000000000005cfe       0x76 C:\Users\xtx\OneDrive - xutongxin (1)\Doc\CH\CH592\EVT\EXAM\BLE\MESH\MESH_LIB\libMESH.a(mesh_buf.o)
                0x0000000000005cfe                net_buf_alloc_len
 .text.cli_reset
                0x0000000000005d74       0x20 C:\Users\xtx\OneDrive - xutongxin (1)\Doc\CH\CH592\EVT\EXAM\BLE\MESH\MESH_LIB\libMESH.a(mesh_cfg_cli.o)
 .text.cfg_rsp_recv
                0x0000000000005d94       0x30 C:\Users\xtx\OneDrive - xutongxin (1)\Doc\CH\CH592\EVT\EXAM\BLE\MESH\MESH_LIB\libMESH.a(mesh_cfg_cli.o)
 .text.cfg_cli_init
                0x0000000000005dc4       0x40 C:\Users\xtx\OneDrive - xutongxin (1)\Doc\CH\CH592\EVT\EXAM\BLE\MESH\MESH_LIB\libMESH.a(mesh_cfg_cli.o)
 .text.sync_handler
                0x0000000000005e04       0x2e C:\Users\xtx\OneDrive - xutongxin (1)\Doc\CH\CH592\EVT\EXAM\BLE\MESH\MESH_LIB\libMESH.a(mesh_cfg_cli.o)
 .text.vnd_sub_list
                0x0000000000005e32       0xb8 C:\Users\xtx\OneDrive - xutongxin (1)\Doc\CH\CH592\EVT\EXAM\BLE\MESH\MESH_LIB\libMESH.a(mesh_cfg_cli.o)
 .text.sig_sub_list
                0x0000000000005eea       0xb4 C:\Users\xtx\OneDrive - xutongxin (1)\Doc\CH\CH592\EVT\EXAM\BLE\MESH\MESH_LIB\libMESH.a(mesh_cfg_cli.o)
 .text.app_key_list
                0x0000000000005f9e       0xa2 C:\Users\xtx\OneDrive - xutongxin (1)\Doc\CH\CH592\EVT\EXAM\BLE\MESH\MESH_LIB\libMESH.a(mesh_cfg_cli.o)
 .text.vnd_app_list
                0x0000000000006040       0xb8 C:\Users\xtx\OneDrive - xutongxin (1)\Doc\CH\CH592\EVT\EXAM\BLE\MESH\MESH_LIB\libMESH.a(mesh_cfg_cli.o)
 .text.sig_app_list
                0x00000000000060f8       0xb4 C:\Users\xtx\OneDrive - xutongxin (1)\Doc\CH\CH592\EVT\EXAM\BLE\MESH\MESH_LIB\libMESH.a(mesh_cfg_cli.o)
 .text.krp_status
                0x00000000000061ac       0x48 C:\Users\xtx\OneDrive - xutongxin (1)\Doc\CH\CH592\EVT\EXAM\BLE\MESH\MESH_LIB\libMESH.a(mesh_cfg_cli.o)
 .text.node_id_status
                0x00000000000061f4       0x4a C:\Users\xtx\OneDrive - xutongxin (1)\Doc\CH\CH592\EVT\EXAM\BLE\MESH\MESH_LIB\libMESH.a(mesh_cfg_cli.o)
 .text.reset_status
                0x000000000000623e       0x2c C:\Users\xtx\OneDrive - xutongxin (1)\Doc\CH\CH592\EVT\EXAM\BLE\MESH\MESH_LIB\libMESH.a(mesh_cfg_cli.o)
 .text.net_transmit
                0x000000000000626a       0x36 C:\Users\xtx\OneDrive - xutongxin (1)\Doc\CH\CH592\EVT\EXAM\BLE\MESH\MESH_LIB\libMESH.a(mesh_cfg_cli.o)
 .text.lpn_polltimeout_status
                0x00000000000062a0       0x52 C:\Users\xtx\OneDrive - xutongxin (1)\Doc\CH\CH592\EVT\EXAM\BLE\MESH\MESH_LIB\libMESH.a(mesh_cfg_cli.o)
 .text.hb_pub_status
                0x00000000000062f2       0x6e C:\Users\xtx\OneDrive - xutongxin (1)\Doc\CH\CH592\EVT\EXAM\BLE\MESH\MESH_LIB\libMESH.a(mesh_cfg_cli.o)
 .text.hb_sub_status
                0x0000000000006360       0x72 C:\Users\xtx\OneDrive - xutongxin (1)\Doc\CH\CH592\EVT\EXAM\BLE\MESH\MESH_LIB\libMESH.a(mesh_cfg_cli.o)
 .text.mod_sub_status.part.13
                0x00000000000063d2       0x3e C:\Users\xtx\OneDrive - xutongxin (1)\Doc\CH\CH592\EVT\EXAM\BLE\MESH\MESH_LIB\libMESH.a(mesh_cfg_cli.o)
 .text.mod_sub_status
                0x0000000000006410       0x24 C:\Users\xtx\OneDrive - xutongxin (1)\Doc\CH\CH592\EVT\EXAM\BLE\MESH\MESH_LIB\libMESH.a(mesh_cfg_cli.o)
 .text.mod_pub_status
                0x0000000000006434       0x74 C:\Users\xtx\OneDrive - xutongxin (1)\Doc\CH\CH592\EVT\EXAM\BLE\MESH\MESH_LIB\libMESH.a(mesh_cfg_cli.o)
 .text.mod_app_status
                0x00000000000064a8       0x26 C:\Users\xtx\OneDrive - xutongxin (1)\Doc\CH\CH592\EVT\EXAM\BLE\MESH\MESH_LIB\libMESH.a(mesh_cfg_cli.o)
 .text.net_key_status
                0x00000000000064ce       0x3c C:\Users\xtx\OneDrive - xutongxin (1)\Doc\CH\CH592\EVT\EXAM\BLE\MESH\MESH_LIB\libMESH.a(mesh_cfg_cli.o)
 .text.relay_status
                0x000000000000650a       0x40 C:\Users\xtx\OneDrive - xutongxin (1)\Doc\CH\CH592\EVT\EXAM\BLE\MESH\MESH_LIB\libMESH.a(mesh_cfg_cli.o)
 .text.gatt_proxy_status.part.18
                0x000000000000654a       0x18 C:\Users\xtx\OneDrive - xutongxin (1)\Doc\CH\CH592\EVT\EXAM\BLE\MESH\MESH_LIB\libMESH.a(mesh_cfg_cli.o)
 .text.gatt_proxy_status
                0x0000000000006562       0x24 C:\Users\xtx\OneDrive - xutongxin (1)\Doc\CH\CH592\EVT\EXAM\BLE\MESH\MESH_LIB\libMESH.a(mesh_cfg_cli.o)
 .text.friend_status
                0x0000000000006586       0x24 C:\Users\xtx\OneDrive - xutongxin (1)\Doc\CH\CH592\EVT\EXAM\BLE\MESH\MESH_LIB\libMESH.a(mesh_cfg_cli.o)
 .text.ttl_status
                0x00000000000065aa       0x24 C:\Users\xtx\OneDrive - xutongxin (1)\Doc\CH\CH592\EVT\EXAM\BLE\MESH\MESH_LIB\libMESH.a(mesh_cfg_cli.o)
 .text.beacon_status
                0x00000000000065ce       0x24 C:\Users\xtx\OneDrive - xutongxin (1)\Doc\CH\CH592\EVT\EXAM\BLE\MESH\MESH_LIB\libMESH.a(mesh_cfg_cli.o)
 .text.comp_data_status
                0x00000000000065f2       0x30 C:\Users\xtx\OneDrive - xutongxin (1)\Doc\CH\CH592\EVT\EXAM\BLE\MESH\MESH_LIB\libMESH.a(mesh_cfg_cli.o)
 .text.app_key_status
                0x0000000000006622       0x40 C:\Users\xtx\OneDrive - xutongxin (1)\Doc\CH\CH592\EVT\EXAM\BLE\MESH\MESH_LIB\libMESH.a(mesh_cfg_cli.o)
 .text.cfg_srv_recv
                0x0000000000006662       0x1c C:\Users\xtx\OneDrive - xutongxin (1)\Doc\CH\CH592\EVT\EXAM\BLE\MESH\MESH_LIB\libMESH.a(mesh_cfg_srv.o)
 .text.send_krp_status
                0x000000000000667e       0x5a C:\Users\xtx\OneDrive - xutongxin (1)\Doc\CH\CH592\EVT\EXAM\BLE\MESH\MESH_LIB\libMESH.a(mesh_cfg_srv.o)
 .text.send_friend_status
                0x00000000000066d8       0x44 C:\Users\xtx\OneDrive - xutongxin (1)\Doc\CH\CH592\EVT\EXAM\BLE\MESH\MESH_LIB\libMESH.a(mesh_cfg_srv.o)
 .text.friend_get
                0x000000000000671c       0x18 C:\Users\xtx\OneDrive - xutongxin (1)\Doc\CH\CH592\EVT\EXAM\BLE\MESH\MESH_LIB\libMESH.a(mesh_cfg_srv.o)
 .text.send_net_key_status
                0x0000000000006734       0x50 C:\Users\xtx\OneDrive - xutongxin (1)\Doc\CH\CH592\EVT\EXAM\BLE\MESH\MESH_LIB\libMESH.a(mesh_cfg_srv.o)
 .text.krp_get  0x0000000000006784       0x46 C:\Users\xtx\OneDrive - xutongxin (1)\Doc\CH\CH592\EVT\EXAM\BLE\MESH\MESH_LIB\libMESH.a(mesh_cfg_srv.o)
 .text.node_identity_get
                0x00000000000067ca       0x82 C:\Users\xtx\OneDrive - xutongxin (1)\Doc\CH\CH592\EVT\EXAM\BLE\MESH\MESH_LIB\libMESH.a(mesh_cfg_srv.o)
 .text.hb_pub_send_status
                0x000000000000684c       0xbc C:\Users\xtx\OneDrive - xutongxin (1)\Doc\CH\CH592\EVT\EXAM\BLE\MESH\MESH_LIB\libMESH.a(mesh_cfg_srv.o)
 .text.heartbeat_pub_get
                0x0000000000006908       0x1c C:\Users\xtx\OneDrive - xutongxin (1)\Doc\CH\CH592\EVT\EXAM\BLE\MESH\MESH_LIB\libMESH.a(mesh_cfg_srv.o)
 .text.send_mod_sub_status
                0x0000000000006924       0x8e C:\Users\xtx\OneDrive - xutongxin (1)\Doc\CH\CH592\EVT\EXAM\BLE\MESH\MESH_LIB\libMESH.a(mesh_cfg_srv.o)
 .text.krp_set  0x00000000000069b2       0xde C:\Users\xtx\OneDrive - xutongxin (1)\Doc\CH\CH592\EVT\EXAM\BLE\MESH\MESH_LIB\libMESH.a(mesh_cfg_srv.o)
 .text.lpn_timeout_get
                0x0000000000006a90       0xb2 C:\Users\xtx\OneDrive - xutongxin (1)\Doc\CH\CH592\EVT\EXAM\BLE\MESH\MESH_LIB\libMESH.a(mesh_cfg_srv.o)
 .text.node_reset
                0x0000000000006b42       0x56 C:\Users\xtx\OneDrive - xutongxin (1)\Doc\CH\CH592\EVT\EXAM\BLE\MESH\MESH_LIB\libMESH.a(mesh_cfg_srv.o)
 .text.app_key_is_valid
                0x0000000000006b98       0x48 C:\Users\xtx\OneDrive - xutongxin (1)\Doc\CH\CH592\EVT\EXAM\BLE\MESH\MESH_LIB\libMESH.a(mesh_cfg_srv.o)
 .text.va_find  0x0000000000006be0       0x58 C:\Users\xtx\OneDrive - xutongxin (1)\Doc\CH\CH592\EVT\EXAM\BLE\MESH\MESH_LIB\libMESH.a(mesh_cfg_srv.o)
 .text.node_identity_set
                0x0000000000006c38       0xcc C:\Users\xtx\OneDrive - xutongxin (1)\Doc\CH\CH592\EVT\EXAM\BLE\MESH\MESH_LIB\libMESH.a(mesh_cfg_srv.o)
 .text.net_key_update
                0x0000000000006d04       0xe0 C:\Users\xtx\OneDrive - xutongxin (1)\Doc\CH\CH592\EVT\EXAM\BLE\MESH\MESH_LIB\libMESH.a(mesh_cfg_srv.o)
 .text.net_key_add
                0x0000000000006de4       0xee C:\Users\xtx\OneDrive - xutongxin (1)\Doc\CH\CH592\EVT\EXAM\BLE\MESH\MESH_LIB\libMESH.a(mesh_cfg_srv.o)
 .text.mod_sub_get_vnd
                0x0000000000006ed2      0x13a C:\Users\xtx\OneDrive - xutongxin (1)\Doc\CH\CH592\EVT\EXAM\BLE\MESH\MESH_LIB\libMESH.a(mesh_cfg_srv.o)
 .text.mod_sub_get
                0x000000000000700c      0x118 C:\Users\xtx\OneDrive - xutongxin (1)\Doc\CH\CH592\EVT\EXAM\BLE\MESH\MESH_LIB\libMESH.a(mesh_cfg_srv.o)
 .text.cfg_srv_init
                0x0000000000007124       0xba C:\Users\xtx\OneDrive - xutongxin (1)\Doc\CH\CH592\EVT\EXAM\BLE\MESH\MESH_LIB\libMESH.a(mesh_cfg_srv.o)
 .text.hb_publish
                0x00000000000071de       0x30 C:\Users\xtx\OneDrive - xutongxin (1)\Doc\CH\CH592\EVT\EXAM\BLE\MESH\MESH_LIB\libMESH.a(mesh_cfg_srv.o)
 .text.create_mod_app_status.isra.3
                0x000000000000720e       0x6e C:\Users\xtx\OneDrive - xutongxin (1)\Doc\CH\CH592\EVT\EXAM\BLE\MESH\MESH_LIB\libMESH.a(mesh_cfg_srv.o)
 .text.friend_set
                0x000000000000727c       0x7c C:\Users\xtx\OneDrive - xutongxin (1)\Doc\CH\CH592\EVT\EXAM\BLE\MESH\MESH_LIB\libMESH.a(mesh_cfg_srv.o)
 .text.get_model
                0x00000000000072f8       0x4c C:\Users\xtx\OneDrive - xutongxin (1)\Doc\CH\CH592\EVT\EXAM\BLE\MESH\MESH_LIB\libMESH.a(mesh_cfg_srv.o)
 .text.mod_app_get
                0x0000000000007344      0x134 C:\Users\xtx\OneDrive - xutongxin (1)\Doc\CH\CH592\EVT\EXAM\BLE\MESH\MESH_LIB\libMESH.a(mesh_cfg_srv.o)
 .text.mod_app_bind
                0x0000000000007478      0x10a C:\Users\xtx\OneDrive - xutongxin (1)\Doc\CH\CH592\EVT\EXAM\BLE\MESH\MESH_LIB\libMESH.a(mesh_cfg_srv.o)
 .text.mod_sub_del
                0x0000000000007582       0xd8 C:\Users\xtx\OneDrive - xutongxin (1)\Doc\CH\CH592\EVT\EXAM\BLE\MESH\MESH_LIB\libMESH.a(mesh_cfg_srv.o)
 .text.mod_sub_add
                0x000000000000765a       0xf0 C:\Users\xtx\OneDrive - xutongxin (1)\Doc\CH\CH592\EVT\EXAM\BLE\MESH\MESH_LIB\libMESH.a(mesh_cfg_srv.o)
 .text.send_mod_pub_status.isra.8
                0x000000000000774a       0xde C:\Users\xtx\OneDrive - xutongxin (1)\Doc\CH\CH592\EVT\EXAM\BLE\MESH\MESH_LIB\libMESH.a(mesh_cfg_srv.o)
 .text.mod_pub_get
                0x0000000000007828       0x80 C:\Users\xtx\OneDrive - xutongxin (1)\Doc\CH\CH592\EVT\EXAM\BLE\MESH\MESH_LIB\libMESH.a(mesh_cfg_srv.o)
 .text.dev_comp_data_get
                0x00000000000078a8      0x164 C:\Users\xtx\OneDrive - xutongxin (1)\Doc\CH\CH592\EVT\EXAM\BLE\MESH\MESH_LIB\libMESH.a(mesh_cfg_srv.o)
 .text.va_store
                0x0000000000007a0c       0x14 C:\Users\xtx\OneDrive - xutongxin (1)\Doc\CH\CH592\EVT\EXAM\BLE\MESH\MESH_LIB\libMESH.a(mesh_cfg_srv.o)
 .text.va_del   0x0000000000007a20       0x36 C:\Users\xtx\OneDrive - xutongxin (1)\Doc\CH\CH592\EVT\EXAM\BLE\MESH\MESH_LIB\libMESH.a(mesh_cfg_srv.o)
 .text.mod_sub_va_del
                0x0000000000007a56       0xe0 C:\Users\xtx\OneDrive - xutongxin (1)\Doc\CH\CH592\EVT\EXAM\BLE\MESH\MESH_LIB\libMESH.a(mesh_cfg_srv.o)
 .text.va_add   0x0000000000007b36       0x60 C:\Users\xtx\OneDrive - xutongxin (1)\Doc\CH\CH592\EVT\EXAM\BLE\MESH\MESH_LIB\libMESH.a(mesh_cfg_srv.o)
 .text.mod_sub_va_add
                0x0000000000007b96      0x102 C:\Users\xtx\OneDrive - xutongxin (1)\Doc\CH\CH592\EVT\EXAM\BLE\MESH\MESH_LIB\libMESH.a(mesh_cfg_srv.o)
 .text.hb_pwr2.constprop.15
                0x0000000000007c98       0x2a C:\Users\xtx\OneDrive - xutongxin (1)\Doc\CH\CH592\EVT\EXAM\BLE\MESH\MESH_LIB\libMESH.a(mesh_cfg_srv.o)
 .text.hb_start
                0x0000000000007cc2       0x48 C:\Users\xtx\OneDrive - xutongxin (1)\Doc\CH\CH592\EVT\EXAM\BLE\MESH\MESH_LIB\libMESH.a(mesh_cfg_srv.o)
 .text.heartbeat_pub_set
                0x0000000000007d0a      0x12c C:\Users\xtx\OneDrive - xutongxin (1)\Doc\CH\CH592\EVT\EXAM\BLE\MESH\MESH_LIB\libMESH.a(mesh_cfg_srv.o)
 .text.hb_sub_send_status.constprop.13
                0x0000000000007e36       0xde C:\Users\xtx\OneDrive - xutongxin (1)\Doc\CH\CH592\EVT\EXAM\BLE\MESH\MESH_LIB\libMESH.a(mesh_cfg_srv.o)
 .text.heartbeat_sub_get
                0x0000000000007f14       0x18 C:\Users\xtx\OneDrive - xutongxin (1)\Doc\CH\CH592\EVT\EXAM\BLE\MESH\MESH_LIB\libMESH.a(mesh_cfg_srv.o)
 .text.heartbeat_sub_set
                0x0000000000007f2c      0x100 C:\Users\xtx\OneDrive - xutongxin (1)\Doc\CH\CH592\EVT\EXAM\BLE\MESH\MESH_LIB\libMESH.a(mesh_cfg_srv.o)
 .text._set_mesh_configserver_buf
                0x000000000000802c       0x28 C:\Users\xtx\OneDrive - xutongxin (1)\Doc\CH\CH592\EVT\EXAM\BLE\MESH\MESH_LIB\libMESH.a(mesh_cfg_srv.o)
                0x000000000000802c                _set_mesh_configserver_buf
 .text.bt_mesh_relay_init
                0x0000000000008054        0xc C:\Users\xtx\OneDrive - xutongxin (1)\Doc\CH\CH592\EVT\EXAM\BLE\MESH\MESH_LIB\libMESH.a(mesh_cfg_srv.o)
                0x0000000000008054                bt_mesh_relay_init
 .text.bt_mesh_heartbeat
                0x0000000000008060       0x74 C:\Users\xtx\OneDrive - xutongxin (1)\Doc\CH\CH592\EVT\EXAM\BLE\MESH\MESH_LIB\libMESH.a(mesh_cfg_srv.o)
                0x0000000000008060                bt_mesh_heartbeat
 .text.bt_mesh_net_transmit_get
                0x00000000000080d4       0x14 C:\Users\xtx\OneDrive - xutongxin (1)\Doc\CH\CH592\EVT\EXAM\BLE\MESH\MESH_LIB\libMESH.a(mesh_cfg_srv.o)
                0x00000000000080d4                bt_mesh_net_transmit_get
 .text.net_transmit_set
                0x00000000000080e8       0x70 C:\Users\xtx\OneDrive - xutongxin (1)\Doc\CH\CH592\EVT\EXAM\BLE\MESH\MESH_LIB\libMESH.a(mesh_cfg_srv.o)
 .text.net_transmit_get
                0x0000000000008158       0x50 C:\Users\xtx\OneDrive - xutongxin (1)\Doc\CH\CH592\EVT\EXAM\BLE\MESH\MESH_LIB\libMESH.a(mesh_cfg_srv.o)
 .text.bt_mesh_relay_get
                0x00000000000081a8       0x14 C:\Users\xtx\OneDrive - xutongxin (1)\Doc\CH\CH592\EVT\EXAM\BLE\MESH\MESH_LIB\libMESH.a(mesh_cfg_srv.o)
                0x00000000000081a8                bt_mesh_relay_get
 .text.bt_mesh_friend_get
                0x00000000000081bc       0x14 C:\Users\xtx\OneDrive - xutongxin (1)\Doc\CH\CH592\EVT\EXAM\BLE\MESH\MESH_LIB\libMESH.a(mesh_cfg_srv.o)
                0x00000000000081bc                bt_mesh_friend_get
 .text.bt_mesh_relay_retransmit_get
                0x00000000000081d0       0x14 C:\Users\xtx\OneDrive - xutongxin (1)\Doc\CH\CH592\EVT\EXAM\BLE\MESH\MESH_LIB\libMESH.a(mesh_cfg_srv.o)
                0x00000000000081d0                bt_mesh_relay_retransmit_get
 .text.relay_set
                0x00000000000081e4       0xae C:\Users\xtx\OneDrive - xutongxin (1)\Doc\CH\CH592\EVT\EXAM\BLE\MESH\MESH_LIB\libMESH.a(mesh_cfg_srv.o)
 .text.relay_get
                0x0000000000008292       0x5c C:\Users\xtx\OneDrive - xutongxin (1)\Doc\CH\CH592\EVT\EXAM\BLE\MESH\MESH_LIB\libMESH.a(mesh_cfg_srv.o)
 .text.bt_mesh_beacon_get
                0x00000000000082ee       0x14 C:\Users\xtx\OneDrive - xutongxin (1)\Doc\CH\CH592\EVT\EXAM\BLE\MESH\MESH_LIB\libMESH.a(mesh_cfg_srv.o)
                0x00000000000082ee                bt_mesh_beacon_get
 .text.beacon_set
                0x0000000000008302       0x8c C:\Users\xtx\OneDrive - xutongxin (1)\Doc\CH\CH592\EVT\EXAM\BLE\MESH\MESH_LIB\libMESH.a(mesh_cfg_srv.o)
 .text.beacon_get
                0x000000000000838e       0x4e C:\Users\xtx\OneDrive - xutongxin (1)\Doc\CH\CH592\EVT\EXAM\BLE\MESH\MESH_LIB\libMESH.a(mesh_cfg_srv.o)
 .text.bt_mesh_gatt_proxy_get
                0x00000000000083dc       0x14 C:\Users\xtx\OneDrive - xutongxin (1)\Doc\CH\CH592\EVT\EXAM\BLE\MESH\MESH_LIB\libMESH.a(mesh_cfg_srv.o)
                0x00000000000083dc                bt_mesh_gatt_proxy_get
 .text.send_gatt_proxy_status
                0x00000000000083f0       0x42 C:\Users\xtx\OneDrive - xutongxin (1)\Doc\CH\CH592\EVT\EXAM\BLE\MESH\MESH_LIB\libMESH.a(mesh_cfg_srv.o)
 .text.gatt_proxy_get
                0x0000000000008432       0x18 C:\Users\xtx\OneDrive - xutongxin (1)\Doc\CH\CH592\EVT\EXAM\BLE\MESH\MESH_LIB\libMESH.a(mesh_cfg_srv.o)
 .text.gatt_proxy_set
                0x000000000000844a       0x7c C:\Users\xtx\OneDrive - xutongxin (1)\Doc\CH\CH592\EVT\EXAM\BLE\MESH\MESH_LIB\libMESH.a(mesh_cfg_srv.o)
 .text.bt_mesh_default_ttl_get
                0x00000000000084c6       0x14 C:\Users\xtx\OneDrive - xutongxin (1)\Doc\CH\CH592\EVT\EXAM\BLE\MESH\MESH_LIB\libMESH.a(mesh_cfg_srv.o)
                0x00000000000084c6                bt_mesh_default_ttl_get
 .text.default_ttl_set
                0x00000000000084da       0x86 C:\Users\xtx\OneDrive - xutongxin (1)\Doc\CH\CH592\EVT\EXAM\BLE\MESH\MESH_LIB\libMESH.a(mesh_cfg_srv.o)
 .text.default_ttl_get
                0x0000000000008560       0x4e C:\Users\xtx\OneDrive - xutongxin (1)\Doc\CH\CH592\EVT\EXAM\BLE\MESH\MESH_LIB\libMESH.a(mesh_cfg_srv.o)
 .text.bt_mesh_label_uuid_get
                0x00000000000085ae       0x3a C:\Users\xtx\OneDrive - xutongxin (1)\Doc\CH\CH592\EVT\EXAM\BLE\MESH\MESH_LIB\libMESH.a(mesh_cfg_srv.o)
                0x00000000000085ae                bt_mesh_label_uuid_get
 .text._mod_pub_set
                0x00000000000085e8      0x112 C:\Users\xtx\OneDrive - xutongxin (1)\Doc\CH\CH592\EVT\EXAM\BLE\MESH\MESH_LIB\libMESH.a(mesh_cfg_srv.o)
 .text.mod_unbind.part.11
                0x00000000000086fa       0x66 C:\Users\xtx\OneDrive - xutongxin (1)\Doc\CH\CH592\EVT\EXAM\BLE\MESH\MESH_LIB\libMESH.a(mesh_cfg_srv.o)
 .text.mod_app_unbind
                0x0000000000008760       0xc0 C:\Users\xtx\OneDrive - xutongxin (1)\Doc\CH\CH592\EVT\EXAM\BLE\MESH\MESH_LIB\libMESH.a(mesh_cfg_srv.o)
 .text._mod_unbind
                0x0000000000008820       0x2c C:\Users\xtx\OneDrive - xutongxin (1)\Doc\CH\CH592\EVT\EXAM\BLE\MESH\MESH_LIB\libMESH.a(mesh_cfg_srv.o)
 .text.mod_pub_va_set
                0x000000000000884c       0xfe C:\Users\xtx\OneDrive - xutongxin (1)\Doc\CH\CH592\EVT\EXAM\BLE\MESH\MESH_LIB\libMESH.a(mesh_cfg_srv.o)
 .text.mod_pub_set
                0x000000000000894a       0xdc C:\Users\xtx\OneDrive - xutongxin (1)\Doc\CH\CH592\EVT\EXAM\BLE\MESH\MESH_LIB\libMESH.a(mesh_cfg_srv.o)
 .text.mod_sub_list_clear.isra.12
                0x0000000000008a26       0x78 C:\Users\xtx\OneDrive - xutongxin (1)\Doc\CH\CH592\EVT\EXAM\BLE\MESH\MESH_LIB\libMESH.a(mesh_cfg_srv.o)
 .text.mod_sub_del_all
                0x0000000000008a9e       0xae C:\Users\xtx\OneDrive - xutongxin (1)\Doc\CH\CH592\EVT\EXAM\BLE\MESH\MESH_LIB\libMESH.a(mesh_cfg_srv.o)
 .text.mod_sub_va_overwrite
                0x0000000000008b4c       0xf0 C:\Users\xtx\OneDrive - xutongxin (1)\Doc\CH\CH592\EVT\EXAM\BLE\MESH\MESH_LIB\libMESH.a(mesh_cfg_srv.o)
 .text.mod_sub_overwrite
                0x0000000000008c3c       0xe8 C:\Users\xtx\OneDrive - xutongxin (1)\Doc\CH\CH592\EVT\EXAM\BLE\MESH\MESH_LIB\libMESH.a(mesh_cfg_srv.o)
 .text.mod_reset
                0x0000000000008d24       0x32 C:\Users\xtx\OneDrive - xutongxin (1)\Doc\CH\CH592\EVT\EXAM\BLE\MESH\MESH_LIB\libMESH.a(mesh_cfg_srv.o)
 .text.bt_mesh_hb_pub_get
                0x0000000000008d56       0x14 C:\Users\xtx\OneDrive - xutongxin (1)\Doc\CH\CH592\EVT\EXAM\BLE\MESH\MESH_LIB\libMESH.a(mesh_cfg_srv.o)
                0x0000000000008d56                bt_mesh_hb_pub_get
 .text.bt_mesh_cfg_get
                0x0000000000008d6a        0xc C:\Users\xtx\OneDrive - xutongxin (1)\Doc\CH\CH592\EVT\EXAM\BLE\MESH\MESH_LIB\libMESH.a(mesh_cfg_srv.o)
                0x0000000000008d6a                bt_mesh_cfg_get
 .text.key_idx_pack
                0x0000000000008d76       0x2c C:\Users\xtx\OneDrive - xutongxin (1)\Doc\CH\CH592\EVT\EXAM\BLE\MESH\MESH_LIB\libMESH.a(mesh_cfg_srv.o)
                0x0000000000008d76                key_idx_pack
 .text.net_key_get
                0x0000000000008da2       0xa4 C:\Users\xtx\OneDrive - xutongxin (1)\Doc\CH\CH592\EVT\EXAM\BLE\MESH\MESH_LIB\libMESH.a(mesh_cfg_srv.o)
 .text.app_key_get
                0x0000000000008e46       0xd4 C:\Users\xtx\OneDrive - xutongxin (1)\Doc\CH\CH592\EVT\EXAM\BLE\MESH\MESH_LIB\libMESH.a(mesh_cfg_srv.o)
 .text.key_idx_unpack
                0x0000000000008f1a       0x36 C:\Users\xtx\OneDrive - xutongxin (1)\Doc\CH\CH592\EVT\EXAM\BLE\MESH\MESH_LIB\libMESH.a(mesh_cfg_srv.o)
                0x0000000000008f1a                key_idx_unpack
 .text.bt_mesh_app_key_alloc
                0x0000000000008f50       0x3a C:\Users\xtx\OneDrive - xutongxin (1)\Doc\CH\CH592\EVT\EXAM\BLE\MESH\MESH_LIB\libMESH.a(mesh_cfg_srv.o)
                0x0000000000008f50                bt_mesh_app_key_alloc
 .text.app_key_set
                0x0000000000008f8a       0xc4 C:\Users\xtx\OneDrive - xutongxin (1)\Doc\CH\CH592\EVT\EXAM\BLE\MESH\MESH_LIB\libMESH.a(mesh_cfg_srv.o)
 .text.app_key_update
                0x000000000000904e       0x88 C:\Users\xtx\OneDrive - xutongxin (1)\Doc\CH\CH592\EVT\EXAM\BLE\MESH\MESH_LIB\libMESH.a(mesh_cfg_srv.o)
 .text.app_key_add
                0x00000000000090d6       0x86 C:\Users\xtx\OneDrive - xutongxin (1)\Doc\CH\CH592\EVT\EXAM\BLE\MESH\MESH_LIB\libMESH.a(mesh_cfg_srv.o)
 .text.get_label
                0x000000000000915c        0xc C:\Users\xtx\OneDrive - xutongxin (1)\Doc\CH\CH592\EVT\EXAM\BLE\MESH\MESH_LIB\libMESH.a(mesh_cfg_srv.o)
                0x000000000000915c                get_label
 .text.bt_mesh_app_key_del
                0x0000000000009168       0x46 C:\Users\xtx\OneDrive - xutongxin (1)\Doc\CH\CH592\EVT\EXAM\BLE\MESH\MESH_LIB\libMESH.a(mesh_cfg_srv.o)
                0x0000000000009168                bt_mesh_app_key_del
 .text.app_key_del
                0x00000000000091ae       0xa2 C:\Users\xtx\OneDrive - xutongxin (1)\Doc\CH\CH592\EVT\EXAM\BLE\MESH\MESH_LIB\libMESH.a(mesh_cfg_srv.o)
 .text.bt_mesh_subnet_del
                0x0000000000009250       0xa0 C:\Users\xtx\OneDrive - xutongxin (1)\Doc\CH\CH592\EVT\EXAM\BLE\MESH\MESH_LIB\libMESH.a(mesh_cfg_srv.o)
                0x0000000000009250                bt_mesh_subnet_del
 .text.net_key_del
                0x00000000000092f0       0x64 C:\Users\xtx\OneDrive - xutongxin (1)\Doc\CH\CH592\EVT\EXAM\BLE\MESH\MESH_LIB\libMESH.a(mesh_cfg_srv.o)
 .text.bt_mesh_cfg_reset
                0x0000000000009354       0x6c C:\Users\xtx\OneDrive - xutongxin (1)\Doc\CH\CH592\EVT\EXAM\BLE\MESH\MESH_LIB\libMESH.a(mesh_cfg_srv.o)
                0x0000000000009354                bt_mesh_cfg_reset
 .text.sys_put_be32
                0x00000000000093c0       0x22 C:\Users\xtx\OneDrive - xutongxin (1)\Doc\CH\CH592\EVT\EXAM\BLE\MESH\MESH_LIB\libMESH.a(mesh_crypto.o)
 .text.create_net_nonce
                0x00000000000093e2       0x4e C:\Users\xtx\OneDrive - xutongxin (1)\Doc\CH\CH592\EVT\EXAM\BLE\MESH\MESH_LIB\libMESH.a(mesh_crypto.o)
 .text.uECC_RNG_CB
                0x0000000000009430       0x64 C:\Users\xtx\OneDrive - xutongxin (1)\Doc\CH\CH592\EVT\EXAM\BLE\MESH\MESH_LIB\libMESH.a(mesh_crypto.o)
 .text._copy    0x0000000000009494       0x26 C:\Users\xtx\OneDrive - xutongxin (1)\Doc\CH\CH592\EVT\EXAM\BLE\MESH\MESH_LIB\libMESH.a(mesh_crypto.o)
                0x0000000000009494                _copy
 .text.gf_double
                0x00000000000094ba       0x2e C:\Users\xtx\OneDrive - xutongxin (1)\Doc\CH\CH592\EVT\EXAM\BLE\MESH\MESH_LIB\libMESH.a(mesh_crypto.o)
                0x00000000000094ba                gf_double
 .text.tc_aes_encrypt
                0x00000000000094e8       0x16 C:\Users\xtx\OneDrive - xutongxin (1)\Doc\CH\CH592\EVT\EXAM\BLE\MESH\MESH_LIB\libMESH.a(mesh_crypto.o)
                0x00000000000094e8                tc_aes_encrypt
 .text.tc_aes128_set_encrypt_key
                0x00000000000094fe       0x1e C:\Users\xtx\OneDrive - xutongxin (1)\Doc\CH\CH592\EVT\EXAM\BLE\MESH\MESH_LIB\libMESH.a(mesh_crypto.o)
                0x00000000000094fe                tc_aes128_set_encrypt_key
 .text.tc_cmac_init
                0x000000000000951c       0x32 C:\Users\xtx\OneDrive - xutongxin (1)\Doc\CH\CH592\EVT\EXAM\BLE\MESH\MESH_LIB\libMESH.a(mesh_crypto.o)
                0x000000000000951c                tc_cmac_init
 .text.tc_cmac_setup
                0x000000000000954e       0x60 C:\Users\xtx\OneDrive - xutongxin (1)\Doc\CH\CH592\EVT\EXAM\BLE\MESH\MESH_LIB\libMESH.a(mesh_crypto.o)
                0x000000000000954e                tc_cmac_setup
 .text.bt_mesh_rand
                0x00000000000095ae       0x64 C:\Users\xtx\OneDrive - xutongxin (1)\Doc\CH\CH592\EVT\EXAM\BLE\MESH\MESH_LIB\libMESH.a(mesh_crypto.o)
                0x00000000000095ae                bt_mesh_rand
 .text.tc_cmac_update
                0x0000000000009612       0xe0 C:\Users\xtx\OneDrive - xutongxin (1)\Doc\CH\CH592\EVT\EXAM\BLE\MESH\MESH_LIB\libMESH.a(mesh_crypto.o)
                0x0000000000009612                tc_cmac_update
 .text.tc_cmac_erase
                0x00000000000096f2       0x1a C:\Users\xtx\OneDrive - xutongxin (1)\Doc\CH\CH592\EVT\EXAM\BLE\MESH\MESH_LIB\libMESH.a(mesh_crypto.o)
                0x00000000000096f2                tc_cmac_erase
 .text.tc_cmac_final
                0x000000000000970c       0x7c C:\Users\xtx\OneDrive - xutongxin (1)\Doc\CH\CH592\EVT\EXAM\BLE\MESH\MESH_LIB\libMESH.a(mesh_crypto.o)
                0x000000000000970c                tc_cmac_final
 .text.bt_mesh_aes_cmac
                0x0000000000009788       0x42 C:\Users\xtx\OneDrive - xutongxin (1)\Doc\CH\CH592\EVT\EXAM\BLE\MESH\MESH_LIB\libMESH.a(mesh_crypto.o)
                0x0000000000009788                bt_mesh_aes_cmac
 .text.bt_mesh_aes_cmac_one
                0x00000000000097ca       0x18 C:\Users\xtx\OneDrive - xutongxin (1)\Doc\CH\CH592\EVT\EXAM\BLE\MESH\MESH_LIB\libMESH.a(mesh_crypto.o)
 .text.bt_mesh_s1
                0x00000000000097e2       0x2c C:\Users\xtx\OneDrive - xutongxin (1)\Doc\CH\CH592\EVT\EXAM\BLE\MESH\MESH_LIB\libMESH.a(mesh_crypto.o)
 .text.bt_mesh_beacon_auth
                0x000000000000980e       0x4e C:\Users\xtx\OneDrive - xutongxin (1)\Doc\CH\CH592\EVT\EXAM\BLE\MESH\MESH_LIB\libMESH.a(mesh_crypto.o)
                0x000000000000980e                bt_mesh_beacon_auth
 .text.bt_encrypt_be
                0x000000000000985c       0x2c C:\Users\xtx\OneDrive - xutongxin (1)\Doc\CH\CH592\EVT\EXAM\BLE\MESH\MESH_LIB\libMESH.a(mesh_crypto.o)
                0x000000000000985c                bt_encrypt_be
 .text.bt_mesh_ccm_encrypt
                0x0000000000009888      0x2b8 C:\Users\xtx\OneDrive - xutongxin (1)\Doc\CH\CH592\EVT\EXAM\BLE\MESH\MESH_LIB\libMESH.a(mesh_crypto.o)
 .text.bt_mesh_ccm_decrypt
                0x0000000000009b40      0x2e0 C:\Users\xtx\OneDrive - xutongxin (1)\Doc\CH\CH592\EVT\EXAM\BLE\MESH\MESH_LIB\libMESH.a(mesh_crypto.o)
 .text.bt_mesh_net_obfuscate
                0x0000000000009e20       0x5a C:\Users\xtx\OneDrive - xutongxin (1)\Doc\CH\CH592\EVT\EXAM\BLE\MESH\MESH_LIB\libMESH.a(mesh_crypto.o)
                0x0000000000009e20                bt_mesh_net_obfuscate
 .text.bt_mesh_net_encrypt
                0x0000000000009e7a       0xac C:\Users\xtx\OneDrive - xutongxin (1)\Doc\CH\CH592\EVT\EXAM\BLE\MESH\MESH_LIB\libMESH.a(mesh_crypto.o)
                0x0000000000009e7a                bt_mesh_net_encrypt
 .text.bt_mesh_net_decrypt
                0x0000000000009f26       0xa8 C:\Users\xtx\OneDrive - xutongxin (1)\Doc\CH\CH592\EVT\EXAM\BLE\MESH\MESH_LIB\libMESH.a(mesh_crypto.o)
                0x0000000000009f26                bt_mesh_net_decrypt
 .text.bt_mesh_app_encrypt
                0x0000000000009fce       0x8a C:\Users\xtx\OneDrive - xutongxin (1)\Doc\CH\CH592\EVT\EXAM\BLE\MESH\MESH_LIB\libMESH.a(mesh_crypto.o)
                0x0000000000009fce                bt_mesh_app_encrypt
 .text.bt_mesh_app_decrypt
                0x000000000000a058       0x8a C:\Users\xtx\OneDrive - xutongxin (1)\Doc\CH\CH592\EVT\EXAM\BLE\MESH\MESH_LIB\libMESH.a(mesh_crypto.o)
                0x000000000000a058                bt_mesh_app_decrypt
 .text.bt_mesh_fcs_calc
                0x000000000000a0e2       0x2c C:\Users\xtx\OneDrive - xutongxin (1)\Doc\CH\CH592\EVT\EXAM\BLE\MESH\MESH_LIB\libMESH.a(mesh_crypto.o)
                0x000000000000a0e2                bt_mesh_fcs_calc
 .text.bt_mesh_fcs_check
                0x000000000000a10e       0x44 C:\Users\xtx\OneDrive - xutongxin (1)\Doc\CH\CH592\EVT\EXAM\BLE\MESH\MESH_LIB\libMESH.a(mesh_crypto.o)
                0x000000000000a10e                bt_mesh_fcs_check
 .text.bt_mesh_k1
                0x000000000000a152       0x30 C:\Users\xtx\OneDrive - xutongxin (1)\Doc\CH\CH592\EVT\EXAM\BLE\MESH\MESH_LIB\libMESH.a(mesh_crypto.o)
                0x000000000000a152                bt_mesh_k1
 .text.bt_mesh_k2
                0x000000000000a182       0xb8 C:\Users\xtx\OneDrive - xutongxin (1)\Doc\CH\CH592\EVT\EXAM\BLE\MESH\MESH_LIB\libMESH.a(mesh_crypto.o)
                0x000000000000a182                bt_mesh_k2
 .text.bt_mesh_k3
                0x000000000000a23a       0x62 C:\Users\xtx\OneDrive - xutongxin (1)\Doc\CH\CH592\EVT\EXAM\BLE\MESH\MESH_LIB\libMESH.a(mesh_crypto.o)
                0x000000000000a23a                bt_mesh_k3
 .text.bt_mesh_k4
                0x000000000000a29c       0x54 C:\Users\xtx\OneDrive - xutongxin (1)\Doc\CH\CH592\EVT\EXAM\BLE\MESH\MESH_LIB\libMESH.a(mesh_crypto.o)
                0x000000000000a29c                bt_mesh_k4
 .text.bt_mesh_prov_encrypt
                0x000000000000a2f0       0x16 C:\Users\xtx\OneDrive - xutongxin (1)\Doc\CH\CH592\EVT\EXAM\BLE\MESH\MESH_LIB\libMESH.a(mesh_crypto.o)
                0x000000000000a2f0                bt_mesh_prov_encrypt
 .text.bt_mesh_prov_decrypt
                0x000000000000a306       0x16 C:\Users\xtx\OneDrive - xutongxin (1)\Doc\CH\CH592\EVT\EXAM\BLE\MESH\MESH_LIB\libMESH.a(mesh_crypto.o)
                0x000000000000a306                bt_mesh_prov_decrypt
 .text.bt_mesh_id128
                0x000000000000a31c       0x2e C:\Users\xtx\OneDrive - xutongxin (1)\Doc\CH\CH592\EVT\EXAM\BLE\MESH\MESH_LIB\libMESH.a(mesh_crypto.o)
                0x000000000000a31c                bt_mesh_id128
 .text.bt_mesh_prov_conf
                0x000000000000a34a       0x1e C:\Users\xtx\OneDrive - xutongxin (1)\Doc\CH\CH592\EVT\EXAM\BLE\MESH\MESH_LIB\libMESH.a(mesh_crypto.o)
                0x000000000000a34a                bt_mesh_prov_conf
 .text.bt_mesh_prov_conf_salt
                0x000000000000a368       0x22 C:\Users\xtx\OneDrive - xutongxin (1)\Doc\CH\CH592\EVT\EXAM\BLE\MESH\MESH_LIB\libMESH.a(mesh_crypto.o)
                0x000000000000a368                bt_mesh_prov_conf_salt
 .text.bt_mesh_prov_conf_key
                0x000000000000a38a       0x1c C:\Users\xtx\OneDrive - xutongxin (1)\Doc\CH\CH592\EVT\EXAM\BLE\MESH\MESH_LIB\libMESH.a(mesh_crypto.o)
                0x000000000000a38a                bt_mesh_prov_conf_key
 .text.bt_mesh_prov_salt
                0x000000000000a3a6       0x2c C:\Users\xtx\OneDrive - xutongxin (1)\Doc\CH\CH592\EVT\EXAM\BLE\MESH\MESH_LIB\libMESH.a(mesh_crypto.o)
                0x000000000000a3a6                bt_mesh_prov_salt
 .text.bt_mesh_virtual_addr
                0x000000000000a3d2       0x46 C:\Users\xtx\OneDrive - xutongxin (1)\Doc\CH\CH592\EVT\EXAM\BLE\MESH\MESH_LIB\libMESH.a(mesh_crypto.o)
                0x000000000000a3d2                bt_mesh_virtual_addr
 .text.bt_mesh_pub_key_get_alt
                0x000000000000a418       0x3a C:\Users\xtx\OneDrive - xutongxin (1)\Doc\CH\CH592\EVT\EXAM\BLE\MESH\MESH_LIB\libMESH.a(mesh_crypto.o)
                0x000000000000a418                bt_mesh_pub_key_get_alt
 .text.bt_mesh_dh_key_gen_alt
                0x000000000000a452       0x32 C:\Users\xtx\OneDrive - xutongxin (1)\Doc\CH\CH592\EVT\EXAM\BLE\MESH\MESH_LIB\libMESH.a(mesh_crypto.o)
                0x000000000000a452                bt_mesh_dh_key_gen_alt
 .text.ble_sm_alg_ecc_init
                0x000000000000a484       0x20 C:\Users\xtx\OneDrive - xutongxin (1)\Doc\CH\CH592\EVT\EXAM\BLE\MESH\MESH_LIB\libMESH.a(mesh_crypto.o)
                0x000000000000a484                ble_sm_alg_ecc_init
 .text.friend_adv_alloc
                0x000000000000a4a4       0x18 C:\Users\xtx\OneDrive - xutongxin (1)\Doc\CH\CH592\EVT\EXAM\BLE\MESH\MESH_LIB\libMESH.a(mesh_friend.o)
 .text.purge_buffers
                0x000000000000a4bc       0x2e C:\Users\xtx\OneDrive - xutongxin (1)\Doc\CH\CH592\EVT\EXAM\BLE\MESH\MESH_LIB\libMESH.a(mesh_friend.o)
 .text.friend_clear
                0x000000000000a4ea       0x96 C:\Users\xtx\OneDrive - xutongxin (1)\Doc\CH\CH592\EVT\EXAM\BLE\MESH\MESH_LIB\libMESH.a(mesh_friend.o)
 .text.friend_lpn_matches
                0x000000000000a580       0x76 C:\Users\xtx\OneDrive - xutongxin (1)\Doc\CH\CH592\EVT\EXAM\BLE\MESH\MESH_LIB\libMESH.a(mesh_friend.o)
 .text.create_friend_pdu.isra.10
                0x000000000000a5f6       0x94 C:\Users\xtx\OneDrive - xutongxin (1)\Doc\CH\CH592\EVT\EXAM\BLE\MESH\MESH_LIB\libMESH.a(mesh_friend.o)
 .text.encode_friend_ctl.isra.12
                0x000000000000a68a       0x56 C:\Users\xtx\OneDrive - xutongxin (1)\Doc\CH\CH592\EVT\EXAM\BLE\MESH\MESH_LIB\libMESH.a(mesh_friend.o)
 .text.is_seg   0x000000000000a6e0       0x66 C:\Users\xtx\OneDrive - xutongxin (1)\Doc\CH\CH592\EVT\EXAM\BLE\MESH\MESH_LIB\libMESH.a(mesh_friend.o)
 .text.friend_queue_has_space.isra.5.part.6
                0x000000000000a746       0x5a C:\Users\xtx\OneDrive - xutongxin (1)\Doc\CH\CH592\EVT\EXAM\BLE\MESH\MESH_LIB\libMESH.a(mesh_friend.o)
 .text.enqueue_update.constprop.21
                0x000000000000a7a0       0x9c C:\Users\xtx\OneDrive - xutongxin (1)\Doc\CH\CH592\EVT\EXAM\BLE\MESH\MESH_LIB\libMESH.a(mesh_friend.o)
 .text._set_mesh_friend_buf
                0x000000000000a83c       0x98 C:\Users\xtx\OneDrive - xutongxin (1)\Doc\CH\CH592\EVT\EXAM\BLE\MESH\MESH_LIB\libMESH.a(mesh_friend.o)
                0x000000000000a83c                _set_mesh_friend_buf
 .text.bt_mesh_friend_match
                0x000000000000a8d4       0x40 C:\Users\xtx\OneDrive - xutongxin (1)\Doc\CH\CH592\EVT\EXAM\BLE\MESH\MESH_LIB\libMESH.a(mesh_friend.o)
                0x000000000000a8d4                bt_mesh_friend_match
 .text.bt_mesh_friend_queue_has_space
                0x000000000000a914       0x68 C:\Users\xtx\OneDrive - xutongxin (1)\Doc\CH\CH592\EVT\EXAM\BLE\MESH\MESH_LIB\libMESH.a(mesh_friend.o)
                0x000000000000a914                bt_mesh_friend_queue_has_space
 .text.bt_mesh_friend_find
                0x000000000000a97c       0x7a C:\Users\xtx\OneDrive - xutongxin (1)\Doc\CH\CH592\EVT\EXAM\BLE\MESH\MESH_LIB\libMESH.a(mesh_friend.o)
                0x000000000000a97c                bt_mesh_friend_find
 .text.bt_mesh_friend_clear_net_idx
                0x000000000000a9f6       0x46 C:\Users\xtx\OneDrive - xutongxin (1)\Doc\CH\CH592\EVT\EXAM\BLE\MESH\MESH_LIB\libMESH.a(mesh_friend.o)
                0x000000000000a9f6                bt_mesh_friend_clear_net_idx
 .text.bt_mesh_friend_clear_incomplete
                0x000000000000aa3c       0x7e C:\Users\xtx\OneDrive - xutongxin (1)\Doc\CH\CH592\EVT\EXAM\BLE\MESH\MESH_LIB\libMESH.a(mesh_friend.o)
                0x000000000000aa3c                bt_mesh_friend_clear_incomplete
 .text.bt_mesh_friend_sec_update
                0x000000000000aaba       0xcc C:\Users\xtx\OneDrive - xutongxin (1)\Doc\CH\CH592\EVT\EXAM\BLE\MESH\MESH_LIB\libMESH.a(mesh_friend.o)
                0x000000000000aaba                bt_mesh_friend_sec_update
 .text.hal_rx_real
                0x000000000000ab86       0x32 C:\Users\xtx\OneDrive - xutongxin (1)\Doc\CH\CH592\EVT\EXAM\BLE\MESH\MESH_LIB\libMESH.a(mesh_hal_rf.o)
 .text.next_channel
                0x000000000000abb8       0x8a C:\Users\xtx\OneDrive - xutongxin (1)\Doc\CH\CH592\EVT\EXAM\BLE\MESH\MESH_LIB\libMESH.a(mesh_hal_rf.o)
 .text.rx_req_process
                0x000000000000ac42       0x8a C:\Users\xtx\OneDrive - xutongxin (1)\Doc\CH\CH592\EVT\EXAM\BLE\MESH\MESH_LIB\libMESH.a(mesh_hal_rf.o)
 .text.hal_rf_ntf_cb
                0x000000000000accc       0xb6 C:\Users\xtx\OneDrive - xutongxin (1)\Doc\CH\CH592\EVT\EXAM\BLE\MESH\MESH_LIB\libMESH.a(mesh_hal_rf.o)
 .text.first_remove.part.3
                0x000000000000ad82       0x3e C:\Users\xtx\OneDrive - xutongxin (1)\Doc\CH\CH592\EVT\EXAM\BLE\MESH\MESH_LIB\libMESH.a(mesh_hal_rf.o)
 .text.tx_timeout_process
                0x000000000000adc0       0x4a C:\Users\xtx\OneDrive - xutongxin (1)\Doc\CH\CH592\EVT\EXAM\BLE\MESH\MESH_LIB\libMESH.a(mesh_hal_rf.o)
 .text.hal_rf_set_rx_cb
                0x000000000000ae0a        0xa C:\Users\xtx\OneDrive - xutongxin (1)\Doc\CH\CH592\EVT\EXAM\BLE\MESH\MESH_LIB\libMESH.a(mesh_hal_rf.o)
                0x000000000000ae0a                hal_rf_set_rx_cb
 .text.tx_req_process
                0x000000000000ae14       0xd6 C:\Users\xtx\OneDrive - xutongxin (1)\Doc\CH\CH592\EVT\EXAM\BLE\MESH\MESH_LIB\libMESH.a(mesh_hal_rf.o)
 .text.rf_process_evt
                0x000000000000aeea      0x1ee C:\Users\xtx\OneDrive - xutongxin (1)\Doc\CH\CH592\EVT\EXAM\BLE\MESH\MESH_LIB\libMESH.a(mesh_hal_rf.o)
 .text.hal_rf_init
                0x000000000000b0d8       0x8a C:\Users\xtx\OneDrive - xutongxin (1)\Doc\CH\CH592\EVT\EXAM\BLE\MESH\MESH_LIB\libMESH.a(mesh_hal_rf.o)
                0x000000000000b0d8                hal_rf_init
 .text.hal_rf_rx_start
                0x000000000000b162       0xaa C:\Users\xtx\OneDrive - xutongxin (1)\Doc\CH\CH592\EVT\EXAM\BLE\MESH\MESH_LIB\libMESH.a(mesh_hal_rf.o)
                0x000000000000b162                hal_rf_rx_start
 .text.hal_rf_rx_cancel
                0x000000000000b20c       0x58 C:\Users\xtx\OneDrive - xutongxin (1)\Doc\CH\CH592\EVT\EXAM\BLE\MESH\MESH_LIB\libMESH.a(mesh_hal_rf.o)
                0x000000000000b20c                hal_rf_rx_cancel
 .text.hal_rf_tx_send
                0x000000000000b264       0x64 C:\Users\xtx\OneDrive - xutongxin (1)\Doc\CH\CH592\EVT\EXAM\BLE\MESH\MESH_LIB\libMESH.a(mesh_hal_rf.o)
                0x000000000000b264                hal_rf_tx_send
 .text.cli_reset
                0x000000000000b2c8       0x20 C:\Users\xtx\OneDrive - xutongxin (1)\Doc\CH\CH592\EVT\EXAM\BLE\MESH\MESH_LIB\libMESH.a(mesh_health_cli.o)
 .text.cfg_rsp_recv
                0x000000000000b2e8       0x30 C:\Users\xtx\OneDrive - xutongxin (1)\Doc\CH\CH592\EVT\EXAM\BLE\MESH\MESH_LIB\libMESH.a(mesh_health_cli.o)
 .text.health_current_status
                0x000000000000b318       0x3c C:\Users\xtx\OneDrive - xutongxin (1)\Doc\CH\CH592\EVT\EXAM\BLE\MESH\MESH_LIB\libMESH.a(mesh_health_cli.o)
 .text.health_cli_init
                0x000000000000b354       0x38 C:\Users\xtx\OneDrive - xutongxin (1)\Doc\CH\CH592\EVT\EXAM\BLE\MESH\MESH_LIB\libMESH.a(mesh_health_cli.o)
 .text.sync_handler
                0x000000000000b38c       0x20 C:\Users\xtx\OneDrive - xutongxin (1)\Doc\CH\CH592\EVT\EXAM\BLE\MESH\MESH_LIB\libMESH.a(mesh_health_cli.o)
 .text.health_attention_status
                0x000000000000b3ac       0x34 C:\Users\xtx\OneDrive - xutongxin (1)\Doc\CH\CH592\EVT\EXAM\BLE\MESH\MESH_LIB\libMESH.a(mesh_health_cli.o)
 .text.health_period_status
                0x000000000000b3e0       0x36 C:\Users\xtx\OneDrive - xutongxin (1)\Doc\CH\CH592\EVT\EXAM\BLE\MESH\MESH_LIB\libMESH.a(mesh_health_cli.o)
 .text.health_fault_status
                0x000000000000b416       0x48 C:\Users\xtx\OneDrive - xutongxin (1)\Doc\CH\CH592\EVT\EXAM\BLE\MESH\MESH_LIB\libMESH.a(mesh_health_cli.o)
 .text.attention_off
                0x000000000000b45e       0x20 C:\Users\xtx\OneDrive - xutongxin (1)\Doc\CH\CH592\EVT\EXAM\BLE\MESH\MESH_LIB\libMESH.a(mesh_health_srv.o)
 .text.health_period_set_unack
                0x000000000000b47e       0x28 C:\Users\xtx\OneDrive - xutongxin (1)\Doc\CH\CH592\EVT\EXAM\BLE\MESH\MESH_LIB\libMESH.a(mesh_health_srv.o)
 .text.send_attention_status
                0x000000000000b4a6       0x56 C:\Users\xtx\OneDrive - xutongxin (1)\Doc\CH\CH592\EVT\EXAM\BLE\MESH\MESH_LIB\libMESH.a(mesh_health_srv.o)
 .text.attention_get
                0x000000000000b4fc        0xc C:\Users\xtx\OneDrive - xutongxin (1)\Doc\CH\CH592\EVT\EXAM\BLE\MESH\MESH_LIB\libMESH.a(mesh_health_srv.o)
 .text.send_health_period_status